Archive member included to satisfy reference by file (symbol)

d:/download/gcc-arm-none-eabi/bin/../lib/gcc/arm-none-eabi/7.3.1/thumb/v7e-m/fpv4-sp/hard\libgcc.a(_arm_addsubdf3.o)
                              CMakeFiles/VET6.elf.dir/Core/App/pid/pid.c.obj (__aeabi_dadd)
d:/download/gcc-arm-none-eabi/bin/../lib/gcc/arm-none-eabi/7.3.1/thumb/v7e-m/fpv4-sp/hard\libgcc.a(_arm_muldivdf3.o)
                              CMakeFiles/VET6.elf.dir/Core/App/pid/pid.c.obj (__aeabi_dmul)
d:/download/gcc-arm-none-eabi/bin/../lib/gcc/arm-none-eabi/7.3.1/thumb/v7e-m/fpv4-sp/hard\libgcc.a(_arm_fixdfsi.o)
                              CMakeFiles/VET6.elf.dir/Core/App/encoder/encoder.c.obj (__aeabi_d2iz)
d:/download/gcc-arm-none-eabi/bin/../lib/gcc/arm-none-eabi/7.3.1/thumb/v7e-m/fpv4-sp/hard\libgcc.a(_arm_truncdfsf2.o)
                              CMakeFiles/VET6.elf.dir/Core/App/pid/pid.c.obj (__aeabi_d2f)
d:/download/gcc-arm-none-eabi/bin/../lib/gcc/arm-none-eabi/7.3.1/thumb/v7e-m/fpv4-sp/hard\libgcc.a(_aeabi_uldivmod.o)
                              CMakeFiles/VET6.elf.dir/Drivers/STM32F4xx_HAL_Driver/Src/stm32f4xx_hal_rcc.c.obj (__aeabi_uldivmod)
d:/download/gcc-arm-none-eabi/bin/../lib/gcc/arm-none-eabi/7.3.1/thumb/v7e-m/fpv4-sp/hard\libgcc.a(_udivmoddi4.o)
                              d:/download/gcc-arm-none-eabi/bin/../lib/gcc/arm-none-eabi/7.3.1/thumb/v7e-m/fpv4-sp/hard\libgcc.a(_aeabi_uldivmod.o) (__udivmoddi4)
d:/download/gcc-arm-none-eabi/bin/../lib/gcc/arm-none-eabi/7.3.1/thumb/v7e-m/fpv4-sp/hard\libgcc.a(unwind-arm.o)
                              CMakeFiles/VET6.elf.dir/Core/Hard/JY901s/JY901s.cpp.obj (__aeabi_unwind_cpp_pr0)
d:/download/gcc-arm-none-eabi/bin/../lib/gcc/arm-none-eabi/7.3.1/thumb/v7e-m/fpv4-sp/hard\libgcc.a(libunwind.o)
                              d:/download/gcc-arm-none-eabi/bin/../lib/gcc/arm-none-eabi/7.3.1/thumb/v7e-m/fpv4-sp/hard\libgcc.a(unwind-arm.o) (restore_core_regs)
d:/download/gcc-arm-none-eabi/bin/../lib/gcc/arm-none-eabi/7.3.1/thumb/v7e-m/fpv4-sp/hard\libgcc.a(pr-support.o)
                              d:/download/gcc-arm-none-eabi/bin/../lib/gcc/arm-none-eabi/7.3.1/thumb/v7e-m/fpv4-sp/hard\libgcc.a(unwind-arm.o) (__gnu_unwind_execute)
d:/download/gcc-arm-none-eabi/bin/../lib/gcc/arm-none-eabi/7.3.1/thumb/v7e-m/fpv4-sp/hard\libgcc.a(_dvmd_tls.o)
                              d:/download/gcc-arm-none-eabi/bin/../lib/gcc/arm-none-eabi/7.3.1/thumb/v7e-m/fpv4-sp/hard\libgcc.a(_aeabi_uldivmod.o) (__aeabi_ldiv0)
d:/download/gcc-arm-none-eabi/bin/../lib/gcc/arm-none-eabi/7.3.1/../../../../arm-none-eabi/lib/thumb/v7e-m/fpv4-sp/hard\libg.a(lib_a-abort.o)
                              d:/download/gcc-arm-none-eabi/bin/../lib/gcc/arm-none-eabi/7.3.1/thumb/v7e-m/fpv4-sp/hard\libgcc.a(unwind-arm.o) (abort)
d:/download/gcc-arm-none-eabi/bin/../lib/gcc/arm-none-eabi/7.3.1/../../../../arm-none-eabi/lib/thumb/v7e-m/fpv4-sp/hard\libg.a(lib_a-errno.o)
                              CMakeFiles/VET6.elf.dir/Core/Hard/retarget/retarget.c.obj (__errno)
d:/download/gcc-arm-none-eabi/bin/../lib/gcc/arm-none-eabi/7.3.1/../../../../arm-none-eabi/lib/thumb/v7e-m/fpv4-sp/hard\libg.a(lib_a-exit.o)
                              d:/download/gcc-arm-none-eabi/bin/../lib/gcc/arm-none-eabi/7.3.1/../../../../arm-none-eabi/lib/thumb/v7e-m/fpv4-sp/hard/crt0.o (exit)
d:/download/gcc-arm-none-eabi/bin/../lib/gcc/arm-none-eabi/7.3.1/../../../../arm-none-eabi/lib/thumb/v7e-m/fpv4-sp/hard\libg.a(lib_a-impure.o)
                              d:/download/gcc-arm-none-eabi/bin/../lib/gcc/arm-none-eabi/7.3.1/../../../../arm-none-eabi/lib/thumb/v7e-m/fpv4-sp/hard\libg.a(lib_a-exit.o) (_global_impure_ptr)
d:/download/gcc-arm-none-eabi/bin/../lib/gcc/arm-none-eabi/7.3.1/../../../../arm-none-eabi/lib/thumb/v7e-m/fpv4-sp/hard\libg.a(lib_a-init.o)
                              d:/download/gcc-arm-none-eabi/bin/../lib/gcc/arm-none-eabi/7.3.1/../../../../arm-none-eabi/lib/thumb/v7e-m/fpv4-sp/hard/crt0.o (__libc_init_array)
d:/download/gcc-arm-none-eabi/bin/../lib/gcc/arm-none-eabi/7.3.1/../../../../arm-none-eabi/lib/thumb/v7e-m/fpv4-sp/hard\libg.a(lib_a-memcpy.o)
                              CMakeFiles/VET6.elf.dir/Core/Lib/3rdParty/wit_c_sdk/wit_c_sdk.c.obj (memcpy)
d:/download/gcc-arm-none-eabi/bin/../lib/gcc/arm-none-eabi/7.3.1/../../../../arm-none-eabi/lib/thumb/v7e-m/fpv4-sp/hard\libg.a(lib_a-memset.o)
                              d:/download/gcc-arm-none-eabi/bin/../lib/gcc/arm-none-eabi/7.3.1/../../../../arm-none-eabi/lib/thumb/v7e-m/fpv4-sp/hard/crt0.o (memset)
d:/download/gcc-arm-none-eabi/bin/../lib/gcc/arm-none-eabi/7.3.1/../../../../arm-none-eabi/lib/thumb/v7e-m/fpv4-sp/hard\libg.a(lib_a-printf.o)
                              CMakeFiles/VET6.elf.dir/Core/App/bluetooth/bluetooth.c.obj (printf)
d:/download/gcc-arm-none-eabi/bin/../lib/gcc/arm-none-eabi/7.3.1/../../../../arm-none-eabi/lib/thumb/v7e-m/fpv4-sp/hard\libg.a(lib_a-puts.o)
[...]
Memory Configuration

Name             Origin             Length             Attributes
CCMRAM           0x10000000         0x00010000         xrw
RAM              0x20000000         0x00020000         xrw
FLASH            0x08000000         0x00080000         xr
*default*        0x00000000         0xffffffff

Linker script and memory map

LOAD d:/download/gcc-arm-none-eabi/bin/../lib/gcc/arm-none-eabi/7.3.1/thumb/v7e-m/fpv4-sp/hard/crti.o
LOAD d:/download/gcc-arm-none-eabi/bin/../lib/gcc/arm-none-eabi/7.3.1/thumb/v7e-m/fpv4-sp/hard/crtbegin.o
LOAD d:/download/gcc-arm-none-eabi/bin/../lib/gcc/arm-none-eabi/7.3.1/../../../../arm-none-eabi/lib/thumb/v7e-m/fpv4-sp/hard/crt0.o
LOAD CMakeFiles/VET6.elf.dir/Core/App/actuators/actuators.c.obj
LOAD CMakeFiles/VET6.elf.dir/Core/App/autosweep/autosweep.c.obj
LOAD CMakeFiles/VET6.elf.dir/Core/App/avoiding/avoiding.c.obj
LOAD CMakeFiles/VET6.elf.dir/Core/App/bluetooth/bluetooth.c.obj
LOAD CMakeFiles/VET6.elf.dir/Core/App/commander/commander.c.obj
LOAD CMakeFiles/VET6.elf.dir/Core/App/encoder/encoder.c.obj
LOAD CMakeFiles/VET6.elf.dir/Core/App/fall_prevention/fall_prevention.c.obj
LOAD CMakeFiles/VET6.elf.dir/Core/App/move/move.c.obj
LOAD CMakeFiles/VET6.elf.dir/Core/App/pid/pid.c.obj
LOAD CMakeFiles/VET6.elf.dir/Core/Hard/JY901s/HAL.cpp.obj
LOAD CMakeFiles/VET6.elf.dir/Core/Hard/JY901s/JY901s.cpp.obj
LOAD CMakeFiles/VET6.elf.dir/Core/Hard/adc/adc.c.obj
LOAD CMakeFiles/VET6.elf.dir/Core/Hard/gpio/gpio.c.obj
LOAD CMakeFiles/VET6.elf.dir/Core/Hard/i2c/i2c.c.obj
LOAD CMakeFiles/VET6.elf.dir/Core/Hard/retarget/retarget.c.obj
LOAD CMakeFiles/VET6.elf.dir/Core/Hard/tim/tim.c.obj
LOAD CMakeFiles/VET6.elf.dir/Core/Hard/usart/usart.c.obj
LOAD CMakeFiles/VET6.elf.dir/Core/Lib/3rdParty/wit_c_sdk/wit_c_sdk.c.obj
LOAD CMakeFiles/VET6.elf.dir/Core/Src/freertos.c.obj
LOAD CMakeFiles/VET6.elf.dir/Core/Src/main.c.obj
LOAD CMakeFiles/VET6.elf.dir/Core/Src/stm32f4xx_hal_msp.c.obj
LOAD CMakeFiles/VET6.elf.dir/Core/Src/stm32f4xx_it.c.obj
LOAD CMakeFiles/VET6.elf.dir/Core/Src/syscalls.c.obj
LOAD CMakeFiles/VET6.elf.dir/Core/Src/sysmem.c.obj
LOAD CMakeFiles/VET6.elf.dir/Core/Src/system_stm32f4xx.c.obj
LOAD CMakeFiles/VET6.elf.dir/Core/Startup/startup_stm32f407vetx.s.obj
LOAD CMakeFiles/VET6.elf.dir/Drivers/STM32F4xx_HAL_Driver/Src/stm32f4xx_hal.c.obj
LOAD CMakeFiles/VET6.elf.dir/Drivers/STM32F4xx_HAL_Driver/Src/stm32f4xx_hal_adc.c.obj
LOAD CMakeFiles/VET6.elf.dir/Drivers/STM32F4xx_HAL_Driver/Src/stm32f4xx_hal_adc_ex.c.obj
LOAD CMakeFiles/VET6.elf.dir/Drivers/STM32F4xx_HAL_Driver/Src/stm32f4xx_hal_cortex.c.obj
LOAD CMakeFiles/VET6.elf.dir/Drivers/STM32F4xx_HAL_Driver/Src/stm32f4xx_hal_dma.c.obj
LOAD CMakeFiles/VET6.elf.dir/Drivers/STM32F4xx_HAL_Driver/Src/stm32f4xx_hal_dma_ex.c.obj
LOAD CMakeFiles/VET6.elf.dir/Drivers/STM32F4xx_HAL_Driver/Src/stm32f4xx_hal_exti.c.obj
LOAD CMakeFiles/VET6.elf.dir/Drivers/STM32F4xx_HAL_Driver/Src/stm32f4xx_hal_flash.c.obj
LOAD CMakeFiles/VET6.elf.dir/Drivers/STM32F4xx_HAL_Driver/Src/stm32f4xx_hal_flash_ex.c.obj
LOAD CMakeFiles/VET6.elf.dir/Drivers/STM32F4xx_HAL_Driver/Src/stm32f4xx_hal_flash_ramfunc.c.obj
LOAD CMakeFiles/VET6.elf.dir/Drivers/STM32F4xx_HAL_Driver/Src/stm32f4xx_hal_gpio.c.obj
LOAD CMakeFiles/VET6.elf.dir/Drivers/STM32F4xx_HAL_Driver/Src/stm32f4xx_hal_i2c.c.obj
LOAD CMakeFiles/VET6.elf.dir/Drivers/STM32F4xx_HAL_Driver/Src/stm32f4xx_hal_i2c_ex.c.obj
LOAD CMakeFiles/VET6.elf.dir/Drivers/STM32F4xx_HAL_Driver/Src/stm32f4xx_hal_pwr.c.obj
LOAD CMakeFiles/VET6.elf.dir/Drivers/STM32F4xx_HAL_Driver/Src/stm32f4xx_hal_pwr_ex.c.obj
LOAD CMakeFiles/VET6.elf.dir/Drivers/STM32F4xx_HAL_Driver/Src/stm32f4xx_hal_rcc.c.obj
LOAD CMakeFiles/VET6.elf.dir/Drivers/STM32F4xx_HAL_Driver/Src/stm32f4xx_hal_rcc_ex.c.obj
LOAD CMakeFiles/VET6.elf.dir/Drivers/STM32F4xx_HAL_Driver/Src/stm32f4xx_hal_tim.c.obj
LOAD CMakeFiles/VET6.elf.dir/Drivers/STM32F4xx_HAL_Driver/Src/stm32f4xx_hal_tim_ex.c.obj
LOAD CMakeFiles/VET6.elf.dir/Drivers/STM32F4xx_HAL_Driver/Src/stm32f4xx_hal_uart.c.obj
LOAD CMakeFiles/VET6.elf.dir/Drivers/STM32F4xx_HAL_Driver/Src/stm32f4xx_ll_adc.c.obj
LOAD CMakeFiles/VET6.elf.dir/Middlewares/Third_Party/FreeRTOS/Source/CMSIS_RTOS/cmsis_os.c.obj
LOAD CMakeFiles/VET6.elf.dir/Middlewares/Third_Party/FreeRTOS/Source/croutine.c.obj
LOAD CMakeFiles/VET6.elf.dir/Middlewares/Third_Party/FreeRTOS/Source/event_groups.c.obj
LOAD CMakeFiles/VET6.elf.dir/Middlewares/Third_Party/FreeRTOS/Source/list.c.obj
LOAD CMakeFiles/VET6.elf.dir/Middlewares/Third_Party/FreeRTOS/Source/portable/GCC/ARM_CM4F/port.c.obj
LOAD CMakeFiles/VET6.elf.dir/Middlewares/Third_Party/FreeRTOS/Source/portable/MemMang/heap_4.c.obj
LOAD CMakeFiles/VET6.elf.dir/Middlewares/Third_Party/FreeRTOS/Source/queue.c.obj
LOAD CMakeFiles/VET6.elf.dir/Middlewares/Third_Party/FreeRTOS/Source/stream_buffer.c.obj
LOAD CMakeFiles/VET6.elf.dir/Middlewares/Third_Party/FreeRTOS/Source/tasks.c.obj
LOAD CMakeFiles/VET6.elf.dir/Middlewares/Third_Party/FreeRTOS/Source/timers.c.obj
LOAD d:/download/gcc-arm-none-eabi/bin/../lib/gcc/arm-none-eabi/7.3.1/../../../../arm-none-eabi/lib/thumb/v7e-m/fpv4-sp/hard\libstdc++.a
LOAD d:/download/gcc-arm-none-eabi/bin/../lib/gcc/arm-none-eabi/7.3.1/../../../../arm-none-eabi/lib/thumb/v7e-m/fpv4-sp/hard\libm.a
START GROUP
LOAD d:/download/gcc-arm-none-eabi/bin/../lib/gcc/arm-none-eabi/7.3.1/thumb/v7e-m/fpv4-sp/hard\libgcc.a
LOAD d:/download/gcc-arm-none-eabi/bin/../lib/gcc/arm-none-eabi/7.3.1/../../../../arm-none-eabi/lib/thumb/v7e-m/fpv4-sp/hard\libg.a
LOAD d:/download/gcc-arm-none-eabi/bin/../lib/gcc/arm-none-eabi/7.3.1/../../../../arm-none-eabi/lib/thumb/v7e-m/fpv4-sp/hard\libc.a
END GROUP
LOAD d:/download/gcc-arm-none-eabi/bin/../lib/gcc/arm-none-eabi/7.3.1/thumb/v7e-m/fpv4-sp/hard/crtend.o
LOAD d:/download/gcc-arm-none-eabi/bin/../lib/gcc/arm-none-eabi/7.3.1/thumb/v7e-m/fpv4-sp/hard/crtn.o
                0x20020000                _estack = (ORIGIN (RAM) + LENGTH (RAM))
                0x00000200                _Min_Heap_Size = 0x200
                0x00000400                _Min_Stack_Size = 0x400

.isr_vector     0x08000000      0x188
                0x08000000                . = ALIGN (0x4)
 *(.isr_vector)
 .isr_vector    0x08000000      0x188 CMakeFiles/VET6.elf.dir/Core/Startup/startup_stm32f407vetx.s.obj
                0x08000000                g_pfnVectors
                0x08000188                . = ALIGN (0x4)

.text           0x080001c0     0xd2d4
                0x080001c0                . = ALIGN (0x4)
 *(.text)
 .text          0x080001c0       0x40 d:/download/gcc-arm-none-eabi/bin/../lib/gcc/arm-none-eabi/7.3.1/thumb/v7e-m/fpv4-sp/hard/crtbegin.o
 .text          0x08000200      0x378 d:/download/gcc-arm-none-eabi/bin/../lib/gcc/arm-none-eabi/7.3.1/thumb/v7e-m/fpv4-sp/hard\libgcc.a(_arm_addsubdf3.o)
                0x08000200                __aeabi_drsub
                0x08000208                __aeabi_dsub
                0x08000208                __subdf3
                0x0800020c                __aeabi_dadd
                0x0800020c                __adddf3
                0x08000484                __floatunsidf
                0x08000484                __aeabi_ui2d
                0x080004a4                __floatsidf
                0x080004a4                __aeabi_i2d
                0x080004c8                __aeabi_f2d
                0x080004c8                __extendsfdf2
                0x0800050c                __floatundidf
                0x0800050c                __aeabi_ul2d
                0x0800051c                __floatdidf
                0x0800051c                __aeabi_l2d
 .text          0x08000578      0x424 d:/download/gcc-arm-none-eabi/bin/../lib/gcc/arm-none-eabi/7.3.1/thumb/v7e-m/fpv4-sp/hard\libgcc.a(_arm_muldivdf3.o)
                0x08000578                __aeabi_dmul
                0x08000578                __muldf3
                0x080007cc                __divdf3
                0x080007cc                __aeabi_ddiv
 .text          0x0800099c       0x50 d:/download/gcc-arm-none-eabi/bin/../lib/gcc/arm-none-eabi/7.3.1/thumb/v7e-m/fpv4-sp/hard\libgcc.a(_arm_fixdfsi.o)
                0x0800099c                __aeabi_d2iz
                0x0800099c                __fixdfsi
 .text          0x080009ec       0x30 d:/download/gcc-arm-none-eabi/bin/../lib/gcc/arm-none-eabi/7.3.1/thumb/v7e-m/fpv4-sp/hard\libgcc.a(_aeabi_uldivmod.o)
                0x080009ec                __aeabi_uldivmod
 .text          0x08000a1c      0x2cc d:/download/gcc-arm-none-eabi/bin/../lib/gcc/arm-none-eabi/7.3.1/thumb/v7e-m/fpv4-sp/hard\libgcc.a(_udivmoddi4.o)
                0x08000a1c                __udivmoddi4
 .text          0x08000ce8      0x9ec d:/download/gcc-arm-none-eabi/bin/../lib/gcc/arm-none-eabi/7.3.1/thumb/v7e-m/fpv4-sp/hard\libgcc.a(unwind-arm.o)
                0x08000f9c                _Unwind_GetCFA
                0x08000fa0                __gnu_Unwind_RaiseException
                0x08001000                __gnu_Unwind_ForcedUnwind
                0x08001014                __gnu_Unwind_Resume
                0x08001058                __gnu_Unwind_Resume_or_Rethrow
                0x08001068                _Unwind_Complete
                0x0800106c                _Unwind_DeleteException
                0x08001078                _Unwind_VRS_Get
                0x080010bc                _Unwind_VRS_Set
                0x08001104                __gnu_Unwind_Backtrace
                0x08001448                __aeabi_unwind_cpp_pr0
                0x0800144c                __aeabi_unwind_cpp_pr1
                0x08001450                __aeabi_unwind_cpp_pr2
                0x08001454                _Unwind_VRS_Pop
 .text          0x080016d4      0x1ac d:/download/gcc-arm-none-eabi/bin/../lib/gcc/arm-none-eabi/7.3.1/thumb/v7e-m/fpv4-sp/hard\libgcc.a(libunwind.o)
                0x080016d4                __restore_core_regs
                0x080016d4                restore_core_regs
                0x080016ec                __gnu_Unwind_Restore_VFP
                0x080016f4                __gnu_Unwind_Save_VFP
                0x080016fc                __gnu_Unwind_Restore_VFP_D
                0x08001704                __gnu_Unwind_Save_VFP_D
                0x0800170c                __gnu_Unwind_Restore_VFP_D_16_to_31
                0x08001714                __gnu_Unwind_Save_VFP_D_16_to_31
                0x0800171c                __gnu_Unwind_Restore_WMMXD
                0x08001760                __gnu_Unwind_Save_WMMXD
                0x080017a4                __gnu_Unwind_Restore_WMMXC
                0x080017b8                __gnu_Unwind_Save_WMMXC
                0x080017cc                ___Unwind_RaiseException
                0x080017cc                _Unwind_RaiseException
                0x080017f0                _Unwind_Resume
                0x080017f0                ___Unwind_Resume
                0x08001814                _Unwind_Resume_or_Rethrow
                0x08001814                ___Unwind_Resume_or_Rethrow
                0x08001838                _Unwind_ForcedUnwind
                0x08001838                ___Unwind_ForcedUnwind
                0x0800185c                ___Unwind_Backtrace
                0x0800185c                _Unwind_Backtrace
 .text          0x08001880      0x374 d:/download/gcc-arm-none-eabi/bin/../lib/gcc/arm-none-eabi/7.3.1/thumb/v7e-m/fpv4-sp/hard\libgcc.a(pr-support.o)
                0x080018d8                __gnu_unwind_execute
                0x08001b9c                __gnu_unwind_frame
                0x08001bc4                _Unwind_GetRegionStart
                0x08001bd0                _Unwind_GetLanguageSpecificData
                0x08001be4                _Unwind_GetDataRelBase
                0x08001bec                _Unwind_GetTextRelBase
 .text          0x08001bf4        0x4 d:/download/gcc-arm-none-eabi/bin/../lib/gcc/arm-none-eabi/7.3.1/thumb/v7e-m/fpv4-sp/hard\libgcc.a(_dvmd_tls.o)
                0x08001bf4                __aeabi_idiv0
                0x08001bf4                __aeabi_ldiv0
 .text          0x08001bf8      0x134 d:/download/gcc-arm-none-eabi/bin/../lib/gcc/arm-none-eabi/7.3.1/../../../../arm-none-eabi/lib/thumb/v7e-m/fpv4-sp/hard\libg.a(lib_a-memcpy.o)
                0x08001bf8                memcpy
 *fill*         0x08001d2c       0x14 
 .text          0x08001d40       0xdc d:/download/gcc-arm-none-eabi/bin/../lib/gcc/arm-none-eabi/7.3.1/../../../../arm-none-eabi/lib/thumb/v7e-m/fpv4-sp/hard\libg.a(lib_a-strlen.o)
                0x08001d40                strlen
 *fill*         0x08001e1c        0x4 
 .text          0x08001e20       0xa0 d:/download/gcc-arm-none-eabi/bin/../lib/gcc/arm-none-eabi/7.3.1/../../../../arm-none-eabi/lib/thumb/v7e-m/fpv4-sp/hard\libg.a(lib_a-memchr.o)
                0x08001e20                memchr
 .text          0x08001ec0      0x110 d:/download/gcc-arm-none-eabi/bin/../lib/gcc/arm-none-eabi/7.3.1/thumb/v7e-m/fpv4-sp/hard\libgcc.a(_arm_cmpdf2.o)
                0x08001ec0                __gtdf2
                0x08001ec0                __gedf2
                0x08001ec8                __ltdf2
                0x08001ec8                __ledf2
                0x08001ed0                __nedf2
                0x08001ed0                __eqdf2
                0x08001ed0                __cmpdf2
                0x08001f4c                __aeabi_cdrcmple
                0x08001f5c                __aeabi_cdcmpeq
                0x08001f5c                __aeabi_cdcmple
                0x08001f6c                __aeabi_dcmpeq
                0x08001f80                __aeabi_dcmplt
                0x08001f94                __aeabi_dcmple
                0x08001fa8                __aeabi_dcmpge
                0x08001fbc                __aeabi_dcmpgt
 .text          0x08001fd0       0x2c d:/download/gcc-arm-none-eabi/bin/../lib/gcc/arm-none-eabi/7.3.1/thumb/v7e-m/fpv4-sp/hard\libgcc.a(_arm_unorddf2.o)
                0x08001fd0                __unorddf2
                0x08001fd0                __aeabi_dcmpun
 *(.text*)
 .text.Vacuum_Motor_ON
                0x08001ffc       0x14 CMakeFiles/VET6.elf.dir/Core/App/actuators/actuators.c.obj
                0x08001ffc                Vacuum_Motor_ON
 .text.Sweep_Motor_ON
                0x08002010       0x14 CMakeFiles/VET6.elf.dir/Core/App/actuators/actuators.c.obj
                0x08002010                Sweep_Motor_ON
 .text.Clean_Motor_ON
                0x08002024       0x24 CMakeFiles/VET6.elf.dir/Core/App/actuators/actuators.c.obj
                0x08002024                Clean_Motor_ON
 .text.detect_obstacle
                0x08002048       0x5c CMakeFiles/VET6.elf.dir/Core/App/autosweep/autosweep.c.obj
                0x08002048                detect_obstacle
 .text.avoid_obstacle
                0x080020a4      0x518 CMakeFiles/VET6.elf.dir/Core/App/autosweep/autosweep.c.obj
                0x080020a4                avoid_obstacle
 .text.bluetooth
                0x080025bc       0x44 CMakeFiles/VET6.elf.dir/Core/App/bluetooth/bluetooth.c.obj
                0x080025bc                bluetooth
 .text.calculate_checksum
                0x08002600       0x22 CMakeFiles/VET6.elf.dir/Core/App/bluetooth/bluetooth.c.obj
                0x08002600                calculate_checksum
 *fill*         0x08002622        0x2 
 .text.parse_packet
                0x08002624       0x40 CMakeFiles/VET6.elf.dir/Core/App/bluetooth/bluetooth.c.obj
                0x08002624                parse_packet
 .text.HAL_UART_RxCpltCallback
                0x08002664       0x78 CMakeFiles/VET6.elf.dir/Core/App/bluetooth/bluetooth.c.obj
                0x08002664                HAL_UART_RxCpltCallback
 .text.StartCommanderTask
                0x080026dc       0x1c CMakeFiles/VET6.elf.dir/Core/App/commander/commander.c.obj
                0x080026dc                StartCommanderTask
 .text.StartBleTask
                0x080026f8        0x8 CMakeFiles/VET6.elf.dir/Core/App/commander/commander.c.obj
                0x080026f8                StartBleTask
 .text.StartAutoSweepTask
                0x08002700       0x2c CMakeFiles/VET6.elf.dir/Core/App/commander/commander.c.obj
                0x08002700                StartAutoSweepTask
 .text.StartLedTask
                0x0800272c       0x34 CMakeFiles/VET6.elf.dir/Core/App/commander/commander.c.obj
                0x0800272c                StartLedTask
 .text.HAL_TIM_PeriodElapsedCallback
                0x08002760       0x60 CMakeFiles/VET6.elf.dir/Core/App/encoder/encoder.c.obj
                0x08002760                HAL_TIM_PeriodElapsedCallback
 .text.distance_get
                0x080027c0       0x38 CMakeFiles/VET6.elf.dir/Core/App/encoder/encoder.c.obj
                0x080027c0                distance_get
 .text.Move_Forward
                0x080027f8       0x64 CMakeFiles/VET6.elf.dir/Core/App/move/move.c.obj
                0x080027f8                Move_Forward
 .text.Move_Back
                0x0800285c       0x64 CMakeFiles/VET6.elf.dir/Core/App/move/move.c.obj
                0x0800285c                Move_Back
 .text.turn_Left
                0x080028c0       0x10 CMakeFiles/VET6.elf.dir/Core/App/move/move.c.obj
                0x080028c0                turn_Left
 .text.turn_Right
                0x080028d0       0x10 CMakeFiles/VET6.elf.dir/Core/App/move/move.c.obj
                0x080028d0                turn_Right
 .text.Move_Forward_d
                0x080028e0       0x64 CMakeFiles/VET6.elf.dir/Core/App/move/move.c.obj
                0x080028e0                Move_Forward_d
 .text.Move_Back_d
                0x08002944       0x60 CMakeFiles/VET6.elf.dir/Core/App/move/move.c.obj
                0x08002944                Move_Back_d
 .text.User_HalInit
                0x080029a4        0x8 CMakeFiles/VET6.elf.dir/Core/Hard/JY901s/HAL.cpp.obj
                0x080029a4                User_HalInit
 .text._ZL16SensorDataUpdatamm
                0x080029ac       0x90 CMakeFiles/VET6.elf.dir/Core/Hard/JY901s/JY901s.cpp.obj
 .text._ZL7Delaymst
                0x08002a3c        0x8 CMakeFiles/VET6.elf.dir/Core/Hard/JY901s/JY901s.cpp.obj
 .text._ZL9IIC_Startv
                0x08002a44       0x40 CMakeFiles/VET6.elf.dir/Core/Hard/JY901s/JY901s.cpp.obj
 .text._ZL8IIC_Stopv
                0x08002a84       0x40 CMakeFiles/VET6.elf.dir/Core/Hard/JY901s/JY901s.cpp.obj
 .text._ZL13I2C_ReadByteshhPhm
                0x08002ac4       0x44 CMakeFiles/VET6.elf.dir/Core/Hard/JY901s/JY901s.cpp.obj
 .text._ZL14I2C_WriteByteshhPhm
                0x08002b08       0x50 CMakeFiles/VET6.elf.dir/Core/Hard/JY901s/JY901s.cpp.obj
 .text._ZL14AutoScanSensorv
                0x08002b58       0x5c CMakeFiles/VET6.elf.dir/Core/Hard/JY901s/JY901s.cpp.obj
 .text.JY901S_Init
                0x08002bb4       0x40 CMakeFiles/VET6.elf.dir/Core/Hard/JY901s/JY901s.cpp.obj
                0x08002bb4                JY901S_Init
 .text.GetImuRawdata
                0x08002bf4       0xfc CMakeFiles/VET6.elf.dir/Core/Hard/JY901s/JY901s.cpp.obj
                0x08002bf4                GetImuRawdata
 .text.GetImuQuater
                0x08002cf0       0x9c CMakeFiles/VET6.elf.dir/Core/Hard/JY901s/JY901s.cpp.obj
                0x08002cf0                GetImuQuater
 .text.GetImuMag
                0x08002d8c       0x7c CMakeFiles/VET6.elf.dir/Core/Hard/JY901s/JY901s.cpp.obj
                0x08002d8c                GetImuMag
 .text.GetImuEuler
                0x08002e08       0x94 CMakeFiles/VET6.elf.dir/Core/Hard/JY901s/JY901s.cpp.obj
                0x08002e08                GetImuEuler
 .text.Imu_Test
                0x08002e9c       0x38 CMakeFiles/VET6.elf.dir/Core/Hard/JY901s/JY901s.cpp.obj
                0x08002e9c                Imu_Test
 .text.MX_ADC1_Init
                0x08002ed4       0xbc CMakeFiles/VET6.elf.dir/Core/Hard/adc/adc.c.obj
                0x08002ed4                MX_ADC1_Init
 .text.HAL_ADC_MspInit
                0x08002f90       0xb4 CMakeFiles/VET6.elf.dir/Core/Hard/adc/adc.c.obj
                0x08002f90                HAL_ADC_MspInit
 .text.MX_GPIO_Init
                0x08003044      0x170 CMakeFiles/VET6.elf.dir/Core/Hard/gpio/gpio.c.obj
                0x08003044                MX_GPIO_Init
 .text.RetargetInit
                0x080031b4       0x20 CMakeFiles/VET6.elf.dir/Core/Hard/retarget/retarget.c.obj
                0x080031b4                RetargetInit
 .text._isatty  0x080031d4       0x16 CMakeFiles/VET6.elf.dir/Core/Hard/retarget/retarget.c.obj
                0x080031d4                _isatty
 *fill*         0x080031ea        0x2 
 .text._write   0x080031ec       0x34 CMakeFiles/VET6.elf.dir/Core/Hard/retarget/retarget.c.obj
                0x080031ec                _write
 .text._close   0x08003220       0x18 CMakeFiles/VET6.elf.dir/Core/Hard/retarget/retarget.c.obj
                0x08003220                _close
 .text._lseek   0x08003238       0x10 CMakeFiles/VET6.elf.dir/Core/Hard/retarget/retarget.c.obj
                0x08003238                _lseek
 .text._read    0x08003248       0x30 CMakeFiles/VET6.elf.dir/Core/Hard/retarget/retarget.c.obj
                0x08003248                _read
 .text._fstat   0x08003278       0x1a CMakeFiles/VET6.elf.dir/Core/Hard/retarget/retarget.c.obj
                0x08003278                _fstat
 *fill*         0x08003292        0x2 
 .text.MX_TIM2_Init
                0x08003294       0x64 CMakeFiles/VET6.elf.dir/Core/Hard/tim/tim.c.obj
                0x08003294                MX_TIM2_Init
 .text.MX_TIM5_Init
                0x080032f8       0x64 CMakeFiles/VET6.elf.dir/Core/Hard/tim/tim.c.obj
                0x080032f8                MX_TIM5_Init
 .text.MX_TIM14_Init
                0x0800335c       0x30 CMakeFiles/VET6.elf.dir/Core/Hard/tim/tim.c.obj
                0x0800335c                MX_TIM14_Init
 .text.HAL_TIM_Base_MspInit
                0x0800338c       0x68 CMakeFiles/VET6.elf.dir/Core/Hard/tim/tim.c.obj
                0x0800338c                HAL_TIM_Base_MspInit
 .text.HAL_TIM_Encoder_MspInit
                0x080033f4       0xe0 CMakeFiles/VET6.elf.dir/Core/Hard/tim/tim.c.obj
                0x080033f4                HAL_TIM_Encoder_MspInit
 .text.HAL_TIM_MspPostInit
                0x080034d4       0x5c CMakeFiles/VET6.elf.dir/Core/Hard/tim/tim.c.obj
                0x080034d4                HAL_TIM_MspPostInit
 .text.MX_TIM1_Init
                0x08003530       0xfc CMakeFiles/VET6.elf.dir/Core/Hard/tim/tim.c.obj
                0x08003530                MX_TIM1_Init
 .text.MX_USART1_UART_Init
                0x0800362c       0x34 CMakeFiles/VET6.elf.dir/Core/Hard/usart/usart.c.obj
                0x0800362c                MX_USART1_UART_Init
 .text.MX_USART2_UART_Init
                0x08003660       0x34 CMakeFiles/VET6.elf.dir/Core/Hard/usart/usart.c.obj
                0x08003660                MX_USART2_UART_Init
 .text.MX_USART3_UART_Init
                0x08003694       0x34 CMakeFiles/VET6.elf.dir/Core/Hard/usart/usart.c.obj
                0x08003694                MX_USART3_UART_Init
 .text.HAL_UART_MspInit
                0x080036c8      0x13c CMakeFiles/VET6.elf.dir/Core/Hard/usart/usart.c.obj
                0x080036c8                HAL_UART_MspInit
 .text.__CRC16  0x08003804       0x30 CMakeFiles/VET6.elf.dir/Core/Lib/3rdParty/wit_c_sdk/wit_c_sdk.c.obj
 .text.WitI2cFuncRegister
                0x08003834       0x24 CMakeFiles/VET6.elf.dir/Core/Lib/3rdParty/wit_c_sdk/wit_c_sdk.c.obj
                0x08003834                WitI2cFuncRegister
 .text.WitRegisterCallBack
                0x08003858       0x14 CMakeFiles/VET6.elf.dir/Core/Lib/3rdParty/wit_c_sdk/wit_c_sdk.c.obj
                0x08003858                WitRegisterCallBack
 .text.WitReadReg
                0x0800386c      0x1a4 CMakeFiles/VET6.elf.dir/Core/Lib/3rdParty/wit_c_sdk/wit_c_sdk.c.obj
                0x0800386c                WitReadReg
 .text.WitInit  0x08003a10       0x28 CMakeFiles/VET6.elf.dir/Core/Lib/3rdParty/wit_c_sdk/wit_c_sdk.c.obj
                0x08003a10                WitInit
 .text.WitDelayMsRegister
                0x08003a38       0x14 CMakeFiles/VET6.elf.dir/Core/Lib/3rdParty/wit_c_sdk/wit_c_sdk.c.obj
                0x08003a38                WitDelayMsRegister
 .text.vApplicationGetIdleTaskMemory
                0x08003a4c       0x18 CMakeFiles/VET6.elf.dir/Core/Src/freertos.c.obj
                0x08003a4c                vApplicationGetIdleTaskMemory
 .text.vApplicationGetTimerTaskMemory
                0x08003a64       0x18 CMakeFiles/VET6.elf.dir/Core/Src/freertos.c.obj
                0x08003a64                vApplicationGetTimerTaskMemory
 .text.MX_FREERTOS_Init
                0x08003a7c       0x94 CMakeFiles/VET6.elf.dir/Core/Src/freertos.c.obj
                0x08003a7c                MX_FREERTOS_Init
 .text.Error_Handler
                0x08003b10        0x4 CMakeFiles/VET6.elf.dir/Core/Src/main.c.obj
                0x08003b10                Error_Handler
 .text.SystemClock_Config
                0x08003b14       0xa4 CMakeFiles/VET6.elf.dir/Core/Src/main.c.obj
                0x08003b14                SystemClock_Config
 .text.main     0x08003bb8       0x7c CMakeFiles/VET6.elf.dir/Core/Src/main.c.obj
                0x08003bb8                main
 .text.HAL_MspInit
                0x08003c34       0x44 CMakeFiles/VET6.elf.dir/Core/Src/stm32f4xx_hal_msp.c.obj
                0x08003c34                HAL_MspInit
 .text.NMI_Handler
                0x08003c78        0x2 CMakeFiles/VET6.elf.dir/Core/Src/stm32f4xx_it.c.obj
                0x08003c78                NMI_Handler
 .text.MemManage_Handler
                0x08003c7a        0x2 CMakeFiles/VET6.elf.dir/Core/Src/stm32f4xx_it.c.obj
                0x08003c7a                MemManage_Handler
 .text.BusFault_Handler
                0x08003c7c        0x2 CMakeFiles/VET6.elf.dir/Core/Src/stm32f4xx_it.c.obj
                0x08003c7c                BusFault_Handler
 .text.UsageFault_Handler
                0x08003c7e        0x2 CMakeFiles/VET6.elf.dir/Core/Src/stm32f4xx_it.c.obj
                0x08003c7e                UsageFault_Handler
 .text.DebugMon_Handler
                0x08003c80        0x2 CMakeFiles/VET6.elf.dir/Core/Src/stm32f4xx_it.c.obj
                0x08003c80                DebugMon_Handler
 .text.SysTick_Handler
                0x08003c82       0x14 CMakeFiles/VET6.elf.dir/Core/Src/stm32f4xx_it.c.obj
                0x08003c82                SysTick_Handler
 *fill*         0x08003c96        0x2 
 .text.USART3_IRQHandler
                0x08003c98       0x10 CMakeFiles/VET6.elf.dir/Core/Src/stm32f4xx_it.c.obj
                0x08003c98                USART3_IRQHandler
 .text.TIM8_TRG_COM_TIM14_IRQHandler
                0x08003ca8       0x10 CMakeFiles/VET6.elf.dir/Core/Src/stm32f4xx_it.c.obj
                0x08003ca8                TIM8_TRG_COM_TIM14_IRQHandler
 .text._getpid  0x08003cb8        0x4 CMakeFiles/VET6.elf.dir/Core/Src/syscalls.c.obj
                0x08003cb8                _getpid
 .text._kill    0x08003cbc       0x10 CMakeFiles/VET6.elf.dir/Core/Src/syscalls.c.obj
                0x08003cbc                _kill
 .text._exit    0x08003ccc        0xc CMakeFiles/VET6.elf.dir/Core/Src/syscalls.c.obj
                0x08003ccc                _exit
 .text._sbrk    0x08003cd8       0x48 CMakeFiles/VET6.elf.dir/Core/Src/sysmem.c.obj
                0x08003cd8                _sbrk
 .text.SystemInit
                0x08003d20       0x14 CMakeFiles/VET6.elf.dir/Core/Src/system_stm32f4xx.c.obj
                0x08003d20                SystemInit
 .text.Reset_Handler
                0x08003d34       0x50 CMakeFiles/VET6.elf.dir/Core/Startup/startup_stm32f407vetx.s.obj
                0x08003d34                Reset_Handler
 .text.Default_Handler
                0x08003d84        0x2 CMakeFiles/VET6.elf.dir/Core/Startup/startup_stm32f407vetx.s.obj
                0x08003d84                RTC_Alarm_IRQHandler
                0x08003d84                HASH_RNG_IRQHandler
                0x08003d84                EXTI2_IRQHandler
                0x08003d84                TIM8_CC_IRQHandler
                0x08003d84                TIM1_CC_IRQHandler
                0x08003d84                DMA2_Stream5_IRQHandler
                0x08003d84                HardFault_Handler
                0x08003d84                DMA1_Stream5_IRQHandler
                0x08003d84                PVD_IRQHandler
                0x08003d84                SDIO_IRQHandler
                0x08003d84                TAMP_STAMP_IRQHandler
                0x08003d84                CAN2_RX1_IRQHandler
                0x08003d84                EXTI3_IRQHandler
                0x08003d84                TIM1_UP_TIM10_IRQHandler
                0x08003d84                TIM8_UP_TIM13_IRQHandler
                0x08003d84                I2C3_ER_IRQHandler
                0x08003d84                EXTI0_IRQHandler
                0x08003d84                I2C2_EV_IRQHandler
                0x08003d84                DMA1_Stream2_IRQHandler
                0x08003d84                CAN1_RX0_IRQHandler
                0x08003d84                FPU_IRQHandler
                0x08003d84                OTG_HS_WKUP_IRQHandler
                0x08003d84                CAN2_SCE_IRQHandler
                0x08003d84                DMA2_Stream2_IRQHandler
                0x08003d84                SPI1_IRQHandler
                0x08003d84                TIM6_DAC_IRQHandler
                0x08003d84                TIM1_BRK_TIM9_IRQHandler
                0x08003d84                DCMI_IRQHandler
                0x08003d84                CAN2_RX0_IRQHandler
                0x08003d84                DMA2_Stream3_IRQHandler
                0x08003d84                USART6_IRQHandler
                0x08003d84                CAN1_RX1_IRQHandler
                0x08003d84                UART5_IRQHandler
                0x08003d84                DMA2_Stream0_IRQHandler
                0x08003d84                TIM4_IRQHandler
                0x08003d84                I2C1_EV_IRQHandler
                0x08003d84                DMA1_Stream6_IRQHandler
                0x08003d84                DMA1_Stream1_IRQHandler
                0x08003d84                UART4_IRQHandler
                0x08003d84                TIM3_IRQHandler
                0x08003d84                RCC_IRQHandler
                0x08003d84                TIM8_BRK_TIM12_IRQHandler
                0x08003d84                Default_Handler
                0x08003d84                EXTI15_10_IRQHandler
                0x08003d84                ADC_IRQHandler
                0x08003d84                DMA1_Stream7_IRQHandler
                0x08003d84                TIM7_IRQHandler
                0x08003d84                CAN2_TX_IRQHandler
                0x08003d84                TIM5_IRQHandler
                0x08003d84                DMA2_Stream7_IRQHandler
                0x08003d84                I2C3_EV_IRQHandler
                0x08003d84                EXTI9_5_IRQHandler
                0x08003d84                RTC_WKUP_IRQHandler
                0x08003d84                ETH_WKUP_IRQHandler
                0x08003d84                SPI2_IRQHandler
                0x08003d84                OTG_HS_EP1_IN_IRQHandler
                0x08003d84                DMA1_Stream0_IRQHandler
                0x08003d84                CAN1_TX_IRQHandler
                0x08003d84                EXTI4_IRQHandler
                0x08003d84                FSMC_IRQHandler
                0x08003d84                ETH_IRQHandler
                0x08003d84                OTG_HS_EP1_OUT_IRQHandler
                0x08003d84                WWDG_IRQHandler
                0x08003d84                TIM2_IRQHandler
                0x08003d84                OTG_FS_WKUP_IRQHandler
                0x08003d84                TIM1_TRG_COM_TIM11_IRQHandler
                0x08003d84                OTG_HS_IRQHandler
                0x08003d84                EXTI1_IRQHandler
                0x08003d84                USART2_IRQHandler
                0x08003d84                I2C2_ER_IRQHandler
                0x08003d84                DMA2_Stream1_IRQHandler
                0x08003d84                CAN1_SCE_IRQHandler
                0x08003d84                FLASH_IRQHandler
                0x08003d84                DMA2_Stream4_IRQHandler
                0x08003d84                USART1_IRQHandler
                0x08003d84                OTG_FS_IRQHandler
                0x08003d84                SPI3_IRQHandler
                0x08003d84                DMA1_Stream4_IRQHandler
                0x08003d84                I2C1_ER_IRQHandler
                0x08003d84                DMA2_Stream6_IRQHandler
                0x08003d84                DMA1_Stream3_IRQHandler
 *fill*         0x08003d86        0x2 
 .text.HAL_InitTick
                0x08003d88       0x4c CMakeFiles/VET6.elf.dir/Drivers/STM32F4xx_HAL_Driver/Src/stm32f4xx_hal.c.obj
                0x08003d88                HAL_InitTick
 .text.HAL_Init
                0x08003dd4       0x34 CMakeFiles/VET6.elf.dir/Drivers/STM32F4xx_HAL_Driver/Src/stm32f4xx_hal.c.obj
                0x08003dd4                HAL_Init
 .text.HAL_IncTick
                0x08003e08       0x18 CMakeFiles/VET6.elf.dir/Drivers/STM32F4xx_HAL_Driver/Src/stm32f4xx_hal.c.obj
                0x08003e08                HAL_IncTick
 .text.HAL_GetTick
                0x08003e20        0xc CMakeFiles/VET6.elf.dir/Drivers/STM32F4xx_HAL_Driver/Src/stm32f4xx_hal.c.obj
                0x08003e20                HAL_GetTick
 .text.HAL_Delay
                0x08003e2c       0x28 CMakeFiles/VET6.elf.dir/Drivers/STM32F4xx_HAL_Driver/Src/stm32f4xx_hal.c.obj
                0x08003e2c                HAL_Delay
 .text.ADC_Init
                0x08003e54      0x134 CMakeFiles/VET6.elf.dir/Drivers/STM32F4xx_HAL_Driver/Src/stm32f4xx_hal_adc.c.obj
 .text.HAL_ADC_Init
                0x08003f88       0x56 CMakeFiles/VET6.elf.dir/Drivers/STM32F4xx_HAL_Driver/Src/stm32f4xx_hal_adc.c.obj
                0x08003f88                HAL_ADC_Init
 *fill*         0x08003fde        0x2 
 .text.HAL_ADC_ConfigChannel
                0x08003fe0      0x190 CMakeFiles/VET6.elf.dir/Drivers/STM32F4xx_HAL_Driver/Src/stm32f4xx_hal_adc.c.obj
                0x08003fe0                HAL_ADC_ConfigChannel
 .text.HAL_NVIC_SetPriorityGrouping
                0x08004170       0x24 CMakeFiles/VET6.elf.dir/Drivers/STM32F4xx_HAL_Driver/Src/stm32f4xx_hal_cortex.c.obj
                0x08004170                HAL_NVIC_SetPriorityGrouping
 .text.HAL_NVIC_SetPriority
                0x08004194       0x68 CMakeFiles/VET6.elf.dir/Drivers/STM32F4xx_HAL_Driver/Src/stm32f4xx_hal_cortex.c.obj
                0x08004194                HAL_NVIC_SetPriority
 .text.HAL_NVIC_EnableIRQ
                0x080041fc       0x1c CMakeFiles/VET6.elf.dir/Drivers/STM32F4xx_HAL_Driver/Src/stm32f4xx_hal_cortex.c.obj
                0x080041fc                HAL_NVIC_EnableIRQ
 .text.HAL_SYSTICK_Config
                0x08004218       0x2c CMakeFiles/VET6.elf.dir/Drivers/STM32F4xx_HAL_Driver/Src/stm32f4xx_hal_cortex.c.obj
                0x08004218                HAL_SYSTICK_Config
 .text.HAL_DMA_Abort
                0x08004244       0x94 CMakeFiles/VET6.elf.dir/Drivers/STM32F4xx_HAL_Driver/Src/stm32f4xx_hal_dma.c.obj
                0x08004244                HAL_DMA_Abort
 .text.HAL_DMA_Abort_IT
                0x080042d8       0x26 CMakeFiles/VET6.elf.dir/Drivers/STM32F4xx_HAL_Driver/Src/stm32f4xx_hal_dma.c.obj
                0x080042d8                HAL_DMA_Abort_IT
 *fill*         0x080042fe        0x2 
 .text.HAL_GPIO_Init
                0x08004300      0x1d4 CMakeFiles/VET6.elf.dir/Drivers/STM32F4xx_HAL_Driver/Src/stm32f4xx_hal_gpio.c.obj
                0x08004300                HAL_GPIO_Init
 .text.HAL_GPIO_ReadPin
                0x080044d4        0xe CMakeFiles/VET6.elf.dir/Drivers/STM32F4xx_HAL_Driver/Src/stm32f4xx_hal_gpio.c.obj
                0x080044d4                HAL_GPIO_ReadPin
 .text.HAL_GPIO_WritePin
                0x080044e2        0xc CMakeFiles/VET6.elf.dir/Drivers/STM32F4xx_HAL_Driver/Src/stm32f4xx_hal_gpio.c.obj
                0x080044e2                HAL_GPIO_WritePin
 .text.I2C_IsAcknowledgeFailed
                0x080044ee       0x32 CMakeFiles/VET6.elf.dir/Drivers/STM32F4xx_HAL_Driver/Src/stm32f4xx_hal_i2c.c.obj
 .text.I2C_WaitOnFlagUntilTimeout
                0x08004520       0x70 CMakeFiles/VET6.elf.dir/Drivers/STM32F4xx_HAL_Driver/Src/stm32f4xx_hal_i2c.c.obj
 .text.I2C_WaitOnMasterAddressFlagUntilTimeout
                0x08004590       0xa4 CMakeFiles/VET6.elf.dir/Drivers/STM32F4xx_HAL_Driver/Src/stm32f4xx_hal_i2c.c.obj
 .text.I2C_WaitOnTXEFlagUntilTimeout
                0x08004634       0x54 CMakeFiles/VET6.elf.dir/Drivers/STM32F4xx_HAL_Driver/Src/stm32f4xx_hal_i2c.c.obj
 .text.I2C_RequestMemoryWrite
                0x08004688       0xdc CMakeFiles/VET6.elf.dir/Drivers/STM32F4xx_HAL_Driver/Src/stm32f4xx_hal_i2c.c.obj
 .text.I2C_RequestMemoryRead
                0x08004764      0x160 CMakeFiles/VET6.elf.dir/Drivers/STM32F4xx_HAL_Driver/Src/stm32f4xx_hal_i2c.c.obj
 .text.I2C_WaitOnBTFFlagUntilTimeout
                0x080048c4       0x54 CMakeFiles/VET6.elf.dir/Drivers/STM32F4xx_HAL_Driver/Src/stm32f4xx_hal_i2c.c.obj
 .text.I2C_WaitOnRXNEFlagUntilTimeout
                0x08004918       0x6a CMakeFiles/VET6.elf.dir/Drivers/STM32F4xx_HAL_Driver/Src/stm32f4xx_hal_i2c.c.obj
 *fill*         0x08004982        0x2 
 .text.HAL_I2C_Mem_Write
                0x08004984      0x168 CMakeFiles/VET6.elf.dir/Drivers/STM32F4xx_HAL_Driver/Src/stm32f4xx_hal_i2c.c.obj
                0x08004984                HAL_I2C_Mem_Write
 .text.HAL_I2C_Mem_Read
                0x08004aec      0x2d0 CMakeFiles/VET6.elf.dir/Drivers/STM32F4xx_HAL_Driver/Src/stm32f4xx_hal_i2c.c.obj
                0x08004aec                HAL_I2C_Mem_Read
 .text.HAL_RCC_OscConfig
                0x08004dbc      0x3f8 CMakeFiles/VET6.elf.dir/Drivers/STM32F4xx_HAL_Driver/Src/stm32f4xx_hal_rcc.c.obj
                0x08004dbc                HAL_RCC_OscConfig
 .text.HAL_RCC_GetSysClockFreq
                0x080051b4       0xa8 CMakeFiles/VET6.elf.dir/Drivers/STM32F4xx_HAL_Driver/Src/stm32f4xx_hal_rcc.c.obj
                0x080051b4                HAL_RCC_GetSysClockFreq
 .text.HAL_RCC_ClockConfig
                0x0800525c      0x160 CMakeFiles/VET6.elf.dir/Drivers/STM32F4xx_HAL_Driver/Src/stm32f4xx_hal_rcc.c.obj
                0x0800525c                HAL_RCC_ClockConfig
 .text.HAL_RCC_GetHCLKFreq
                0x080053bc        0xc CMakeFiles/VET6.elf.dir/Drivers/STM32F4xx_HAL_Driver/Src/stm32f4xx_hal_rcc.c.obj
                0x080053bc                HAL_RCC_GetHCLKFreq
 .text.HAL_RCC_GetPCLK1Freq
                0x080053c8       0x20 CMakeFiles/VET6.elf.dir/Drivers/STM32F4xx_HAL_Driver/Src/stm32f4xx_hal_rcc.c.obj
                0x080053c8                HAL_RCC_GetPCLK1Freq
 .text.HAL_RCC_GetPCLK2Freq
                0x080053e8       0x20 CMakeFiles/VET6.elf.dir/Drivers/STM32F4xx_HAL_Driver/Src/stm32f4xx_hal_rcc.c.obj
                0x080053e8                HAL_RCC_GetPCLK2Freq
 .text.TIM_OC1_SetConfig
                0x08005408       0x68 CMakeFiles/VET6.elf.dir/Drivers/STM32F4xx_HAL_Driver/Src/stm32f4xx_hal_tim.c.obj
 .text.TIM_OC3_SetConfig
                0x08005470       0x70 CMakeFiles/VET6.elf.dir/Drivers/STM32F4xx_HAL_Driver/Src/stm32f4xx_hal_tim.c.obj
 .text.TIM_OC4_SetConfig
                0x080054e0       0x50 CMakeFiles/VET6.elf.dir/Drivers/STM32F4xx_HAL_Driver/Src/stm32f4xx_hal_tim.c.obj
 .text.TIM_TI1_ConfigInputStage
                0x08005530       0x26 CMakeFiles/VET6.elf.dir/Drivers/STM32F4xx_HAL_Driver/Src/stm32f4xx_hal_tim.c.obj
 .text.TIM_TI2_ConfigInputStage
                0x08005556       0x28 CMakeFiles/VET6.elf.dir/Drivers/STM32F4xx_HAL_Driver/Src/stm32f4xx_hal_tim.c.obj
 .text.TIM_ITRx_SetConfig
                0x0800557e       0x10 CMakeFiles/VET6.elf.dir/Drivers/STM32F4xx_HAL_Driver/Src/stm32f4xx_hal_tim.c.obj
 *fill*         0x0800558e        0x2 
 .text.HAL_TIM_Base_Start_IT
                0x08005590       0x88 CMakeFiles/VET6.elf.dir/Drivers/STM32F4xx_HAL_Driver/Src/stm32f4xx_hal_tim.c.obj
                0x08005590                HAL_TIM_Base_Start_IT
 .text.HAL_TIM_PWM_MspInit
                0x08005618        0x2 CMakeFiles/VET6.elf.dir/Drivers/STM32F4xx_HAL_Driver/Src/stm32f4xx_hal_tim.c.obj
                0x08005618                HAL_TIM_PWM_MspInit
 .text.HAL_TIM_OC_DelayElapsedCallback
                0x0800561a        0x2 CMakeFiles/VET6.elf.dir/Drivers/STM32F4xx_HAL_Driver/Src/stm32f4xx_hal_tim.c.obj
                0x0800561a                HAL_TIM_OC_DelayElapsedCallback
 .text.HAL_TIM_IC_CaptureCallback
                0x0800561c        0x2 CMakeFiles/VET6.elf.dir/Drivers/STM32F4xx_HAL_Driver/Src/stm32f4xx_hal_tim.c.obj
                0x0800561c                HAL_TIM_IC_CaptureCallback
 .text.HAL_TIM_PWM_PulseFinishedCallback
                0x0800561e        0x2 CMakeFiles/VET6.elf.dir/Drivers/STM32F4xx_HAL_Driver/Src/stm32f4xx_hal_tim.c.obj
                0x0800561e                HAL_TIM_PWM_PulseFinishedCallback
 .text.HAL_TIM_TriggerCallback
                0x08005620        0x2 CMakeFiles/VET6.elf.dir/Drivers/STM32F4xx_HAL_Driver/Src/stm32f4xx_hal_tim.c.obj
                0x08005620                HAL_TIM_TriggerCallback
 .text.HAL_TIM_IRQHandler
                0x08005622      0x17a CMakeFiles/VET6.elf.dir/Drivers/STM32F4xx_HAL_Driver/Src/stm32f4xx_hal_tim.c.obj
                0x08005622                HAL_TIM_IRQHandler
 .text.TIM_Base_SetConfig
                0x0800579c       0xc8 CMakeFiles/VET6.elf.dir/Drivers/STM32F4xx_HAL_Driver/Src/stm32f4xx_hal_tim.c.obj
                0x0800579c                TIM_Base_SetConfig
 .text.HAL_TIM_Base_Init
                0x08005864       0x56 CMakeFiles/VET6.elf.dir/Drivers/STM32F4xx_HAL_Driver/Src/stm32f4xx_hal_tim.c.obj
                0x08005864                HAL_TIM_Base_Init
 .text.HAL_TIM_PWM_Init
                0x080058ba       0x56 CMakeFiles/VET6.elf.dir/Drivers/STM32F4xx_HAL_Driver/Src/stm32f4xx_hal_tim.c.obj
                0x080058ba                HAL_TIM_PWM_Init
 .text.HAL_TIM_Encoder_Init
                0x08005910       0xb0 CMakeFiles/VET6.elf.dir/Drivers/STM32F4xx_HAL_Driver/Src/stm32f4xx_hal_tim.c.obj
                0x08005910                HAL_TIM_Encoder_Init
 .text.TIM_OC2_SetConfig
                0x080059c0       0x70 CMakeFiles/VET6.elf.dir/Drivers/STM32F4xx_HAL_Driver/Src/stm32f4xx_hal_tim.c.obj
                0x080059c0                TIM_OC2_SetConfig
 .text.HAL_TIM_PWM_ConfigChannel
                0x08005a30       0xdc CMakeFiles/VET6.elf.dir/Drivers/STM32F4xx_HAL_Driver/Src/stm32f4xx_hal_tim.c.obj
                0x08005a30                HAL_TIM_PWM_ConfigChannel
 .text.TIM_ETR_SetConfig
                0x08005b0c       0x18 CMakeFiles/VET6.elf.dir/Drivers/STM32F4xx_HAL_Driver/Src/stm32f4xx_hal_tim.c.obj
                0x08005b0c                TIM_ETR_SetConfig
 .text.HAL_TIM_ConfigClockSource
                0x08005b24       0xf4 CMakeFiles/VET6.elf.dir/Drivers/STM32F4xx_HAL_Driver/Src/stm32f4xx_hal_tim.c.obj
                0x08005b24                HAL_TIM_ConfigClockSource
 .text.TIM_CCxChannelCmd
                0x08005c18       0x22 CMakeFiles/VET6.elf.dir/Drivers/STM32F4xx_HAL_Driver/Src/stm32f4xx_hal_tim.c.obj
                0x08005c18                TIM_CCxChannelCmd
 *fill*         0x08005c3a        0x2 
 .text.HAL_TIM_PWM_Start
                0x08005c3c      0x10c CMakeFiles/VET6.elf.dir/Drivers/STM32F4xx_HAL_Driver/Src/stm32f4xx_hal_tim.c.obj
                0x08005c3c                HAL_TIM_PWM_Start
 .text.HAL_TIM_Encoder_Start
                0x08005d48       0xce CMakeFiles/VET6.elf.dir/Drivers/STM32F4xx_HAL_Driver/Src/stm32f4xx_hal_tim.c.obj
                0x08005d48                HAL_TIM_Encoder_Start
 *fill*         0x08005e16        0x2 
 .text.HAL_TIMEx_MasterConfigSynchronization
                0x08005e18       0x88 CMakeFiles/VET6.elf.dir/Drivers/STM32F4xx_HAL_Driver/Src/stm32f4xx_hal_tim_ex.c.obj
                0x08005e18                HAL_TIMEx_MasterConfigSynchronization
 .text.HAL_TIMEx_ConfigBreakDeadTime
                0x08005ea0       0x52 CMakeFiles/VET6.elf.dir/Drivers/STM32F4xx_HAL_Driver/Src/stm32f4xx_hal_tim_ex.c.obj
                0x08005ea0                HAL_TIMEx_ConfigBreakDeadTime
 .text.HAL_TIMEx_CommutCallback
                0x08005ef2        0x2 CMakeFiles/VET6.elf.dir/Drivers/STM32F4xx_HAL_Driver/Src/stm32f4xx_hal_tim_ex.c.obj
                0x08005ef2                HAL_TIMEx_CommutCallback
 .text.HAL_TIMEx_BreakCallback
                0x08005ef4        0x2 CMakeFiles/VET6.elf.dir/Drivers/STM32F4xx_HAL_Driver/Src/stm32f4xx_hal_tim_ex.c.obj
                0x08005ef4                HAL_TIMEx_BreakCallback
 .text.UART_EndRxTransfer
                0x08005ef6       0x5c CMakeFiles/VET6.elf.dir/Drivers/STM32F4xx_HAL_Driver/Src/stm32f4xx_hal_uart.c.obj
 .text.UART_Transmit_IT
                0x08005f52       0x62 CMakeFiles/VET6.elf.dir/Drivers/STM32F4xx_HAL_Driver/Src/stm32f4xx_hal_uart.c.obj
 .text.UART_SetConfig
                0x08005fb4      0x134 CMakeFiles/VET6.elf.dir/Drivers/STM32F4xx_HAL_Driver/Src/stm32f4xx_hal_uart.c.obj
 .text.UART_WaitOnFlagUntilTimeout
                0x080060e8       0x7e CMakeFiles/VET6.elf.dir/Drivers/STM32F4xx_HAL_Driver/Src/stm32f4xx_hal_uart.c.obj
 .text.HAL_UART_Init
                0x08006166       0x5e CMakeFiles/VET6.elf.dir/Drivers/STM32F4xx_HAL_Driver/Src/stm32f4xx_hal_uart.c.obj
                0x08006166                HAL_UART_Init
 .text.HAL_UART_Transmit
                0x080061c4       0xda CMakeFiles/VET6.elf.dir/Drivers/STM32F4xx_HAL_Driver/Src/stm32f4xx_hal_uart.c.obj
                0x080061c4                HAL_UART_Transmit
 .text.HAL_UART_Receive
                0x0800629e       0xe2 CMakeFiles/VET6.elf.dir/Drivers/STM32F4xx_HAL_Driver/Src/stm32f4xx_hal_uart.c.obj
                0x0800629e                HAL_UART_Receive
 .text.HAL_UART_TxCpltCallback
                0x08006380        0x2 CMakeFiles/VET6.elf.dir/Drivers/STM32F4xx_HAL_Driver/Src/stm32f4xx_hal_uart.c.obj
                0x08006380                HAL_UART_TxCpltCallback
 .text.UART_EndTransmit_IT
                0x08006382       0x1a CMakeFiles/VET6.elf.dir/Drivers/STM32F4xx_HAL_Driver/Src/stm32f4xx_hal_uart.c.obj
 .text.HAL_UART_ErrorCallback
                0x0800639c        0x2 CMakeFiles/VET6.elf.dir/Drivers/STM32F4xx_HAL_Driver/Src/stm32f4xx_hal_uart.c.obj
                0x0800639c                HAL_UART_ErrorCallback
 .text.UART_DMAAbortOnError
                0x0800639e       0x10 CMakeFiles/VET6.elf.dir/Drivers/STM32F4xx_HAL_Driver/Src/stm32f4xx_hal_uart.c.obj
 .text.HAL_UARTEx_RxEventCallback
                0x080063ae        0x2 CMakeFiles/VET6.elf.dir/Drivers/STM32F4xx_HAL_Driver/Src/stm32f4xx_hal_uart.c.obj
                0x080063ae                HAL_UARTEx_RxEventCallback
 .text.UART_Receive_IT
                0x080063b0       0xe2 CMakeFiles/VET6.elf.dir/Drivers/STM32F4xx_HAL_Driver/Src/stm32f4xx_hal_uart.c.obj
 *fill*         0x08006492        0x2 
 .text.HAL_UART_IRQHandler
                0x08006494      0x270 CMakeFiles/VET6.elf.dir/Drivers/STM32F4xx_HAL_Driver/Src/stm32f4xx_hal_uart.c.obj
                0x08006494                HAL_UART_IRQHandler
 .text.UART_Start_Receive_IT
                0x08006704       0x3a CMakeFiles/VET6.elf.dir/Drivers/STM32F4xx_HAL_Driver/Src/stm32f4xx_hal_uart.c.obj
                0x08006704                UART_Start_Receive_IT
 .text.HAL_UART_Receive_IT
                0x0800673e       0x38 CMakeFiles/VET6.elf.dir/Drivers/STM32F4xx_HAL_Driver/Src/stm32f4xx_hal_uart.c.obj
                0x0800673e                HAL_UART_Receive_IT
 .text.makeFreeRtosPriority
                0x08006776        0xc CMakeFiles/VET6.elf.dir/Middlewares/Third_Party/FreeRTOS/Source/CMSIS_RTOS/cmsis_os.c.obj
 .text.osKernelStart
                0x08006782        0xa CMakeFiles/VET6.elf.dir/Middlewares/Third_Party/FreeRTOS/Source/CMSIS_RTOS/cmsis_os.c.obj
                0x08006782                osKernelStart
 .text.osThreadCreate
                0x0800678c       0x6c CMakeFiles/VET6.elf.dir/Middlewares/Third_Party/FreeRTOS/Source/CMSIS_RTOS/cmsis_os.c.obj
                0x0800678c                osThreadCreate
 .text.vListInitialise
                0x080067f8       0x16 CMakeFiles/VET6.elf.dir/Middlewares/Third_Party/FreeRTOS/Source/list.c.obj
                0x080067f8                vListInitialise
 .text.vListInitialiseItem
                0x0800680e        0x6 CMakeFiles/VET6.elf.dir/Middlewares/Third_Party/FreeRTOS/Source/list.c.obj
                0x0800680e                vListInitialiseItem
 .text.vListInsertEnd
                0x08006814       0x18 CMakeFiles/VET6.elf.dir/Middlewares/Third_Party/FreeRTOS/Source/list.c.obj
                0x08006814                vListInsertEnd
 .text.vListInsert
                0x0800682c       0x34 CMakeFiles/VET6.elf.dir/Middlewares/Third_Party/FreeRTOS/Source/list.c.obj
                0x0800682c                vListInsert
 .text.uxListRemove
                0x08006860       0x28 CMakeFiles/VET6.elf.dir/Middlewares/Third_Party/FreeRTOS/Source/list.c.obj
                0x08006860                uxListRemove
 .text.prvTaskExitError
                0x08006888       0x40 CMakeFiles/VET6.elf.dir/Middlewares/Third_Party/FreeRTOS/Source/portable/GCC/ARM_CM4F/port.c.obj
 .text.prvPortStartFirstTask
                0x080068c8       0x28 CMakeFiles/VET6.elf.dir/Middlewares/Third_Party/FreeRTOS/Source/portable/GCC/ARM_CM4F/port.c.obj
 .text.vPortEnableVFP
                0x080068f0       0x14 CMakeFiles/VET6.elf.dir/Middlewares/Third_Party/FreeRTOS/Source/portable/GCC/ARM_CM4F/port.c.obj
 .text.pxPortInitialiseStack
                0x08006904       0x2c CMakeFiles/VET6.elf.dir/Middlewares/Third_Party/FreeRTOS/Source/portable/GCC/ARM_CM4F/port.c.obj
                0x08006904                pxPortInitialiseStack
 .text.SVC_Handler
                0x08006930       0x24 CMakeFiles/VET6.elf.dir/Middlewares/Third_Party/FreeRTOS/Source/portable/GCC/ARM_CM4F/port.c.obj
                0x08006930                SVC_Handler
 .text.vPortEnterCritical
                0x08006954       0x44 CMakeFiles/VET6.elf.dir/Middlewares/Third_Party/FreeRTOS/Source/portable/GCC/ARM_CM4F/port.c.obj
                0x08006954                vPortEnterCritical
 .text.vPortExitCritical
                0x08006998       0x2c CMakeFiles/VET6.elf.dir/Middlewares/Third_Party/FreeRTOS/Source/portable/GCC/ARM_CM4F/port.c.obj
                0x08006998                vPortExitCritical
 *fill*         0x080069c4        0xc 
 .text.PendSV_Handler
                0x080069d0       0x64 CMakeFiles/VET6.elf.dir/Middlewares/Third_Party/FreeRTOS/Source/portable/GCC/ARM_CM4F/port.c.obj
                0x080069d0                PendSV_Handler
 .text.xPortSysTickHandler
                0x08006a34       0x2c CMakeFiles/VET6.elf.dir/Middlewares/Third_Party/FreeRTOS/Source/portable/GCC/ARM_CM4F/port.c.obj
                0x08006a34                xPortSysTickHandler
 .text.vPortSetupTimerInterrupt
                0x08006a60       0x38 CMakeFiles/VET6.elf.dir/Middlewares/Third_Party/FreeRTOS/Source/portable/GCC/ARM_CM4F/port.c.obj
                0x08006a60                vPortSetupTimerInterrupt
 .text.xPortStartScheduler
                0x08006a98      0x110 CMakeFiles/VET6.elf.dir/Middlewares/Third_Party/FreeRTOS/Source/portable/GCC/ARM_CM4F/port.c.obj
                0x08006a98                xPortStartScheduler
 .text.vPortValidateInterruptPriority
                0x08006ba8       0x5c CMakeFiles/VET6.elf.dir/Middlewares/Third_Party/FreeRTOS/Source/portable/GCC/ARM_CM4F/port.c.obj
                0x08006ba8                vPortValidateInterruptPriority
 .text.prvHeapInit
                0x08006c04       0x64 CMakeFiles/VET6.elf.dir/Middlewares/Third_Party/FreeRTOS/Source/portable/MemMang/heap_4.c.obj
 .text.prvInsertBlockIntoFreeList
                0x08006c68       0x58 CMakeFiles/VET6.elf.dir/Middlewares/Third_Party/FreeRTOS/Source/portable/MemMang/heap_4.c.obj
 .text.pvPortMalloc
                0x08006cc0      0x114 CMakeFiles/VET6.elf.dir/Middlewares/Third_Party/FreeRTOS/Source/portable/MemMang/heap_4.c.obj
                0x08006cc0                pvPortMalloc
 .text.vPortFree
                0x08006dd4       0x7c CMakeFiles/VET6.elf.dir/Middlewares/Third_Party/FreeRTOS/Source/portable/MemMang/heap_4.c.obj
                0x08006dd4                vPortFree
 .text.prvIsQueueFull
                0x08006e50       0x1e CMakeFiles/VET6.elf.dir/Middlewares/Third_Party/FreeRTOS/Source/queue.c.obj
 .text.prvIsQueueEmpty
                0x08006e6e       0x1a CMakeFiles/VET6.elf.dir/Middlewares/Third_Party/FreeRTOS/Source/queue.c.obj
 .text.prvCopyDataToQueue
                0x08006e88       0x76 CMakeFiles/VET6.elf.dir/Middlewares/Third_Party/FreeRTOS/Source/queue.c.obj
 .text.prvCopyDataFromQueue
                0x08006efe       0x24 CMakeFiles/VET6.elf.dir/Middlewares/Third_Party/FreeRTOS/Source/queue.c.obj
 .text.prvUnlockQueue
                0x08006f22       0x6e CMakeFiles/VET6.elf.dir/Middlewares/Third_Party/FreeRTOS/Source/queue.c.obj
 .text.xQueueGenericReset
                0x08006f90       0x84 CMakeFiles/VET6.elf.dir/Middlewares/Third_Party/FreeRTOS/Source/queue.c.obj
                0x08006f90                xQueueGenericReset
 .text.prvInitialiseNewQueue
                0x08007014       0x1c CMakeFiles/VET6.elf.dir/Middlewares/Third_Party/FreeRTOS/Source/queue.c.obj
 .text.xQueueGenericCreateStatic
                0x08007030       0x92 CMakeFiles/VET6.elf.dir/Middlewares/Third_Party/FreeRTOS/Source/queue.c.obj
                0x08007030                xQueueGenericCreateStatic
 *fill*         0x080070c2        0x2 
 .text.xQueueGenericSend
                0x080070c4      0x17c CMakeFiles/VET6.elf.dir/Middlewares/Third_Party/FreeRTOS/Source/queue.c.obj
                0x080070c4                xQueueGenericSend
 .text.xQueueGenericSendFromISR
                0x08007240       0xce CMakeFiles/VET6.elf.dir/Middlewares/Third_Party/FreeRTOS/Source/queue.c.obj
                0x08007240                xQueueGenericSendFromISR
 *fill*         0x0800730e        0x2 
 .text.xQueueReceive
                0x08007310      0x158 CMakeFiles/VET6.elf.dir/Middlewares/Third_Party/FreeRTOS/Source/queue.c.obj
                0x08007310                xQueueReceive
 .text.vQueueAddToRegistry
                0x08007468       0x28 CMakeFiles/VET6.elf.dir/Middlewares/Third_Party/FreeRTOS/Source/queue.c.obj
                0x08007468                vQueueAddToRegistry
 .text.vQueueWaitForMessageRestricted
                0x08007490       0x52 CMakeFiles/VET6.elf.dir/Middlewares/Third_Party/FreeRTOS/Source/queue.c.obj
                0x08007490                vQueueWaitForMessageRestricted
 *fill*         0x080074e2        0x2 
 .text.prvTaskIsTaskSuspended
                0x080074e4       0x40 CMakeFiles/VET6.elf.dir/Middlewares/Third_Party/FreeRTOS/Source/tasks.c.obj
 .text.prvResetNextTaskUnblockTime
                0x08007524       0x2c CMakeFiles/VET6.elf.dir/Middlewares/Third_Party/FreeRTOS/Source/tasks.c.obj
 .text.prvInitialiseNewTask
                0x08007550       0x8c CMakeFiles/VET6.elf.dir/Middlewares/Third_Party/FreeRTOS/Source/tasks.c.obj
 .text.prvInitialiseTaskLists
                0x080075dc       0x68 CMakeFiles/VET6.elf.dir/Middlewares/Third_Party/FreeRTOS/Source/tasks.c.obj
 .text.prvAddNewTaskToReadyList
                0x08007644       0xa8 CMakeFiles/VET6.elf.dir/Middlewares/Third_Party/FreeRTOS/Source/tasks.c.obj
 .text.prvDeleteTCB
                0x080076ec       0x38 CMakeFiles/VET6.elf.dir/Middlewares/Third_Party/FreeRTOS/Source/tasks.c.obj
 .text.prvCheckTasksWaitingTermination
                0x08007724       0x4c CMakeFiles/VET6.elf.dir/Middlewares/Third_Party/FreeRTOS/Source/tasks.c.obj
 .text.prvIdleTask
                0x08007770       0x28 CMakeFiles/VET6.elf.dir/Middlewares/Third_Party/FreeRTOS/Source/tasks.c.obj
 .text.prvAddCurrentTaskToDelayedList
                0x08007798       0x98 CMakeFiles/VET6.elf.dir/Middlewares/Third_Party/FreeRTOS/Source/tasks.c.obj
 .text.xTaskCreateStatic
                0x08007830       0x74 CMakeFiles/VET6.elf.dir/Middlewares/Third_Party/FreeRTOS/Source/tasks.c.obj
                0x08007830                xTaskCreateStatic
 .text.xTaskCreate
                0x080078a4       0x66 CMakeFiles/VET6.elf.dir/Middlewares/Third_Party/FreeRTOS/Source/tasks.c.obj
                0x080078a4                xTaskCreate
 *fill*         0x0800790a        0x2 
 .text.vTaskResume
                0x0800790c       0x84 CMakeFiles/VET6.elf.dir/Middlewares/Third_Party/FreeRTOS/Source/tasks.c.obj
                0x0800790c                vTaskResume
 .text.vTaskStartScheduler
                0x08007990       0x94 CMakeFiles/VET6.elf.dir/Middlewares/Third_Party/FreeRTOS/Source/tasks.c.obj
                0x08007990                vTaskStartScheduler
 .text.vTaskSuspendAll
                0x08007a24       0x10 CMakeFiles/VET6.elf.dir/Middlewares/Third_Party/FreeRTOS/Source/tasks.c.obj
                0x08007a24                vTaskSuspendAll
 .text.xTaskGetTickCount
                0x08007a34        0xc CMakeFiles/VET6.elf.dir/Middlewares/Third_Party/FreeRTOS/Source/tasks.c.obj
                0x08007a34                xTaskGetTickCount
 .text.xTaskIncrementTick
                0x08007a40      0x118 CMakeFiles/VET6.elf.dir/Middlewares/Third_Party/FreeRTOS/Source/tasks.c.obj
                0x08007a40                xTaskIncrementTick
 .text.xTaskResumeAll
                0x08007b58       0xf4 CMakeFiles/VET6.elf.dir/Middlewares/Third_Party/FreeRTOS/Source/tasks.c.obj
                0x08007b58                xTaskResumeAll
 .text.vTaskDelay
                0x08007c4c       0x4c CMakeFiles/VET6.elf.dir/Middlewares/Third_Party/FreeRTOS/Source/tasks.c.obj
                0x08007c4c                vTaskDelay
 .text.vTaskSwitchContext
                0x08007c98       0x98 CMakeFiles/VET6.elf.dir/Middlewares/Third_Party/FreeRTOS/Source/tasks.c.obj
                0x08007c98                vTaskSwitchContext
 .text.vTaskSuspend
                0x08007d30       0xec CMakeFiles/VET6.elf.dir/Middlewares/Third_Party/FreeRTOS/Source/tasks.c.obj
                0x08007d30                vTaskSuspend
 .text.vTaskPlaceOnEventList
                0x08007e1c       0x30 CMakeFiles/VET6.elf.dir/Middlewares/Third_Party/FreeRTOS/Source/tasks.c.obj
                0x08007e1c                vTaskPlaceOnEventList
 .text.vTaskPlaceOnEventListRestricted
                0x08007e4c       0x38 CMakeFiles/VET6.elf.dir/Middlewares/Third_Party/FreeRTOS/Source/tasks.c.obj
                0x08007e4c                vTaskPlaceOnEventListRestricted
 .text.xTaskRemoveFromEventList
                0x08007e84       0x8c CMakeFiles/VET6.elf.dir/Middlewares/Third_Party/FreeRTOS/Source/tasks.c.obj
                0x08007e84                xTaskRemoveFromEventList
 .text.vTaskInternalSetTimeOutState
                0x08007f10       0x18 CMakeFiles/VET6.elf.dir/Middlewares/Third_Party/FreeRTOS/Source/tasks.c.obj
                0x08007f10                vTaskInternalSetTimeOutState
 .text.xTaskCheckForTimeOut
                0x08007f28       0x80 CMakeFiles/VET6.elf.dir/Middlewares/Third_Party/FreeRTOS/Source/tasks.c.obj
                0x08007f28                xTaskCheckForTimeOut
 .text.vTaskMissedYield
                0x08007fa8        0xc CMakeFiles/VET6.elf.dir/Middlewares/Third_Party/FreeRTOS/Source/tasks.c.obj
                0x08007fa8                vTaskMissedYield
 .text.xTaskGetSchedulerState
                0x08007fb4       0x20 CMakeFiles/VET6.elf.dir/Middlewares/Third_Party/FreeRTOS/Source/tasks.c.obj
                0x08007fb4                xTaskGetSchedulerState
 .text.xTaskPriorityDisinherit
                0x08007fd4       0xb0 CMakeFiles/VET6.elf.dir/Middlewares/Third_Party/FreeRTOS/Source/tasks.c.obj
                0x08007fd4                xTaskPriorityDisinherit
 .text.prvGetNextExpireTime
                0x08008084       0x20 CMakeFiles/VET6.elf.dir/Middlewares/Third_Party/FreeRTOS/Source/timers.c.obj
 .text.prvInsertTimerInActiveList
                0x080080a4       0x48 CMakeFiles/VET6.elf.dir/Middlewares/Third_Party/FreeRTOS/Source/timers.c.obj
 .text.prvCheckForValidListAndQueue
                0x080080ec       0x70 CMakeFiles/VET6.elf.dir/Middlewares/Third_Party/FreeRTOS/Source/timers.c.obj
 .text.xTimerCreateTimerTask
                0x0800815c       0x64 CMakeFiles/VET6.elf.dir/Middlewares/Third_Party/FreeRTOS/Source/timers.c.obj
                0x0800815c                xTimerCreateTimerTask
 .text.xTimerGenericCommand
                0x080081c0       0x6c CMakeFiles/VET6.elf.dir/Middlewares/Third_Party/FreeRTOS/Source/timers.c.obj
                0x080081c0                xTimerGenericCommand
 .text.prvSwitchTimerLists
                0x0800822c       0x7c CMakeFiles/VET6.elf.dir/Middlewares/Third_Party/FreeRTOS/Source/timers.c.obj
 .text.prvSampleTimeNow
                0x080082a8       0x2c CMakeFiles/VET6.elf.dir/Middlewares/Third_Party/FreeRTOS/Source/timers.c.obj
 .text.prvProcessExpiredTimer
                0x080082d4       0x6c CMakeFiles/VET6.elf.dir/Middlewares/Third_Party/FreeRTOS/Source/timers.c.obj
 .text.prvProcessTimerOrBlockTask
                0x08008340       0x74 CMakeFiles/VET6.elf.dir/Middlewares/Third_Party/FreeRTOS/Source/timers.c.obj
 .text.prvProcessReceivedCommands
                0x080083b4       0xfc CMakeFiles/VET6.elf.dir/Middlewares/Third_Party/FreeRTOS/Source/timers.c.obj
 .text.prvTimerTask
                0x080084b0       0x16 CMakeFiles/VET6.elf.dir/Middlewares/Third_Party/FreeRTOS/Source/timers.c.obj
 *fill*         0x080084c6        0x2 
 .text.abort    0x080084c8       0x10 d:/download/gcc-arm-none-eabi/bin/../lib/gcc/arm-none-eabi/7.3.1/../../../../arm-none-eabi/lib/thumb/v7e-m/fpv4-sp/hard\libg.a(lib_a-abort.o)
                0x080084c8                abort
 .text.__errno  0x080084d8        0xc d:/download/gcc-arm-none-eabi/bin/../lib/gcc/arm-none-eabi/7.3.1/../../../../arm-none-eabi/lib/thumb/v7e-m/fpv4-sp/hard\libg.a(lib_a-errno.o)
                0x080084d8                __errno
 .text.__libc_init_array
                0x080084e4       0x48 d:/download/gcc-arm-none-eabi/bin/../lib/gcc/arm-none-eabi/7.3.1/../../../../arm-none-eabi/lib/thumb/v7e-m/fpv4-sp/hard\libg.a(lib_a-init.o)
                0x080084e4                __libc_init_array
 .text.memset   0x0800852c       0x94 d:/download/gcc-arm-none-eabi/bin/../lib/gcc/arm-none-eabi/7.3.1/../../../../arm-none-eabi/lib/thumb/v7e-m/fpv4-sp/hard\libg.a(lib_a-memset.o)
                0x0800852c                memset
 .text.printf   0x080085c0       0x28 d:/download/gcc-arm-none-eabi/bin/../lib/gcc/arm-none-eabi/7.3.1/../../../../arm-none-eabi/lib/thumb/v7e-m/fpv4-sp/hard\libg.a(lib_a-printf.o)
                0x080085c0                printf
 .text._puts_r  0x080085e8       0x9c d:/download/gcc-arm-none-eabi/bin/../lib/gcc/arm-none-eabi/7.3.1/../../../../arm-none-eabi/lib/thumb/v7e-m/fpv4-sp/hard\libg.a(lib_a-puts.o)
                0x080085e8                _puts_r
 .text.puts     0x08008684       0x10 d:/download/gcc-arm-none-eabi/bin/../lib/gcc/arm-none-eabi/7.3.1/../../../../arm-none-eabi/lib/thumb/v7e-m/fpv4-sp/hard\libg.a(lib_a-puts.o)
                0x08008684                puts
 .text.setvbuf  0x08008694      0x180 d:/download/gcc-arm-none-eabi/bin/../lib/gcc/arm-none-eabi/7.3.1/../../../../arm-none-eabi/lib/thumb/v7e-m/fpv4-sp/hard\libg.a(lib_a-setvbuf.o)
                0x08008694                setvbuf
 .text._raise_r
                0x08008814       0x58 d:/download/gcc-arm-none-eabi/bin/../lib/gcc/arm-none-eabi/7.3.1/../../../../arm-none-eabi/lib/thumb/v7e-m/fpv4-sp/hard\libg.a(lib_a-signal.o)
                0x08008814                _raise_r
 .text.raise    0x0800886c       0x10 d:/download/gcc-arm-none-eabi/bin/../lib/gcc/arm-none-eabi/7.3.1/../../../../arm-none-eabi/lib/thumb/v7e-m/fpv4-sp/hard\libg.a(lib_a-signal.o)
                0x0800886c                raise
 .text._kill_r  0x0800887c       0x28 d:/download/gcc-arm-none-eabi/bin/../lib/gcc/arm-none-eabi/7.3.1/../../../../arm-none-eabi/lib/thumb/v7e-m/fpv4-sp/hard\libg.a(lib_a-signalr.o)
                0x0800887c                _kill_r
 .text._getpid_r
                0x080088a4        0x4 d:/download/gcc-arm-none-eabi/bin/../lib/gcc/arm-none-eabi/7.3.1/../../../../arm-none-eabi/lib/thumb/v7e-m/fpv4-sp/hard\libg.a(lib_a-signalr.o)
                0x080088a4                _getpid_r
 .text._vfprintf_r
                0x080088a8     0x1a7c d:/download/gcc-arm-none-eabi/bin/../lib/gcc/arm-none-eabi/7.3.1/../../../../arm-none-eabi/lib/thumb/v7e-m/fpv4-sp/hard\libg.a(lib_a-vfprintf.o)
                0x080088a8                _vfprintf_r
 .text.__sbprintf
                0x0800a324       0x84 d:/download/gcc-arm-none-eabi/bin/../lib/gcc/arm-none-eabi/7.3.1/../../../../arm-none-eabi/lib/thumb/v7e-m/fpv4-sp/hard\libg.a(lib_a-vfprintf.o)
 .text.__swsetup_r
                0x0800a3a8       0xcc d:/download/gcc-arm-none-eabi/bin/../lib/gcc/arm-none-eabi/7.3.1/../../../../arm-none-eabi/lib/thumb/v7e-m/fpv4-sp/hard\libg.a(lib_a-wsetup.o)
                0x0800a3a8                __swsetup_r
 .text.startup.register_fini
                0x0800a474       0x14 d:/download/gcc-arm-none-eabi/bin/../lib/gcc/arm-none-eabi/7.3.1/../../../../arm-none-eabi/lib/thumb/v7e-m/fpv4-sp/hard\libg.a(lib_a-__call_atexit.o)
 .text.atexit   0x0800a488        0xc d:/download/gcc-arm-none-eabi/bin/../lib/gcc/arm-none-eabi/7.3.1/../../../../arm-none-eabi/lib/thumb/v7e-m/fpv4-sp/hard\libg.a(lib_a-atexit.o)
                0x0800a488                atexit
 .text.quorem   0x0800a494      0x124 d:/download/gcc-arm-none-eabi/bin/../lib/gcc/arm-none-eabi/7.3.1/../../../../arm-none-eabi/lib/thumb/v7e-m/fpv4-sp/hard\libg.a(lib_a-dtoa.o)
 .text._dtoa_r  0x0800a5b8      0xe20 d:/download/gcc-arm-none-eabi/bin/../lib/gcc/arm-none-eabi/7.3.1/../../../../arm-none-eabi/lib/thumb/v7e-m/fpv4-sp/hard\libg.a(lib_a-dtoa.o)
                0x0800a5b8                _dtoa_r
 .text.__sflush_r
                0x0800b3d8      0x154 d:/download/gcc-arm-none-eabi/bin/../lib/gcc/arm-none-eabi/7.3.1/../../../../arm-none-eabi/lib/thumb/v7e-m/fpv4-sp/hard\libg.a(lib_a-fflush.o)
                0x0800b3d8                __sflush_r
 .text._fflush_r
                0x0800b52c       0x5c d:/download/gcc-arm-none-eabi/bin/../lib/gcc/arm-none-eabi/7.3.1/../../../../arm-none-eabi/lib/thumb/v7e-m/fpv4-sp/hard\libg.a(lib_a-fflush.o)
                0x0800b52c                _fflush_r
 .text.std      0x0800b588       0x50 d:/download/gcc-arm-none-eabi/bin/../lib/gcc/arm-none-eabi/7.3.1/../../../../arm-none-eabi/lib/thumb/v7e-m/fpv4-sp/hard\libg.a(lib_a-findfp.o)
 .text._cleanup_r
                0x0800b5d8        0xc d:/download/gcc-arm-none-eabi/bin/../lib/gcc/arm-none-eabi/7.3.1/../../../../arm-none-eabi/lib/thumb/v7e-m/fpv4-sp/hard\libg.a(lib_a-findfp.o)
                0x0800b5d8                _cleanup_r
 .text.__sinit  0x0800b5e4       0x58 d:/download/gcc-arm-none-eabi/bin/../lib/gcc/arm-none-eabi/7.3.1/../../../../arm-none-eabi/lib/thumb/v7e-m/fpv4-sp/hard\libg.a(lib_a-findfp.o)
                0x0800b5e4                __sinit
 .text.__sfp_lock_acquire
                0x0800b63c        0xc d:/download/gcc-arm-none-eabi/bin/../lib/gcc/arm-none-eabi/7.3.1/../../../../arm-none-eabi/lib/thumb/v7e-m/fpv4-sp/hard\libg.a(lib_a-findfp.o)
                0x0800b63c                __sfp_lock_acquire
 .text.__sfp_lock_release
                0x0800b648        0xc d:/download/gcc-arm-none-eabi/bin/../lib/gcc/arm-none-eabi/7.3.1/../../../../arm-none-eabi/lib/thumb/v7e-m/fpv4-sp/hard\libg.a(lib_a-findfp.o)
                0x0800b648                __sfp_lock_release
 .text.__libc_fini_array
                0x0800b654       0x34 d:/download/gcc-arm-none-eabi/bin/../lib/gcc/arm-none-eabi/7.3.1/../../../../arm-none-eabi/lib/thumb/v7e-m/fpv4-sp/hard\libg.a(lib_a-fini.o)
                0x0800b654                __libc_fini_array
 .text._malloc_trim_r
                0x0800b688       0xa0 d:/download/gcc-arm-none-eabi/bin/../lib/gcc/arm-none-eabi/7.3.1/../../../../arm-none-eabi/lib/thumb/v7e-m/fpv4-sp/hard\libg.a(lib_a-freer.o)
                0x0800b688                _malloc_trim_r
 .text._free_r  0x0800b728      0x1e8 d:/download/gcc-arm-none-eabi/bin/../lib/gcc/arm-none-eabi/7.3.1/../../../../arm-none-eabi/lib/thumb/v7e-m/fpv4-sp/hard\libg.a(lib_a-freer.o)
                0x0800b728                _free_r
 .text.__sfvwrite_r
                0x0800b910      0x2fc d:/download/gcc-arm-none-eabi/bin/../lib/gcc/arm-none-eabi/7.3.1/../../../../arm-none-eabi/lib/thumb/v7e-m/fpv4-sp/hard\libg.a(lib_a-fvwrite.o)
                0x0800b910                __sfvwrite_r
 .text._fwalk_reent
                0x0800bc0c       0x54 d:/download/gcc-arm-none-eabi/bin/../lib/gcc/arm-none-eabi/7.3.1/../../../../arm-none-eabi/lib/thumb/v7e-m/fpv4-sp/hard\libg.a(lib_a-fwalk.o)
                0x0800bc0c                _fwalk_reent
 .text._localeconv_r
                0x0800bc60       0x1c d:/download/gcc-arm-none-eabi/bin/../lib/gcc/arm-none-eabi/7.3.1/../../../../arm-none-eabi/lib/thumb/v7e-m/fpv4-sp/hard\libg.a(lib_a-localeconv.o)
                0x0800bc60                _localeconv_r
 .text.__retarget_lock_init_recursive
                0x0800bc7c        0x4 d:/download/gcc-arm-none-eabi/bin/../lib/gcc/arm-none-eabi/7.3.1/../../../../arm-none-eabi/lib/thumb/v7e-m/fpv4-sp/hard\libg.a(lib_a-lock.o)
                0x0800bc7c                __retarget_lock_init_recursive
 .text.__retarget_lock_close_recursive
                0x0800bc80        0x4 d:/download/gcc-arm-none-eabi/bin/../lib/gcc/arm-none-eabi/7.3.1/../../../../arm-none-eabi/lib/thumb/v7e-m/fpv4-sp/hard\libg.a(lib_a-lock.o)
                0x0800bc80                __retarget_lock_close_recursive
 .text.__retarget_lock_acquire_recursive
                0x0800bc84        0x4 d:/download/gcc-arm-none-eabi/bin/../lib/gcc/arm-none-eabi/7.3.1/../../../../arm-none-eabi/lib/thumb/v7e-m/fpv4-sp/hard\libg.a(lib_a-lock.o)
                0x0800bc84                __retarget_lock_acquire_recursive
 .text.__retarget_lock_release_recursive
                0x0800bc88        0x4 d:/download/gcc-arm-none-eabi/bin/../lib/gcc/arm-none-eabi/7.3.1/../../../../arm-none-eabi/lib/thumb/v7e-m/fpv4-sp/hard\libg.a(lib_a-lock.o)
                0x0800bc88                __retarget_lock_release_recursive
 .text.__swhatbuf_r
                0x0800bc8c       0x5c d:/download/gcc-arm-none-eabi/bin/../lib/gcc/arm-none-eabi/7.3.1/../../../../arm-none-eabi/lib/thumb/v7e-m/fpv4-sp/hard\libg.a(lib_a-makebuf.o)
                0x0800bc8c                __swhatbuf_r
 .text.__smakebuf_r
                0x0800bce8       0x94 d:/download/gcc-arm-none-eabi/bin/../lib/gcc/arm-none-eabi/7.3.1/../../../../arm-none-eabi/lib/thumb/v7e-m/fpv4-sp/hard\libg.a(lib_a-makebuf.o)
                0x0800bce8                __smakebuf_r
 .text.malloc   0x0800bd7c       0x10 d:/download/gcc-arm-none-eabi/bin/../lib/gcc/arm-none-eabi/7.3.1/../../../../arm-none-eabi/lib/thumb/v7e-m/fpv4-sp/hard\libg.a(lib_a-malloc.o)
                0x0800bd7c                malloc
 .text._malloc_r
                0x0800bd8c      0x548 d:/download/gcc-arm-none-eabi/bin/../lib/gcc/arm-none-eabi/7.3.1/../../../../arm-none-eabi/lib/thumb/v7e-m/fpv4-sp/hard\libg.a(lib_a-mallocr.o)
                0x0800bd8c                _malloc_r
 .text.memmove  0x0800c2d4       0xc8 d:/download/gcc-arm-none-eabi/bin/../lib/gcc/arm-none-eabi/7.3.1/../../../../arm-none-eabi/lib/thumb/v7e-m/fpv4-sp/hard\libg.a(lib_a-memmove.o)
                0x0800c2d4                memmove
 .text.__malloc_lock
                0x0800c39c        0xc d:/download/gcc-arm-none-eabi/bin/../lib/gcc/arm-none-eabi/7.3.1/../../../../arm-none-eabi/lib/thumb/v7e-m/fpv4-sp/hard\libg.a(lib_a-mlock.o)
                0x0800c39c                __malloc_lock
 .text.__malloc_unlock
                0x0800c3a8        0xc d:/download/gcc-arm-none-eabi/bin/../lib/gcc/arm-none-eabi/7.3.1/../../../../arm-none-eabi/lib/thumb/v7e-m/fpv4-sp/hard\libg.a(lib_a-mlock.o)
                0x0800c3a8                __malloc_unlock
 .text._Balloc  0x0800c3b4       0x4c d:/download/gcc-arm-none-eabi/bin/../lib/gcc/arm-none-eabi/7.3.1/../../../../arm-none-eabi/lib/thumb/v7e-m/fpv4-sp/hard\libg.a(lib_a-mprec.o)
                0x0800c3b4                _Balloc
 .text._Bfree   0x0800c400       0x14 d:/download/gcc-arm-none-eabi/bin/../lib/gcc/arm-none-eabi/7.3.1/../../../../arm-none-eabi/lib/thumb/v7e-m/fpv4-sp/hard\libg.a(lib_a-mprec.o)
                0x0800c400                _Bfree
 .text.__multadd
                0x0800c414       0x80 d:/download/gcc-arm-none-eabi/bin/../lib/gcc/arm-none-eabi/7.3.1/../../../../arm-none-eabi/lib/thumb/v7e-m/fpv4-sp/hard\libg.a(lib_a-mprec.o)
                0x0800c414                __multadd
 .text.__hi0bits
                0x0800c494       0x40 d:/download/gcc-arm-none-eabi/bin/../lib/gcc/arm-none-eabi/7.3.1/../../../../arm-none-eabi/lib/thumb/v7e-m/fpv4-sp/hard\libg.a(lib_a-mprec.o)
                0x0800c494                __hi0bits
 .text.__lo0bits
                0x0800c4d4       0x60 d:/download/gcc-arm-none-eabi/bin/../lib/gcc/arm-none-eabi/7.3.1/../../../../arm-none-eabi/lib/thumb/v7e-m/fpv4-sp/hard\libg.a(lib_a-mprec.o)
                0x0800c4d4                __lo0bits
 .text.__i2b    0x0800c534       0x14 d:/download/gcc-arm-none-eabi/bin/../lib/gcc/arm-none-eabi/7.3.1/../../../../arm-none-eabi/lib/thumb/v7e-m/fpv4-sp/hard\libg.a(lib_a-mprec.o)
                0x0800c534                __i2b
 .text.__multiply
                0x0800c548      0x14c d:/download/gcc-arm-none-eabi/bin/../lib/gcc/arm-none-eabi/7.3.1/../../../../arm-none-eabi/lib/thumb/v7e-m/fpv4-sp/hard\libg.a(lib_a-mprec.o)
                0x0800c548                __multiply
 .text.__pow5mult
                0x0800c694       0xa0 d:/download/gcc-arm-none-eabi/bin/../lib/gcc/arm-none-eabi/7.3.1/../../../../arm-none-eabi/lib/thumb/v7e-m/fpv4-sp/hard\libg.a(lib_a-mprec.o)
                0x0800c694                __pow5mult
 .text.__lshift
                0x0800c734       0xac d:/download/gcc-arm-none-eabi/bin/../lib/gcc/arm-none-eabi/7.3.1/../../../../arm-none-eabi/lib/thumb/v7e-m/fpv4-sp/hard\libg.a(lib_a-mprec.o)
                0x0800c734                __lshift
 .text.__mcmp   0x0800c7e0       0x38 d:/download/gcc-arm-none-eabi/bin/../lib/gcc/arm-none-eabi/7.3.1/../../../../arm-none-eabi/lib/thumb/v7e-m/fpv4-sp/hard\libg.a(lib_a-mprec.o)
                0x0800c7e0                __mcmp
 .text.__mdiff  0x0800c818       0xec d:/download/gcc-arm-none-eabi/bin/../lib/gcc/arm-none-eabi/7.3.1/../../../../arm-none-eabi/lib/thumb/v7e-m/fpv4-sp/hard\libg.a(lib_a-mprec.o)
                0x0800c818                __mdiff
 .text.__d2b    0x0800c904       0xc4 d:/download/gcc-arm-none-eabi/bin/../lib/gcc/arm-none-eabi/7.3.1/../../../../arm-none-eabi/lib/thumb/v7e-m/fpv4-sp/hard\libg.a(lib_a-mprec.o)
                0x0800c904                __d2b
 .text._realloc_r
                0x0800c9c8      0x35c d:/download/gcc-arm-none-eabi/bin/../lib/gcc/arm-none-eabi/7.3.1/../../../../arm-none-eabi/lib/thumb/v7e-m/fpv4-sp/hard\libg.a(lib_a-reallocr.o)
                0x0800c9c8                _realloc_r
 .text.frexp    0x0800cd24       0x68 d:/download/gcc-arm-none-eabi/bin/../lib/gcc/arm-none-eabi/7.3.1/../../../../arm-none-eabi/lib/thumb/v7e-m/fpv4-sp/hard\libg.a(lib_a-s_frexp.o)
                0x0800cd24                frexp
 .text._sbrk_r  0x0800cd8c       0x24 d:/download/gcc-arm-none-eabi/bin/../lib/gcc/arm-none-eabi/7.3.1/../../../../arm-none-eabi/lib/thumb/v7e-m/fpv4-sp/hard\libg.a(lib_a-sbrkr.o)
                0x0800cd8c                _sbrk_r
 .text.__sread  0x0800cdb0       0x24 d:/download/gcc-arm-none-eabi/bin/../lib/gcc/arm-none-eabi/7.3.1/../../../../arm-none-eabi/lib/thumb/v7e-m/fpv4-sp/hard\libg.a(lib_a-stdio.o)
                0x0800cdb0                __sread
 .text.__swrite
                0x0800cdd4       0x3c d:/download/gcc-arm-none-eabi/bin/../lib/gcc/arm-none-eabi/7.3.1/../../../../arm-none-eabi/lib/thumb/v7e-m/fpv4-sp/hard\libg.a(lib_a-stdio.o)
                0x0800cdd4                __swrite
 .text.__sseek  0x0800ce10       0x20 d:/download/gcc-arm-none-eabi/bin/../lib/gcc/arm-none-eabi/7.3.1/../../../../arm-none-eabi/lib/thumb/v7e-m/fpv4-sp/hard\libg.a(lib_a-stdio.o)
                0x0800ce10                __sseek
 .text.__sclose
                0x0800ce30        0x8 d:/download/gcc-arm-none-eabi/bin/../lib/gcc/arm-none-eabi/7.3.1/../../../../arm-none-eabi/lib/thumb/v7e-m/fpv4-sp/hard\libg.a(lib_a-stdio.o)
                0x0800ce30                __sclose
 .text.strncpy  0x0800ce38       0x64 d:/download/gcc-arm-none-eabi/bin/../lib/gcc/arm-none-eabi/7.3.1/../../../../arm-none-eabi/lib/thumb/v7e-m/fpv4-sp/hard\libg.a(lib_a-strncpy.o)
                0x0800ce38                strncpy
 .text.__sprint_r.part.0
                0x0800ce9c       0x78 d:/download/gcc-arm-none-eabi/bin/../lib/gcc/arm-none-eabi/7.3.1/../../../../arm-none-eabi/lib/thumb/v7e-m/fpv4-sp/hard\libg.a(lib_a-vfiprintf.o)
 .text.__sprint_r
                0x0800cf14       0x14 d:/download/gcc-arm-none-eabi/bin/../lib/gcc/arm-none-eabi/7.3.1/../../../../arm-none-eabi/lib/thumb/v7e-m/fpv4-sp/hard\libg.a(lib_a-vfiprintf.o)
                0x0800cf14                __sprint_r
 .text._write_r
                0x0800cf28       0x2c d:/download/gcc-arm-none-eabi/bin/../lib/gcc/arm-none-eabi/7.3.1/../../../../arm-none-eabi/lib/thumb/v7e-m/fpv4-sp/hard\libg.a(lib_a-writer.o)
                0x0800cf28                _write_r
 .text.__register_exitproc
                0x0800cf54       0xc0 d:/download/gcc-arm-none-eabi/bin/../lib/gcc/arm-none-eabi/7.3.1/../../../../arm-none-eabi/lib/thumb/v7e-m/fpv4-sp/hard\libg.a(lib_a-__atexit.o)
                0x0800cf54                __register_exitproc
 .text._calloc_r
                0x0800d014       0x68 d:/download/gcc-arm-none-eabi/bin/../lib/gcc/arm-none-eabi/7.3.1/../../../../arm-none-eabi/lib/thumb/v7e-m/fpv4-sp/hard\libg.a(lib_a-callocr.o)
                0x0800d014                _calloc_r
 .text._close_r
                0x0800d07c       0x24 d:/download/gcc-arm-none-eabi/bin/../lib/gcc/arm-none-eabi/7.3.1/../../../../arm-none-eabi/lib/thumb/v7e-m/fpv4-sp/hard\libg.a(lib_a-closer.o)
                0x0800d07c                _close_r
 .text._fclose_r
                0x0800d0a0       0xd0 d:/download/gcc-arm-none-eabi/bin/../lib/gcc/arm-none-eabi/7.3.1/../../../../arm-none-eabi/lib/thumb/v7e-m/fpv4-sp/hard\libg.a(lib_a-fclose.o)
                0x0800d0a0                _fclose_r
 .text.__fputwc
                0x0800d170       0xa0 d:/download/gcc-arm-none-eabi/bin/../lib/gcc/arm-none-eabi/7.3.1/../../../../arm-none-eabi/lib/thumb/v7e-m/fpv4-sp/hard\libg.a(lib_a-fputwc.o)
                0x0800d170                __fputwc
 .text._fputwc_r
                0x0800d210       0x64 d:/download/gcc-arm-none-eabi/bin/../lib/gcc/arm-none-eabi/7.3.1/../../../../arm-none-eabi/lib/thumb/v7e-m/fpv4-sp/hard\libg.a(lib_a-fputwc.o)
                0x0800d210                _fputwc_r
 .text._fstat_r
                0x0800d274       0x28 d:/download/gcc-arm-none-eabi/bin/../lib/gcc/arm-none-eabi/7.3.1/../../../../arm-none-eabi/lib/thumb/v7e-m/fpv4-sp/hard\libg.a(lib_a-fstatr.o)
                0x0800d274                _fstat_r
 .text._isatty_r
                0x0800d29c       0x24 d:/download/gcc-arm-none-eabi/bin/../lib/gcc/arm-none-eabi/7.3.1/../../../../arm-none-eabi/lib/thumb/v7e-m/fpv4-sp/hard\libg.a(lib_a-isattyr.o)
                0x0800d29c                _isatty_r
 .text.__locale_mb_cur_max
                0x0800d2c0       0x1c d:/download/gcc-arm-none-eabi/bin/../lib/gcc/arm-none-eabi/7.3.1/../../../../arm-none-eabi/lib/thumb/v7e-m/fpv4-sp/hard\libg.a(lib_a-locale.o)
                0x0800d2c0                __locale_mb_cur_max
 .text._lseek_r
                0x0800d2dc       0x2c d:/download/gcc-arm-none-eabi/bin/../lib/gcc/arm-none-eabi/7.3.1/../../../../arm-none-eabi/lib/thumb/v7e-m/fpv4-sp/hard\libg.a(lib_a-lseekr.o)
                0x0800d2dc                _lseek_r
 .text.__ascii_mbtowc
                0x0800d308       0x2c d:/download/gcc-arm-none-eabi/bin/../lib/gcc/arm-none-eabi/7.3.1/../../../../arm-none-eabi/lib/thumb/v7e-m/fpv4-sp/hard\libg.a(lib_a-mbtowc_r.o)
                0x0800d308                __ascii_mbtowc
 .text._read_r  0x0800d334       0x2c d:/download/gcc-arm-none-eabi/bin/../lib/gcc/arm-none-eabi/7.3.1/../../../../arm-none-eabi/lib/thumb/v7e-m/fpv4-sp/hard\libg.a(lib_a-readr.o)
                0x0800d334                _read_r
 .text.__swbuf_r
                0x0800d360       0xb0 d:/download/gcc-arm-none-eabi/bin/../lib/gcc/arm-none-eabi/7.3.1/../../../../arm-none-eabi/lib/thumb/v7e-m/fpv4-sp/hard\libg.a(lib_a-wbuf.o)
                0x0800d360                __swbuf_r
 .text._wcrtomb_r
                0x0800d410       0x50 d:/download/gcc-arm-none-eabi/bin/../lib/gcc/arm-none-eabi/7.3.1/../../../../arm-none-eabi/lib/thumb/v7e-m/fpv4-sp/hard\libg.a(lib_a-wcrtomb.o)
                0x0800d410                _wcrtomb_r
 .text.__ascii_wctomb
                0x0800d460       0x1c d:/download/gcc-arm-none-eabi/bin/../lib/gcc/arm-none-eabi/7.3.1/../../../../arm-none-eabi/lib/thumb/v7e-m/fpv4-sp/hard\libg.a(lib_a-wctomb_r.o)
                0x0800d460                __ascii_wctomb
 *(.glue_7)
 .glue_7        0x0800d47c        0x0 linker stubs
 *(.glue_7t)
 .glue_7t       0x0800d47c        0x0 linker stubs
 *(.eh_frame)
 .eh_frame      0x0800d47c        0x0 d:/download/gcc-arm-none-eabi/bin/../lib/gcc/arm-none-eabi/7.3.1/thumb/v7e-m/fpv4-sp/hard/crtbegin.o
 *(.init)
 .init          0x0800d47c        0x4 d:/download/gcc-arm-none-eabi/bin/../lib/gcc/arm-none-eabi/7.3.1/thumb/v7e-m/fpv4-sp/hard/crti.o
                0x0800d47c                _init
 .init          0x0800d480        0x8 d:/download/gcc-arm-none-eabi/bin/../lib/gcc/arm-none-eabi/7.3.1/thumb/v7e-m/fpv4-sp/hard/crtn.o
 *(.fini)
 .fini          0x0800d488        0x4 d:/download/gcc-arm-none-eabi/bin/../lib/gcc/arm-none-eabi/7.3.1/thumb/v7e-m/fpv4-sp/hard/crti.o
                0x0800d488                _fini
 .fini          0x0800d48c        0x8 d:/download/gcc-arm-none-eabi/bin/../lib/gcc/arm-none-eabi/7.3.1/thumb/v7e-m/fpv4-sp/hard/crtn.o
                0x0800d494                . = ALIGN (0x4)
                0x0800d494                _etext = .

.vfp11_veneer   0x0800d494        0x0
 .vfp11_veneer  0x0800d494        0x0 linker stubs

.v4_bx          0x0800d494        0x0
 .v4_bx         0x0800d494        0x0 linker stubs

.iplt           0x0800d494        0x0
 .iplt          0x0800d494        0x0 d:/download/gcc-arm-none-eabi/bin/../lib/gcc/arm-none-eabi/7.3.1/thumb/v7e-m/fpv4-sp/hard/crtbegin.o

.rodata         0x0800d498      0x6d8
                0x0800d498                . = ALIGN (0x4)
 *(.rodata)
 .rodata        0x0800d498       0x70 CMakeFiles/VET6.elf.dir/Core/Src/freertos.c.obj
 *(.rodata*)
 .rodata.HAL_UART_RxCpltCallback.str1.4
                0x0800d508       0x32 CMakeFiles/VET6.elf.dir/Core/App/bluetooth/bluetooth.c.obj
 *fill*         0x0800d53a        0x2 
 .rodata.bluetooth.str1.4
                0x0800d53c        0x6 CMakeFiles/VET6.elf.dir/Core/App/bluetooth/bluetooth.c.obj
 *fill*         0x0800d542        0x2 
 .rodata.parse_packet.str1.4
                0x0800d544       0x2a CMakeFiles/VET6.elf.dir/Core/App/bluetooth/bluetooth.c.obj
 *fill*         0x0800d56e        0x2 
 .rodata.GetImuEuler.str1.4
                0x0800d570       0x18 CMakeFiles/VET6.elf.dir/Core/Hard/JY901s/JY901s.cpp.obj
 .rodata.GetImuMag.str1.4
                0x0800d588       0x16 CMakeFiles/VET6.elf.dir/Core/Hard/JY901s/JY901s.cpp.obj
 *fill*         0x0800d59e        0x2 
 .rodata.GetImuQuater.str1.4
                0x0800d5a0       0x1d CMakeFiles/VET6.elf.dir/Core/Hard/JY901s/JY901s.cpp.obj
 *fill*         0x0800d5bd        0x3 
 .rodata.GetImuRawdata.str1.4
                0x0800d5c0       0x2e CMakeFiles/VET6.elf.dir/Core/Hard/JY901s/JY901s.cpp.obj
 *fill*         0x0800d5ee        0x2 
 .rodata.JY901S_Init.str1.4
                0x0800d5f0       0x42 CMakeFiles/VET6.elf.dir/Core/Hard/JY901s/JY901s.cpp.obj
 *fill*         0x0800d632        0x2 
 .rodata._ZL14AutoScanSensorv.str1.4
                0x0800d634       0x52 CMakeFiles/VET6.elf.dir/Core/Hard/JY901s/JY901s.cpp.obj
 *fill*         0x0800d686        0x2 
 .rodata.__auchCRCHi
                0x0800d688      0x100 CMakeFiles/VET6.elf.dir/Core/Lib/3rdParty/wit_c_sdk/wit_c_sdk.c.obj
 .rodata.__auchCRCLo
                0x0800d788      0x100 CMakeFiles/VET6.elf.dir/Core/Lib/3rdParty/wit_c_sdk/wit_c_sdk.c.obj
 .rodata.str1.4
                0x0800d888       0x2e CMakeFiles/VET6.elf.dir/Core/Src/freertos.c.obj
 *fill*         0x0800d8b6        0x2 
 .rodata.AHBPrescTable
                0x0800d8b8       0x10 CMakeFiles/VET6.elf.dir/Core/Src/system_stm32f4xx.c.obj
                0x0800d8b8                AHBPrescTable
 .rodata.APBPrescTable
                0x0800d8c8        0x8 CMakeFiles/VET6.elf.dir/Core/Src/system_stm32f4xx.c.obj
                0x0800d8c8                APBPrescTable
 .rodata.vTaskStartScheduler.str1.4
                0x0800d8d0        0x5 CMakeFiles/VET6.elf.dir/Middlewares/Third_Party/FreeRTOS/Source/tasks.c.obj
 *fill*         0x0800d8d5        0x3 
 .rodata.prvCheckForValidListAndQueue.str1.4
                0x0800d8d8        0x5 CMakeFiles/VET6.elf.dir/Middlewares/Third_Party/FreeRTOS/Source/timers.c.obj
 *fill*         0x0800d8dd        0x3 
 .rodata.xTimerCreateTimerTask.str1.4
                0x0800d8e0        0x8 CMakeFiles/VET6.elf.dir/Middlewares/Third_Party/FreeRTOS/Source/timers.c.obj
 .rodata._global_impure_ptr
                0x0800d8e8        0x4 d:/download/gcc-arm-none-eabi/bin/../lib/gcc/arm-none-eabi/7.3.1/../../../../arm-none-eabi/lib/thumb/v7e-m/fpv4-sp/hard\libg.a(lib_a-impure.o)
                0x0800d8e8                _global_impure_ptr
 .rodata._puts_r.str1.4
                0x0800d8ec        0x8 d:/download/gcc-arm-none-eabi/bin/../lib/gcc/arm-none-eabi/7.3.1/../../../../arm-none-eabi/lib/thumb/v7e-m/fpv4-sp/hard\libg.a(lib_a-puts.o)
                                  0x2 (size before relaxing)
 .rodata._vfprintf_r.str1.4
                0x0800d8ec       0x42 d:/download/gcc-arm-none-eabi/bin/../lib/gcc/arm-none-eabi/7.3.1/../../../../arm-none-eabi/lib/thumb/v7e-m/fpv4-sp/hard\libg.a(lib_a-vfprintf.o)
 *fill*         0x0800d92e        0x2 
 .rodata.blanks.8605
                0x0800d930       0x10 d:/download/gcc-arm-none-eabi/bin/../lib/gcc/arm-none-eabi/7.3.1/../../../../arm-none-eabi/lib/thumb/v7e-m/fpv4-sp/hard\libg.a(lib_a-vfprintf.o)
 .rodata.zeroes.8606
                0x0800d940       0x10 d:/download/gcc-arm-none-eabi/bin/../lib/gcc/arm-none-eabi/7.3.1/../../../../arm-none-eabi/lib/thumb/v7e-m/fpv4-sp/hard\libg.a(lib_a-vfprintf.o)
 .rodata._dtoa_r.str1.4
                0x0800d950       0x10 d:/download/gcc-arm-none-eabi/bin/../lib/gcc/arm-none-eabi/7.3.1/../../../../arm-none-eabi/lib/thumb/v7e-m/fpv4-sp/hard\libg.a(lib_a-dtoa.o)
                                 0x12 (size before relaxing)
 .rodata.__mprec_bigtens
                0x0800d960       0x28 d:/download/gcc-arm-none-eabi/bin/../lib/gcc/arm-none-eabi/7.3.1/../../../../arm-none-eabi/lib/thumb/v7e-m/fpv4-sp/hard\libg.a(lib_a-mprec.o)
                0x0800d960                __mprec_bigtens
 .rodata.__mprec_tens
                0x0800d988       0xc8 d:/download/gcc-arm-none-eabi/bin/../lib/gcc/arm-none-eabi/7.3.1/../../../../arm-none-eabi/lib/thumb/v7e-m/fpv4-sp/hard\libg.a(lib_a-mprec.o)
                0x0800d988                __mprec_tens
 .rodata.p05.7367
                0x0800da50        0xc d:/download/gcc-arm-none-eabi/bin/../lib/gcc/arm-none-eabi/7.3.1/../../../../arm-none-eabi/lib/thumb/v7e-m/fpv4-sp/hard\libg.a(lib_a-mprec.o)
 .rodata._setlocale_r.str1.4
                0x0800da5c        0xa d:/download/gcc-arm-none-eabi/bin/../lib/gcc/arm-none-eabi/7.3.1/../../../../arm-none-eabi/lib/thumb/v7e-m/fpv4-sp/hard\libg.a(lib_a-locale.o)
                                  0xd (size before relaxing)
 *fill*         0x0800da66        0x2 
 .rodata.str1.4
                0x0800da68        0x4 d:/download/gcc-arm-none-eabi/bin/../lib/gcc/arm-none-eabi/7.3.1/../../../../arm-none-eabi/lib/thumb/v7e-m/fpv4-sp/hard\libg.a(lib_a-locale.o)
                                  0x2 (size before relaxing)
 .rodata._ctype_
                0x0800da6c      0x101 d:/download/gcc-arm-none-eabi/bin/../lib/gcc/arm-none-eabi/7.3.1/../../../../arm-none-eabi/lib/thumb/v7e-m/fpv4-sp/hard\libg.a(lib_a-ctype_.o)
                0x0800da6c                _ctype_
                0x0800db70                . = ALIGN (0x4)
 *fill*         0x0800db6d        0x3 

.ARM.extab      0x0800db70       0x3c
                0x0800db70                . = ALIGN (0x4)
 *(.ARM.extab* .gnu.linkonce.armextab.*)
 .ARM.extab.text.User_HalInit
                0x0800db70        0xc CMakeFiles/VET6.elf.dir/Core/Hard/JY901s/HAL.cpp.obj
 .ARM.extab.text._ZL7Delaymst
                0x0800db7c        0xc CMakeFiles/VET6.elf.dir/Core/Hard/JY901s/JY901s.cpp.obj
 .ARM.extab.text.JY901S_Init
                0x0800db88        0xc CMakeFiles/VET6.elf.dir/Core/Hard/JY901s/JY901s.cpp.obj
 .ARM.extab     0x0800db94       0x18 d:/download/gcc-arm-none-eabi/bin/../lib/gcc/arm-none-eabi/7.3.1/thumb/v7e-m/fpv4-sp/hard\libgcc.a(pr-support.o)
                0x0800dbac                . = ALIGN (0x4)

.ARM            0x0800dbac      0x118
                0x0800dbac                . = ALIGN (0x4)
                0x0800dbac                __exidx_start = .
 *(.ARM.exidx*)
 .ARM.exidx.text.User_HalInit
                0x0800dc64        0x8 CMakeFiles/VET6.elf.dir/Core/Hard/JY901s/HAL.cpp.obj
 .ARM.exidx.text._ZL16SensorDataUpdatamm
                0x0800dc6c        0x8 CMakeFiles/VET6.elf.dir/Core/Hard/JY901s/JY901s.cpp.obj
 .ARM.exidx.text._ZL7Delaymst
                0x0800dc74        0x8 CMakeFiles/VET6.elf.dir/Core/Hard/JY901s/JY901s.cpp.obj
 .ARM.exidx.text._ZL9IIC_Startv
                0x0800dc7c        0x8 CMakeFiles/VET6.elf.dir/Core/Hard/JY901s/JY901s.cpp.obj
 .ARM.exidx.text._ZL8IIC_Stopv
                0x0800dc84        0x0 CMakeFiles/VET6.elf.dir/Core/Hard/JY901s/JY901s.cpp.obj
                                  0x8 (size before relaxing)
 .ARM.exidx.text._ZL13I2C_ReadByteshhPhm
                0x0800dc84        0x8 CMakeFiles/VET6.elf.dir/Core/Hard/JY901s/JY901s.cpp.obj
 .ARM.exidx.text._ZL14I2C_WriteByteshhPhm
                0x0800dc8c        0x0 CMakeFiles/VET6.elf.dir/Core/Hard/JY901s/JY901s.cpp.obj
                                  0x8 (size before relaxing)
 .ARM.exidx.text._ZL14AutoScanSensorv
                0x0800dc8c        0x8 CMakeFiles/VET6.elf.dir/Core/Hard/JY901s/JY901s.cpp.obj
 .ARM.exidx.text.JY901S_Init
                0x0800dc94        0x8 CMakeFiles/VET6.elf.dir/Core/Hard/JY901s/JY901s.cpp.obj
 .ARM.exidx.text.GetImuRawdata
                0x0800dc9c        0x8 CMakeFiles/VET6.elf.dir/Core/Hard/JY901s/JY901s.cpp.obj
 .ARM.exidx.text.GetImuQuater
                0x0800dca4        0x8 CMakeFiles/VET6.elf.dir/Core/Hard/JY901s/JY901s.cpp.obj
 .ARM.exidx.text.GetImuMag
                0x0800dcac        0x8 CMakeFiles/VET6.elf.dir/Core/Hard/JY901s/JY901s.cpp.obj
 .ARM.exidx.text.GetImuEuler
                0x0800dcb4        0x0 CMakeFiles/VET6.elf.dir/Core/Hard/JY901s/JY901s.cpp.obj
                                  0x8 (size before relaxing)
 .ARM.exidx.text.Imu_Test
                0x0800dcb4       0x10 CMakeFiles/VET6.elf.dir/Core/Hard/JY901s/JY901s.cpp.obj
                                  0x8 (size before relaxing)
 .ARM.exidx     0x0800dbac        0x8 d:/download/gcc-arm-none-eabi/bin/../lib/gcc/arm-none-eabi/7.3.1/thumb/v7e-m/fpv4-sp/hard\libgcc.a(_udivmoddi4.o)
 .ARM.exidx     0x0800dbb4       0x78 d:/download/gcc-arm-none-eabi/bin/../lib/gcc/arm-none-eabi/7.3.1/thumb/v7e-m/fpv4-sp/hard\libgcc.a(unwind-arm.o)
                                 0xd8 (size before relaxing)
 .ARM.exidx     0x0800dc2c       0x38 d:/download/gcc-arm-none-eabi/bin/../lib/gcc/arm-none-eabi/7.3.1/thumb/v7e-m/fpv4-sp/hard\libgcc.a(pr-support.o)
                                 0x48 (size before relaxing)
                0x0800dcc4                __exidx_end = .
                0x0800dcc4                . = ALIGN (0x4)

.rel.dyn        0x0800dcc4        0x0
 .rel.iplt      0x0800dcc4        0x0 d:/download/gcc-arm-none-eabi/bin/../lib/gcc/arm-none-eabi/7.3.1/thumb/v7e-m/fpv4-sp/hard/crtbegin.o

.preinit_array  0x0800dcc4        0x0
                0x0800dcc4                . = ALIGN (0x4)
                0x0800dcc4                PROVIDE (__preinit_array_start = .)
 *(.preinit_array*)
                0x0800dcc4                PROVIDE (__preinit_array_end = .)
                0x0800dcc4                . = ALIGN (0x4)

.init_array     0x0800dcc4        0x8
                0x0800dcc4                . = ALIGN (0x4)
                0x0800dcc4                PROVIDE (__init_array_start = .)
 *(SORT_BY_NAME(.init_array.*))
 .init_array.00000
                0x0800dcc4        0x4 d:/download/gcc-arm-none-eabi/bin/../lib/gcc/arm-none-eabi/7.3.1/../../../../arm-none-eabi/lib/thumb/v7e-m/fpv4-sp/hard\libg.a(lib_a-__call_atexit.o)
 *(.init_array*)
 .init_array    0x0800dcc8        0x4 d:/download/gcc-arm-none-eabi/bin/../lib/gcc/arm-none-eabi/7.3.1/thumb/v7e-m/fpv4-sp/hard/crtbegin.o
                0x0800dccc                PROVIDE (__init_array_end = .)
                0x0800dccc                . = ALIGN (0x4)

.fini_array     0x0800dccc        0x4
                0x0800dccc                . = ALIGN (0x4)
                0x0800dccc                PROVIDE (__fini_array_start = .)
 *(SORT_BY_NAME(.fini_array.*))
 *(.fini_array*)
 .fini_array    0x0800dccc        0x4 d:/download/gcc-arm-none-eabi/bin/../lib/gcc/arm-none-eabi/7.3.1/thumb/v7e-m/fpv4-sp/hard/crtbegin.o
                0x0800dcd0                PROVIDE (__fini_array_end = .)
                0x0800dcd0                . = ALIGN (0x4)
                0x0800dcd0                _sidata = LOADADDR (.data)

.data           0x20000000      0x9c0 load address 0x0800dcd0
                0x20000000                . = ALIGN (0x4)
                0x20000000                _sdata = .
 *(.data)
 *(.data*)