Archive member included to satisfy reference by file (symbol)

d:/download/gcc-arm-none-eabi/bin/../lib/gcc/arm-none-eabi/7.3.1/thumb/v7e-m/fpv4-sp/hard\libgcc.a(_aeabi_uldivmod.o)
                              CMakeFiles/VET6.elf.dir/Drivers/STM32F4xx_HAL_Driver/Src/stm32f4xx_hal_rcc.c.obj (__aeabi_uldivmod)
d:/download/gcc-arm-none-eabi/bin/../lib/gcc/arm-none-eabi/7.3.1/thumb/v7e-m/fpv4-sp/hard\libgcc.a(_udivmoddi4.o)
                              d:/download/gcc-arm-none-eabi/bin/../lib/gcc/arm-none-eabi/7.3.1/thumb/v7e-m/fpv4-sp/hard\libgcc.a(_aeabi_uldivmod.o) (__udivmoddi4)
d:/download/gcc-arm-none-eabi/bin/../lib/gcc/arm-none-eabi/7.3.1/thumb/v7e-m/fpv4-sp/hard\libgcc.a(_dvmd_tls.o)
                              d:/download/gcc-arm-none-eabi/bin/../lib/gcc/arm-none-eabi/7.3.1/thumb/v7e-m/fpv4-sp/hard\libgcc.a(_aeabi_uldivmod.o) (__aeabi_ldiv0)
d:/download/gcc-arm-none-eabi/bin/../lib/gcc/arm-none-eabi/7.3.1/../../../../arm-none-eabi/lib/thumb/v7e-m/fpv4-sp/hard\libg.a(lib_a-errno.o)
                              CMakeFiles/VET6.elf.dir/Core/App/retarget.c.obj (__errno)
d:/download/gcc-arm-none-eabi/bin/../lib/gcc/arm-none-eabi/7.3.1/../../../../arm-none-eabi/lib/thumb/v7e-m/fpv4-sp/hard\libg.a(lib_a-exit.o)
                              d:/download/gcc-arm-none-eabi/bin/../lib/gcc/arm-none-eabi/7.3.1/../../../../arm-none-eabi/lib/thumb/v7e-m/fpv4-sp/hard/crt0.o (exit)
d:/download/gcc-arm-none-eabi/bin/../lib/gcc/arm-none-eabi/7.3.1/../../../../arm-none-eabi/lib/thumb/v7e-m/fpv4-sp/hard\libg.a(lib_a-impure.o)
                              d:/download/gcc-arm-none-eabi/bin/../lib/gcc/arm-none-eabi/7.3.1/../../../../arm-none-eabi/lib/thumb/v7e-m/fpv4-sp/hard\libg.a(lib_a-exit.o) (_global_impure_ptr)
d:/download/gcc-arm-none-eabi/bin/../lib/gcc/arm-none-eabi/7.3.1/../../../../arm-none-eabi/lib/thumb/v7e-m/fpv4-sp/hard\libg.a(lib_a-init.o)
                              d:/download/gcc-arm-none-eabi/bin/../lib/gcc/arm-none-eabi/7.3.1/../../../../arm-none-eabi/lib/thumb/v7e-m/fpv4-sp/hard/crt0.o (__libc_init_array)
d:/download/gcc-arm-none-eabi/bin/../lib/gcc/arm-none-eabi/7.3.1/../../../../arm-none-eabi/lib/thumb/v7e-m/fpv4-sp/hard\libg.a(lib_a-memcpy.o)
                              CMakeFiles/VET6.elf.dir/Middlewares/Third_Party/FreeRTOS/Source/queue.c.obj (memcpy)
d:/download/gcc-arm-none-eabi/bin/../lib/gcc/arm-none-eabi/7.3.1/../../../../arm-none-eabi/lib/thumb/v7e-m/fpv4-sp/hard\libg.a(lib_a-memset.o)
                              d:/download/gcc-arm-none-eabi/bin/../lib/gcc/arm-none-eabi/7.3.1/../../../../arm-none-eabi/lib/thumb/v7e-m/fpv4-sp/hard/crt0.o (memset)
d:/download/gcc-arm-none-eabi/bin/../lib/gcc/arm-none-eabi/7.3.1/../../../../arm-none-eabi/lib/thumb/v7e-m/fpv4-sp/hard\libg.a(lib_a-printf.o)
                              CMakeFiles/VET6.elf.dir/Core/Src/main.c.obj (printf)
d:/download/gcc-arm-none-eabi/bin/../lib/gcc/arm-none-eabi/7.3.1/../../../../arm-none-eabi/lib/thumb/v7e-m/fpv4-sp/hard\libg.a(lib_a-setvbuf.o)
                              CMakeFiles/VET6.elf.dir/Core/App/retarget.c.obj (setvbuf)
d:/download/gcc-arm-none-eabi/bin/../lib/gcc/arm-none-eabi/7.3.1/../../../../arm-none-eabi/lib/thumb/v7e-m/fpv4-sp/hard\libg.a(lib_a-vfprintf.o)
                              d:/download/gcc-arm-none-eabi/bin/../lib/gcc/arm-none-eabi/7.3.1/../../../../arm-none-eabi/lib/thumb/v7e-m/fpv4-sp/hard\libg.a(lib_a-printf.o) (_vfprintf_r)
d:/download/gcc-arm-none-eabi/bin/../lib/gcc/arm-none-eabi/7.3.1/../../../../arm-none-eabi/lib/thumb/v7e-m/fpv4-sp/hard\libg.a(lib_a-wsetup.o)
                              d:/download/gcc-arm-none-eabi/bin/../lib/gcc/arm-none-eabi/7.3.1/../../../../arm-none-eabi/lib/thumb/v7e-m/fpv4-sp/hard\libg.a(lib_a-vfprintf.o) (__swsetup_r)
d:/download/gcc-arm-none-eabi/bin/../lib/gcc/arm-none-eabi/7.3.1/../../../../arm-none-eabi/lib/thumb/v7e-m/fpv4-sp/hard\libg.a(lib_a-__call_atexit.o)
                              d:/download/gcc-arm-none-eabi/bin/../lib/gcc/arm-none-eabi/7.3.1/../../../../arm-none-eabi/lib/thumb/v7e-m/fpv4-sp/hard\libg.a(lib_a-exit.o) (__call_exitprocs)
d:/download/gcc-arm-none-eabi/bin/../lib/gcc/arm-none-eabi/7.3.1/../../../../arm-none-eabi/lib/thumb/v7e-m/fpv4-sp/hard\libg.a(lib_a-atexit.o)
                              d:/download/gcc-arm-none-eabi/bin/../lib/gcc/arm-none-eabi/7.3.1/../../../../arm-none-eabi/lib/thumb/v7e-m/fpv4-sp/hard\libg.a(lib_a-__call_atexit.o) (atexit)
d:/download/gcc-arm-none-eabi/bin/../lib/gcc/arm-none-eabi/7.3.1/../../../../arm-none-eabi/lib/thumb/v7e-m/fpv4-sp/hard\libg.a(lib_a-dtoa.o)
                              d:/download/gcc-arm-none-eabi/bin/../lib/gcc/arm-none-eabi/7.3.1/../../../../arm-none-eabi/lib/thumb/v7e-m/fpv4-sp/hard\libg.a(lib_a-vfprintf.o) (_dtoa_r)
d:/download/gcc-arm-none-eabi/bin/../lib/gcc/arm-none-eabi/7.3.1/../../../../arm-none-eabi/lib/thumb/v7e-m/fpv4-sp/hard\libg.a(lib_a-fflush.o)
[...]
Memory Configuration

Name             Origin             Length             Attributes
CCMRAM           0x10000000         0x00010000         xrw
RAM              0x20000000         0x00020000         xrw
FLASH            0x08000000         0x00080000         xr
*default*        0x00000000         0xffffffff

Linker script and memory map

LOAD d:/download/gcc-arm-none-eabi/bin/../lib/gcc/arm-none-eabi/7.3.1/thumb/v7e-m/fpv4-sp/hard/crti.o
LOAD d:/download/gcc-arm-none-eabi/bin/../lib/gcc/arm-none-eabi/7.3.1/thumb/v7e-m/fpv4-sp/hard/crtbegin.o
LOAD d:/download/gcc-arm-none-eabi/bin/../lib/gcc/arm-none-eabi/7.3.1/../../../../arm-none-eabi/lib/thumb/v7e-m/fpv4-sp/hard/crt0.o
LOAD CMakeFiles/VET6.elf.dir/Core/App/actuators.c.obj
LOAD CMakeFiles/VET6.elf.dir/Core/App/avoiding.c.obj
LOAD CMakeFiles/VET6.elf.dir/Core/App/fall_prevention.c.obj
LOAD CMakeFiles/VET6.elf.dir/Core/App/move.c.obj
LOAD CMakeFiles/VET6.elf.dir/Core/App/retarget.c.obj
LOAD CMakeFiles/VET6.elf.dir/Core/App/usart.c.obj
LOAD CMakeFiles/VET6.elf.dir/Core/Src/adc.c.obj
LOAD CMakeFiles/VET6.elf.dir/Core/Src/commander.c.obj
LOAD CMakeFiles/VET6.elf.dir/Core/Src/freertos.c.obj
LOAD CMakeFiles/VET6.elf.dir/Core/Src/gpio.c.obj
LOAD CMakeFiles/VET6.elf.dir/Core/Src/i2c.c.obj
LOAD CMakeFiles/VET6.elf.dir/Core/Src/main.c.obj
LOAD CMakeFiles/VET6.elf.dir/Core/Src/spi.c.obj
LOAD CMakeFiles/VET6.elf.dir/Core/Src/stm32f4xx_hal_msp.c.obj
LOAD CMakeFiles/VET6.elf.dir/Core/Src/stm32f4xx_hal_timebase_tim.c.obj
LOAD CMakeFiles/VET6.elf.dir/Core/Src/stm32f4xx_it.c.obj
LOAD CMakeFiles/VET6.elf.dir/Core/Src/syscalls.c.obj
LOAD CMakeFiles/VET6.elf.dir/Core/Src/sysmem.c.obj
LOAD CMakeFiles/VET6.elf.dir/Core/Src/system_stm32f4xx.c.obj
LOAD CMakeFiles/VET6.elf.dir/Core/Src/tim.c.obj
LOAD CMakeFiles/VET6.elf.dir/Core/Startup/startup_stm32f407vetx.s.obj
LOAD CMakeFiles/VET6.elf.dir/Drivers/STM32F4xx_HAL_Driver/Src/stm32f4xx_hal.c.obj
LOAD CMakeFiles/VET6.elf.dir/Drivers/STM32F4xx_HAL_Driver/Src/stm32f4xx_hal_adc.c.obj
LOAD CMakeFiles/VET6.elf.dir/Drivers/STM32F4xx_HAL_Driver/Src/stm32f4xx_hal_adc_ex.c.obj
LOAD CMakeFiles/VET6.elf.dir/Drivers/STM32F4xx_HAL_Driver/Src/stm32f4xx_hal_cortex.c.obj
LOAD CMakeFiles/VET6.elf.dir/Drivers/STM32F4xx_HAL_Driver/Src/stm32f4xx_hal_dma.c.obj
LOAD CMakeFiles/VET6.elf.dir/Drivers/STM32F4xx_HAL_Driver/Src/stm32f4xx_hal_dma_ex.c.obj
LOAD CMakeFiles/VET6.elf.dir/Drivers/STM32F4xx_HAL_Driver/Src/stm32f4xx_hal_exti.c.obj
LOAD CMakeFiles/VET6.elf.dir/Drivers/STM32F4xx_HAL_Driver/Src/stm32f4xx_hal_flash.c.obj
LOAD CMakeFiles/VET6.elf.dir/Drivers/STM32F4xx_HAL_Driver/Src/stm32f4xx_hal_flash_ex.c.obj
LOAD CMakeFiles/VET6.elf.dir/Drivers/STM32F4xx_HAL_Driver/Src/stm32f4xx_hal_flash_ramfunc.c.obj
LOAD CMakeFiles/VET6.elf.dir/Drivers/STM32F4xx_HAL_Driver/Src/stm32f4xx_hal_gpio.c.obj
LOAD CMakeFiles/VET6.elf.dir/Drivers/STM32F4xx_HAL_Driver/Src/stm32f4xx_hal_i2c.c.obj
LOAD CMakeFiles/VET6.elf.dir/Drivers/STM32F4xx_HAL_Driver/Src/stm32f4xx_hal_i2c_ex.c.obj
LOAD CMakeFiles/VET6.elf.dir/Drivers/STM32F4xx_HAL_Driver/Src/stm32f4xx_hal_pwr.c.obj
LOAD CMakeFiles/VET6.elf.dir/Drivers/STM32F4xx_HAL_Driver/Src/stm32f4xx_hal_pwr_ex.c.obj
LOAD CMakeFiles/VET6.elf.dir/Drivers/STM32F4xx_HAL_Driver/Src/stm32f4xx_hal_rcc.c.obj
LOAD CMakeFiles/VET6.elf.dir/Drivers/STM32F4xx_HAL_Driver/Src/stm32f4xx_hal_rcc_ex.c.obj
LOAD CMakeFiles/VET6.elf.dir/Drivers/STM32F4xx_HAL_Driver/Src/stm32f4xx_hal_spi.c.obj
LOAD CMakeFiles/VET6.elf.dir/Drivers/STM32F4xx_HAL_Driver/Src/stm32f4xx_hal_tim.c.obj
LOAD CMakeFiles/VET6.elf.dir/Drivers/STM32F4xx_HAL_Driver/Src/stm32f4xx_hal_tim_ex.c.obj
LOAD CMakeFiles/VET6.elf.dir/Drivers/STM32F4xx_HAL_Driver/Src/stm32f4xx_hal_uart.c.obj
LOAD CMakeFiles/VET6.elf.dir/Drivers/STM32F4xx_HAL_Driver/Src/stm32f4xx_ll_adc.c.obj
LOAD CMakeFiles/VET6.elf.dir/Middlewares/Third_Party/FreeRTOS/Source/CMSIS_RTOS/cmsis_os.c.obj
LOAD CMakeFiles/VET6.elf.dir/Middlewares/Third_Party/FreeRTOS/Source/croutine.c.obj
LOAD CMakeFiles/VET6.elf.dir/Middlewares/Third_Party/FreeRTOS/Source/event_groups.c.obj
LOAD CMakeFiles/VET6.elf.dir/Middlewares/Third_Party/FreeRTOS/Source/list.c.obj
LOAD CMakeFiles/VET6.elf.dir/Middlewares/Third_Party/FreeRTOS/Source/portable/GCC/ARM_CM4F/port.c.obj
LOAD CMakeFiles/VET6.elf.dir/Middlewares/Third_Party/FreeRTOS/Source/portable/MemMang/heap_4.c.obj
LOAD CMakeFiles/VET6.elf.dir/Middlewares/Third_Party/FreeRTOS/Source/queue.c.obj
LOAD CMakeFiles/VET6.elf.dir/Middlewares/Third_Party/FreeRTOS/Source/stream_buffer.c.obj
LOAD CMakeFiles/VET6.elf.dir/Middlewares/Third_Party/FreeRTOS/Source/tasks.c.obj
LOAD CMakeFiles/VET6.elf.dir/Middlewares/Third_Party/FreeRTOS/Source/timers.c.obj
START GROUP
LOAD d:/download/gcc-arm-none-eabi/bin/../lib/gcc/arm-none-eabi/7.3.1/thumb/v7e-m/fpv4-sp/hard\libgcc.a
LOAD d:/download/gcc-arm-none-eabi/bin/../lib/gcc/arm-none-eabi/7.3.1/../../../../arm-none-eabi/lib/thumb/v7e-m/fpv4-sp/hard\libg.a
LOAD d:/download/gcc-arm-none-eabi/bin/../lib/gcc/arm-none-eabi/7.3.1/../../../../arm-none-eabi/lib/thumb/v7e-m/fpv4-sp/hard\libc.a
END GROUP
LOAD d:/download/gcc-arm-none-eabi/bin/../lib/gcc/arm-none-eabi/7.3.1/thumb/v7e-m/fpv4-sp/hard/crtend.o
LOAD d:/download/gcc-arm-none-eabi/bin/../lib/gcc/arm-none-eabi/7.3.1/thumb/v7e-m/fpv4-sp/hard/crtn.o
                0x20020000                _estack = (ORIGIN (RAM) + LENGTH (RAM))
                0x00000200                _Min_Heap_Size = 0x200
                0x00000400                _Min_Stack_Size = 0x400

.isr_vector     0x08000000      0x188
                0x08000000                . = ALIGN (0x4)
 *(.isr_vector)
 .isr_vector    0x08000000      0x188 CMakeFiles/VET6.elf.dir/Core/Startup/startup_stm32f407vetx.s.obj
                0x08000000                g_pfnVectors
                0x08000188                . = ALIGN (0x4)

.text           0x080001c0     0x95b4
                0x080001c0                . = ALIGN (0x4)
 *(.text)
 .text          0x080001c0       0x40 d:/download/gcc-arm-none-eabi/bin/../lib/gcc/arm-none-eabi/7.3.1/thumb/v7e-m/fpv4-sp/hard/crtbegin.o
 .text          0x08000200       0x30 d:/download/gcc-arm-none-eabi/bin/../lib/gcc/arm-none-eabi/7.3.1/thumb/v7e-m/fpv4-sp/hard\libgcc.a(_aeabi_uldivmod.o)
                0x08000200                __aeabi_uldivmod
 .text          0x08000230      0x2cc d:/download/gcc-arm-none-eabi/bin/../lib/gcc/arm-none-eabi/7.3.1/thumb/v7e-m/fpv4-sp/hard\libgcc.a(_udivmoddi4.o)
                0x08000230                __udivmoddi4
 .text          0x080004fc        0x4 d:/download/gcc-arm-none-eabi/bin/../lib/gcc/arm-none-eabi/7.3.1/thumb/v7e-m/fpv4-sp/hard\libgcc.a(_dvmd_tls.o)
                0x080004fc                __aeabi_idiv0
                0x080004fc                __aeabi_ldiv0
 .text          0x08000500      0x134 d:/download/gcc-arm-none-eabi/bin/../lib/gcc/arm-none-eabi/7.3.1/../../../../arm-none-eabi/lib/thumb/v7e-m/fpv4-sp/hard\libg.a(lib_a-memcpy.o)
                0x08000500                memcpy
 *fill*         0x08000634        0xc 
 .text          0x08000640       0xa0 d:/download/gcc-arm-none-eabi/bin/../lib/gcc/arm-none-eabi/7.3.1/../../../../arm-none-eabi/lib/thumb/v7e-m/fpv4-sp/hard\libg.a(lib_a-memchr.o)
                0x08000640                memchr
 *fill*         0x080006e0       0x20 
 .text          0x08000700       0xdc d:/download/gcc-arm-none-eabi/bin/../lib/gcc/arm-none-eabi/7.3.1/../../../../arm-none-eabi/lib/thumb/v7e-m/fpv4-sp/hard\libg.a(lib_a-strlen.o)
                0x08000700                strlen
 .text          0x080007dc      0x378 d:/download/gcc-arm-none-eabi/bin/../lib/gcc/arm-none-eabi/7.3.1/thumb/v7e-m/fpv4-sp/hard\libgcc.a(_arm_addsubdf3.o)
                0x080007dc                __aeabi_drsub
                0x080007e4                __aeabi_dsub
                0x080007e4                __subdf3
                0x080007e8                __aeabi_dadd
                0x080007e8                __adddf3
                0x08000a60                __floatunsidf
                0x08000a60                __aeabi_ui2d
                0x08000a80                __floatsidf
                0x08000a80                __aeabi_i2d
                0x08000aa4                __aeabi_f2d
                0x08000aa4                __extendsfdf2
                0x08000ae8                __floatundidf
                0x08000ae8                __aeabi_ul2d
                0x08000af8                __floatdidf
                0x08000af8                __aeabi_l2d
 .text          0x08000b54      0x424 d:/download/gcc-arm-none-eabi/bin/../lib/gcc/arm-none-eabi/7.3.1/thumb/v7e-m/fpv4-sp/hard\libgcc.a(_arm_muldivdf3.o)
                0x08000b54                __aeabi_dmul
                0x08000b54                __muldf3
                0x08000da8                __divdf3
                0x08000da8                __aeabi_ddiv
 .text          0x08000f78      0x110 d:/download/gcc-arm-none-eabi/bin/../lib/gcc/arm-none-eabi/7.3.1/thumb/v7e-m/fpv4-sp/hard\libgcc.a(_arm_cmpdf2.o)
                0x08000f78                __gtdf2
                0x08000f78                __gedf2
                0x08000f80                __ltdf2
                0x08000f80                __ledf2
                0x08000f88                __nedf2
                0x08000f88                __eqdf2
                0x08000f88                __cmpdf2
                0x08001004                __aeabi_cdrcmple
                0x08001014                __aeabi_cdcmpeq
                0x08001014                __aeabi_cdcmple
                0x08001024                __aeabi_dcmpeq
                0x08001038                __aeabi_dcmplt
                0x0800104c                __aeabi_dcmple
                0x08001060                __aeabi_dcmpge
                0x08001074                __aeabi_dcmpgt
 .text          0x08001088       0x2c d:/download/gcc-arm-none-eabi/bin/../lib/gcc/arm-none-eabi/7.3.1/thumb/v7e-m/fpv4-sp/hard\libgcc.a(_arm_unorddf2.o)
                0x08001088                __unorddf2
                0x08001088                __aeabi_dcmpun
 .text          0x080010b4       0x50 d:/download/gcc-arm-none-eabi/bin/../lib/gcc/arm-none-eabi/7.3.1/thumb/v7e-m/fpv4-sp/hard\libgcc.a(_arm_fixdfsi.o)
                0x080010b4                __aeabi_d2iz
                0x080010b4                __fixdfsi
 *(.text*)
 .text.Avoiding_Start
                0x08001104       0x80 CMakeFiles/VET6.elf.dir/Core/App/avoiding.c.obj
                0x08001104                Avoiding_Start
 .text.Move_Forward
                0x08001184       0x64 CMakeFiles/VET6.elf.dir/Core/App/move.c.obj
                0x08001184                Move_Forward
 .text.Move_Back
                0x080011e8       0x64 CMakeFiles/VET6.elf.dir/Core/App/move.c.obj
                0x080011e8                Move_Back
 .text.Move_Left
                0x0800124c       0x64 CMakeFiles/VET6.elf.dir/Core/App/move.c.obj
                0x0800124c                Move_Left
 .text.Move_Right
                0x080012b0       0x64 CMakeFiles/VET6.elf.dir/Core/App/move.c.obj
                0x080012b0                Move_Right
 .text.RetargetInit
                0x08001314       0x20 CMakeFiles/VET6.elf.dir/Core/App/retarget.c.obj
                0x08001314                RetargetInit
 .text._isatty  0x08001334       0x16 CMakeFiles/VET6.elf.dir/Core/App/retarget.c.obj
                0x08001334                _isatty
 *fill*         0x0800134a        0x2 
 .text._write   0x0800134c       0x34 CMakeFiles/VET6.elf.dir/Core/App/retarget.c.obj
                0x0800134c                _write
 .text._close   0x08001380       0x18 CMakeFiles/VET6.elf.dir/Core/App/retarget.c.obj
                0x08001380                _close
 .text._lseek   0x08001398       0x10 CMakeFiles/VET6.elf.dir/Core/App/retarget.c.obj
                0x08001398                _lseek
 .text._read    0x080013a8       0x30 CMakeFiles/VET6.elf.dir/Core/App/retarget.c.obj
                0x080013a8                _read
 .text._fstat   0x080013d8       0x1a CMakeFiles/VET6.elf.dir/Core/App/retarget.c.obj
                0x080013d8                _fstat
 *fill*         0x080013f2        0x2 
 .text.MX_USART1_UART_Init
                0x080013f4       0x34 CMakeFiles/VET6.elf.dir/Core/App/usart.c.obj
                0x080013f4                MX_USART1_UART_Init
 .text.MX_USART2_UART_Init
                0x08001428       0x34 CMakeFiles/VET6.elf.dir/Core/App/usart.c.obj
                0x08001428                MX_USART2_UART_Init
 .text.MX_USART3_UART_Init
                0x0800145c       0x34 CMakeFiles/VET6.elf.dir/Core/App/usart.c.obj
                0x0800145c                MX_USART3_UART_Init
 .text.HAL_UART_MspInit
                0x08001490      0x11c CMakeFiles/VET6.elf.dir/Core/App/usart.c.obj
                0x08001490                HAL_UART_MspInit
 .text.MX_ADC1_Init
                0x080015ac       0x70 CMakeFiles/VET6.elf.dir/Core/Src/adc.c.obj
                0x080015ac                MX_ADC1_Init
 .text.HAL_ADC_MspInit
                0x0800161c       0xb4 CMakeFiles/VET6.elf.dir/Core/Src/adc.c.obj
                0x0800161c                HAL_ADC_MspInit
 .text.vApplicationGetIdleTaskMemory
                0x080016d0       0x18 CMakeFiles/VET6.elf.dir/Core/Src/freertos.c.obj
                0x080016d0                vApplicationGetIdleTaskMemory
 .text.MX_FREERTOS_Init
                0x080016e8       0x70 CMakeFiles/VET6.elf.dir/Core/Src/freertos.c.obj
                0x080016e8                MX_FREERTOS_Init
 .text.MX_GPIO_Init
                0x08001758      0x170 CMakeFiles/VET6.elf.dir/Core/Src/gpio.c.obj
                0x08001758                MX_GPIO_Init
 .text.MX_I2C1_Init
                0x080018c8       0x3c CMakeFiles/VET6.elf.dir/Core/Src/i2c.c.obj
                0x080018c8                MX_I2C1_Init
 .text.HAL_I2C_MspInit
                0x08001904       0x70 CMakeFiles/VET6.elf.dir/Core/Src/i2c.c.obj
                0x08001904                HAL_I2C_MspInit
 .text.StartUsartTask
                0x08001974       0x1c CMakeFiles/VET6.elf.dir/Core/Src/main.c.obj
                0x08001974                StartUsartTask
 .text.StartLedTask
                0x08001990       0x10 CMakeFiles/VET6.elf.dir/Core/Src/main.c.obj
                0x08001990                StartLedTask
 .text.StartMoveTask
                0x080019a0       0x10 CMakeFiles/VET6.elf.dir/Core/Src/main.c.obj
                0x080019a0                StartMoveTask
 .text.HAL_TIM_PeriodElapsedCallback
                0x080019b0       0x18 CMakeFiles/VET6.elf.dir/Core/Src/main.c.obj
                0x080019b0                HAL_TIM_PeriodElapsedCallback
 .text.Error_Handler
                0x080019c8        0x4 CMakeFiles/VET6.elf.dir/Core/Src/main.c.obj
                0x080019c8                Error_Handler
 .text.SystemClock_Config
                0x080019cc       0xa4 CMakeFiles/VET6.elf.dir/Core/Src/main.c.obj
                0x080019cc                SystemClock_Config
 .text.main     0x08001a70       0x40 CMakeFiles/VET6.elf.dir/Core/Src/main.c.obj
                0x08001a70                main
 .text.MX_SPI3_Init
                0x08001ab0       0x40 CMakeFiles/VET6.elf.dir/Core/Src/spi.c.obj
                0x08001ab0                MX_SPI3_Init
 .text.HAL_SPI_MspInit
                0x08001af0       0x70 CMakeFiles/VET6.elf.dir/Core/Src/spi.c.obj
                0x08001af0                HAL_SPI_MspInit
 .text.HAL_MspInit
                0x08001b60       0x44 CMakeFiles/VET6.elf.dir/Core/Src/stm32f4xx_hal_msp.c.obj
                0x08001b60                HAL_MspInit
 .text.HAL_InitTick
                0x08001ba4       0xa4 CMakeFiles/VET6.elf.dir/Core/Src/stm32f4xx_hal_timebase_tim.c.obj
                0x08001ba4                HAL_InitTick
 .text.NMI_Handler
                0x08001c48        0x2 CMakeFiles/VET6.elf.dir/Core/Src/stm32f4xx_it.c.obj
                0x08001c48                NMI_Handler
 .text.MemManage_Handler
                0x08001c4a        0x2 CMakeFiles/VET6.elf.dir/Core/Src/stm32f4xx_it.c.obj
                0x08001c4a                MemManage_Handler
 .text.BusFault_Handler
                0x08001c4c        0x2 CMakeFiles/VET6.elf.dir/Core/Src/stm32f4xx_it.c.obj
                0x08001c4c                BusFault_Handler
 .text.UsageFault_Handler
                0x08001c4e        0x2 CMakeFiles/VET6.elf.dir/Core/Src/stm32f4xx_it.c.obj
                0x08001c4e                UsageFault_Handler
 .text.DebugMon_Handler
                0x08001c50        0x2 CMakeFiles/VET6.elf.dir/Core/Src/stm32f4xx_it.c.obj
                0x08001c50                DebugMon_Handler
 *fill*         0x08001c52        0x2 
 .text.TIM7_IRQHandler
                0x08001c54       0x10 CMakeFiles/VET6.elf.dir/Core/Src/stm32f4xx_it.c.obj
                0x08001c54                TIM7_IRQHandler
 .text._sbrk    0x08001c64       0x48 CMakeFiles/VET6.elf.dir/Core/Src/sysmem.c.obj
                0x08001c64                _sbrk
 .text.SystemInit
                0x08001cac       0x14 CMakeFiles/VET6.elf.dir/Core/Src/system_stm32f4xx.c.obj
                0x08001cac                SystemInit
 .text.HAL_TIM_Base_MspInit
                0x08001cc0       0x30 CMakeFiles/VET6.elf.dir/Core/Src/tim.c.obj
                0x08001cc0                HAL_TIM_Base_MspInit
 .text.HAL_TIM_MspPostInit
                0x08001cf0       0x5c CMakeFiles/VET6.elf.dir/Core/Src/tim.c.obj
                0x08001cf0                HAL_TIM_MspPostInit
 .text.MX_TIM1_Init
                0x08001d4c       0xfc CMakeFiles/VET6.elf.dir/Core/Src/tim.c.obj
                0x08001d4c                MX_TIM1_Init
 .text.Reset_Handler
                0x08001e48       0x50 CMakeFiles/VET6.elf.dir/Core/Startup/startup_stm32f407vetx.s.obj
                0x08001e48                Reset_Handler
 .text.Default_Handler
                0x08001e98        0x2 CMakeFiles/VET6.elf.dir/Core/Startup/startup_stm32f407vetx.s.obj
                0x08001e98                RTC_Alarm_IRQHandler
                0x08001e98                HASH_RNG_IRQHandler
                0x08001e98                EXTI2_IRQHandler
                0x08001e98                TIM8_CC_IRQHandler
                0x08001e98                TIM1_CC_IRQHandler
                0x08001e98                DMA2_Stream5_IRQHandler
                0x08001e98                HardFault_Handler
                0x08001e98                DMA1_Stream5_IRQHandler
                0x08001e98                PVD_IRQHandler
                0x08001e98                SDIO_IRQHandler
                0x08001e98                TAMP_STAMP_IRQHandler
                0x08001e98                CAN2_RX1_IRQHandler
                0x08001e98                EXTI3_IRQHandler
                0x08001e98                TIM8_TRG_COM_TIM14_IRQHandler
                0x08001e98                TIM1_UP_TIM10_IRQHandler
                0x08001e98                TIM8_UP_TIM13_IRQHandler
                0x08001e98                I2C3_ER_IRQHandler
                0x08001e98                EXTI0_IRQHandler
                0x08001e98                I2C2_EV_IRQHandler
                0x08001e98                DMA1_Stream2_IRQHandler
                0x08001e98                CAN1_RX0_IRQHandler
                0x08001e98                FPU_IRQHandler
                0x08001e98                OTG_HS_WKUP_IRQHandler
                0x08001e98                CAN2_SCE_IRQHandler
                0x08001e98                DMA2_Stream2_IRQHandler
                0x08001e98                SPI1_IRQHandler
                0x08001e98                TIM6_DAC_IRQHandler
                0x08001e98                TIM1_BRK_TIM9_IRQHandler
                0x08001e98                DCMI_IRQHandler
                0x08001e98                CAN2_RX0_IRQHandler
                0x08001e98                DMA2_Stream3_IRQHandler
                0x08001e98                USART6_IRQHandler
                0x08001e98                USART3_IRQHandler
                0x08001e98                CAN1_RX1_IRQHandler
                0x08001e98                UART5_IRQHandler
                0x08001e98                DMA2_Stream0_IRQHandler
                0x08001e98                TIM4_IRQHandler
                0x08001e98                I2C1_EV_IRQHandler
                0x08001e98                DMA1_Stream6_IRQHandler
                0x08001e98                DMA1_Stream1_IRQHandler
                0x08001e98                UART4_IRQHandler
                0x08001e98                TIM3_IRQHandler
                0x08001e98                RCC_IRQHandler
                0x08001e98                TIM8_BRK_TIM12_IRQHandler
                0x08001e98                Default_Handler
                0x08001e98                EXTI15_10_IRQHandler
                0x08001e98                ADC_IRQHandler
                0x08001e98                DMA1_Stream7_IRQHandler
                0x08001e98                CAN2_TX_IRQHandler
                0x08001e98                TIM5_IRQHandler
                0x08001e98                DMA2_Stream7_IRQHandler
                0x08001e98                I2C3_EV_IRQHandler
                0x08001e98                EXTI9_5_IRQHandler
                0x08001e98                RTC_WKUP_IRQHandler
                0x08001e98                ETH_WKUP_IRQHandler
                0x08001e98                SPI2_IRQHandler
                0x08001e98                OTG_HS_EP1_IN_IRQHandler
                0x08001e98                DMA1_Stream0_IRQHandler
                0x08001e98                CAN1_TX_IRQHandler
                0x08001e98                EXTI4_IRQHandler
                0x08001e98                FSMC_IRQHandler
                0x08001e98                ETH_IRQHandler
                0x08001e98                OTG_HS_EP1_OUT_IRQHandler
                0x08001e98                WWDG_IRQHandler
                0x08001e98                TIM2_IRQHandler
                0x08001e98                OTG_FS_WKUP_IRQHandler
                0x08001e98                TIM1_TRG_COM_TIM11_IRQHandler
                0x08001e98                OTG_HS_IRQHandler
                0x08001e98                EXTI1_IRQHandler
                0x08001e98                USART2_IRQHandler
                0x08001e98                I2C2_ER_IRQHandler
                0x08001e98                DMA2_Stream1_IRQHandler
                0x08001e98                CAN1_SCE_IRQHandler
                0x08001e98                FLASH_IRQHandler
                0x08001e98                DMA2_Stream4_IRQHandler
                0x08001e98                USART1_IRQHandler
                0x08001e98                OTG_FS_IRQHandler
                0x08001e98                SPI3_IRQHandler
                0x08001e98                DMA1_Stream4_IRQHandler
                0x08001e98                I2C1_ER_IRQHandler
                0x08001e98                DMA2_Stream6_IRQHandler
                0x08001e98                DMA1_Stream3_IRQHandler
 *fill*         0x08001e9a        0x2 
 .text.HAL_Init
                0x08001e9c       0x34 CMakeFiles/VET6.elf.dir/Drivers/STM32F4xx_HAL_Driver/Src/stm32f4xx_hal.c.obj
                0x08001e9c                HAL_Init
 .text.HAL_IncTick
                0x08001ed0       0x18 CMakeFiles/VET6.elf.dir/Drivers/STM32F4xx_HAL_Driver/Src/stm32f4xx_hal.c.obj
                0x08001ed0                HAL_IncTick
 .text.HAL_GetTick
                0x08001ee8        0xc CMakeFiles/VET6.elf.dir/Drivers/STM32F4xx_HAL_Driver/Src/stm32f4xx_hal.c.obj
                0x08001ee8                HAL_GetTick
 .text.HAL_Delay
                0x08001ef4       0x28 CMakeFiles/VET6.elf.dir/Drivers/STM32F4xx_HAL_Driver/Src/stm32f4xx_hal.c.obj
                0x08001ef4                HAL_Delay
 .text.ADC_Init
                0x08001f1c      0x134 CMakeFiles/VET6.elf.dir/Drivers/STM32F4xx_HAL_Driver/Src/stm32f4xx_hal_adc.c.obj
 .text.HAL_ADC_Init
                0x08002050       0x56 CMakeFiles/VET6.elf.dir/Drivers/STM32F4xx_HAL_Driver/Src/stm32f4xx_hal_adc.c.obj
                0x08002050                HAL_ADC_Init
 *fill*         0x080020a6        0x2 
 .text.HAL_ADC_ConfigChannel
                0x080020a8      0x190 CMakeFiles/VET6.elf.dir/Drivers/STM32F4xx_HAL_Driver/Src/stm32f4xx_hal_adc.c.obj
                0x080020a8                HAL_ADC_ConfigChannel
 .text.HAL_NVIC_SetPriorityGrouping
                0x08002238       0x24 CMakeFiles/VET6.elf.dir/Drivers/STM32F4xx_HAL_Driver/Src/stm32f4xx_hal_cortex.c.obj
                0x08002238                HAL_NVIC_SetPriorityGrouping
 .text.HAL_NVIC_SetPriority
                0x0800225c       0x68 CMakeFiles/VET6.elf.dir/Drivers/STM32F4xx_HAL_Driver/Src/stm32f4xx_hal_cortex.c.obj
                0x0800225c                HAL_NVIC_SetPriority
 .text.HAL_NVIC_EnableIRQ
                0x080022c4       0x1c CMakeFiles/VET6.elf.dir/Drivers/STM32F4xx_HAL_Driver/Src/stm32f4xx_hal_cortex.c.obj
                0x080022c4                HAL_NVIC_EnableIRQ
 .text.HAL_GPIO_Init
                0x080022e0      0x1d4 CMakeFiles/VET6.elf.dir/Drivers/STM32F4xx_HAL_Driver/Src/stm32f4xx_hal_gpio.c.obj
                0x080022e0                HAL_GPIO_Init
 .text.HAL_GPIO_ReadPin
                0x080024b4        0xe CMakeFiles/VET6.elf.dir/Drivers/STM32F4xx_HAL_Driver/Src/stm32f4xx_hal_gpio.c.obj
                0x080024b4                HAL_GPIO_ReadPin
 .text.HAL_GPIO_WritePin
                0x080024c2        0xc CMakeFiles/VET6.elf.dir/Drivers/STM32F4xx_HAL_Driver/Src/stm32f4xx_hal_gpio.c.obj
                0x080024c2                HAL_GPIO_WritePin
 *fill*         0x080024ce        0x2 
 .text.HAL_I2C_Init
                0x080024d0      0x1b4 CMakeFiles/VET6.elf.dir/Drivers/STM32F4xx_HAL_Driver/Src/stm32f4xx_hal_i2c.c.obj
                0x080024d0                HAL_I2C_Init
 .text.HAL_RCC_OscConfig
                0x08002684      0x3f8 CMakeFiles/VET6.elf.dir/Drivers/STM32F4xx_HAL_Driver/Src/stm32f4xx_hal_rcc.c.obj
                0x08002684                HAL_RCC_OscConfig
 .text.HAL_RCC_GetSysClockFreq
                0x08002a7c       0xa8 CMakeFiles/VET6.elf.dir/Drivers/STM32F4xx_HAL_Driver/Src/stm32f4xx_hal_rcc.c.obj
                0x08002a7c                HAL_RCC_GetSysClockFreq
 .text.HAL_RCC_ClockConfig
                0x08002b24      0x160 CMakeFiles/VET6.elf.dir/Drivers/STM32F4xx_HAL_Driver/Src/stm32f4xx_hal_rcc.c.obj
                0x08002b24                HAL_RCC_ClockConfig
 .text.HAL_RCC_GetHCLKFreq
                0x08002c84        0xc CMakeFiles/VET6.elf.dir/Drivers/STM32F4xx_HAL_Driver/Src/stm32f4xx_hal_rcc.c.obj
                0x08002c84                HAL_RCC_GetHCLKFreq
 .text.HAL_RCC_GetPCLK1Freq
                0x08002c90       0x20 CMakeFiles/VET6.elf.dir/Drivers/STM32F4xx_HAL_Driver/Src/stm32f4xx_hal_rcc.c.obj
                0x08002c90                HAL_RCC_GetPCLK1Freq
 .text.HAL_RCC_GetPCLK2Freq
                0x08002cb0       0x20 CMakeFiles/VET6.elf.dir/Drivers/STM32F4xx_HAL_Driver/Src/stm32f4xx_hal_rcc.c.obj
                0x08002cb0                HAL_RCC_GetPCLK2Freq
 .text.HAL_RCC_GetClockConfig
                0x08002cd0       0x3c CMakeFiles/VET6.elf.dir/Drivers/STM32F4xx_HAL_Driver/Src/stm32f4xx_hal_rcc.c.obj
                0x08002cd0                HAL_RCC_GetClockConfig
 .text.HAL_SPI_Init
                0x08002d0c       0xbe CMakeFiles/VET6.elf.dir/Drivers/STM32F4xx_HAL_Driver/Src/stm32f4xx_hal_spi.c.obj
                0x08002d0c                HAL_SPI_Init
 *fill*         0x08002dca        0x2 
 .text.TIM_OC1_SetConfig
                0x08002dcc       0x68 CMakeFiles/VET6.elf.dir/Drivers/STM32F4xx_HAL_Driver/Src/stm32f4xx_hal_tim.c.obj
 .text.TIM_OC3_SetConfig
                0x08002e34       0x70 CMakeFiles/VET6.elf.dir/Drivers/STM32F4xx_HAL_Driver/Src/stm32f4xx_hal_tim.c.obj
 .text.TIM_OC4_SetConfig
                0x08002ea4       0x50 CMakeFiles/VET6.elf.dir/Drivers/STM32F4xx_HAL_Driver/Src/stm32f4xx_hal_tim.c.obj
 .text.TIM_TI1_ConfigInputStage
                0x08002ef4       0x26 CMakeFiles/VET6.elf.dir/Drivers/STM32F4xx_HAL_Driver/Src/stm32f4xx_hal_tim.c.obj
 .text.TIM_TI2_ConfigInputStage
                0x08002f1a       0x28 CMakeFiles/VET6.elf.dir/Drivers/STM32F4xx_HAL_Driver/Src/stm32f4xx_hal_tim.c.obj
 .text.TIM_ITRx_SetConfig
                0x08002f42       0x10 CMakeFiles/VET6.elf.dir/Drivers/STM32F4xx_HAL_Driver/Src/stm32f4xx_hal_tim.c.obj
 *fill*         0x08002f52        0x2 
 .text.HAL_TIM_Base_Start_IT
                0x08002f54       0x88 CMakeFiles/VET6.elf.dir/Drivers/STM32F4xx_HAL_Driver/Src/stm32f4xx_hal_tim.c.obj
                0x08002f54                HAL_TIM_Base_Start_IT
 .text.HAL_TIM_PWM_MspInit
                0x08002fdc        0x2 CMakeFiles/VET6.elf.dir/Drivers/STM32F4xx_HAL_Driver/Src/stm32f4xx_hal_tim.c.obj
                0x08002fdc                HAL_TIM_PWM_MspInit
 .text.HAL_TIM_OC_DelayElapsedCallback
                0x08002fde        0x2 CMakeFiles/VET6.elf.dir/Drivers/STM32F4xx_HAL_Driver/Src/stm32f4xx_hal_tim.c.obj
                0x08002fde                HAL_TIM_OC_DelayElapsedCallback
 .text.HAL_TIM_IC_CaptureCallback
                0x08002fe0        0x2 CMakeFiles/VET6.elf.dir/Drivers/STM32F4xx_HAL_Driver/Src/stm32f4xx_hal_tim.c.obj
                0x08002fe0                HAL_TIM_IC_CaptureCallback
 .text.HAL_TIM_PWM_PulseFinishedCallback
                0x08002fe2        0x2 CMakeFiles/VET6.elf.dir/Drivers/STM32F4xx_HAL_Driver/Src/stm32f4xx_hal_tim.c.obj
                0x08002fe2                HAL_TIM_PWM_PulseFinishedCallback
 .text.HAL_TIM_TriggerCallback
                0x08002fe4        0x2 CMakeFiles/VET6.elf.dir/Drivers/STM32F4xx_HAL_Driver/Src/stm32f4xx_hal_tim.c.obj
                0x08002fe4                HAL_TIM_TriggerCallback
 .text.HAL_TIM_IRQHandler
                0x08002fe6      0x17a CMakeFiles/VET6.elf.dir/Drivers/STM32F4xx_HAL_Driver/Src/stm32f4xx_hal_tim.c.obj
                0x08002fe6                HAL_TIM_IRQHandler
 .text.TIM_Base_SetConfig
                0x08003160       0xc8 CMakeFiles/VET6.elf.dir/Drivers/STM32F4xx_HAL_Driver/Src/stm32f4xx_hal_tim.c.obj
                0x08003160                TIM_Base_SetConfig
 .text.HAL_TIM_Base_Init
                0x08003228       0x56 CMakeFiles/VET6.elf.dir/Drivers/STM32F4xx_HAL_Driver/Src/stm32f4xx_hal_tim.c.obj
                0x08003228                HAL_TIM_Base_Init
 .text.HAL_TIM_PWM_Init
                0x0800327e       0x56 CMakeFiles/VET6.elf.dir/Drivers/STM32F4xx_HAL_Driver/Src/stm32f4xx_hal_tim.c.obj
                0x0800327e                HAL_TIM_PWM_Init
 .text.TIM_OC2_SetConfig
                0x080032d4       0x70 CMakeFiles/VET6.elf.dir/Drivers/STM32F4xx_HAL_Driver/Src/stm32f4xx_hal_tim.c.obj
                0x080032d4                TIM_OC2_SetConfig
 .text.HAL_TIM_PWM_ConfigChannel
                0x08003344       0xdc CMakeFiles/VET6.elf.dir/Drivers/STM32F4xx_HAL_Driver/Src/stm32f4xx_hal_tim.c.obj
                0x08003344                HAL_TIM_PWM_ConfigChannel
 .text.TIM_ETR_SetConfig
                0x08003420       0x18 CMakeFiles/VET6.elf.dir/Drivers/STM32F4xx_HAL_Driver/Src/stm32f4xx_hal_tim.c.obj
                0x08003420                TIM_ETR_SetConfig
 .text.HAL_TIM_ConfigClockSource
                0x08003438       0xf4 CMakeFiles/VET6.elf.dir/Drivers/STM32F4xx_HAL_Driver/Src/stm32f4xx_hal_tim.c.obj
                0x08003438                HAL_TIM_ConfigClockSource
 .text.TIM_CCxChannelCmd
                0x0800352c       0x22 CMakeFiles/VET6.elf.dir/Drivers/STM32F4xx_HAL_Driver/Src/stm32f4xx_hal_tim.c.obj
                0x0800352c                TIM_CCxChannelCmd
 *fill*         0x0800354e        0x2 
 .text.HAL_TIM_PWM_Start
                0x08003550      0x10c CMakeFiles/VET6.elf.dir/Drivers/STM32F4xx_HAL_Driver/Src/stm32f4xx_hal_tim.c.obj
                0x08003550                HAL_TIM_PWM_Start
 .text.HAL_TIMEx_MasterConfigSynchronization
                0x0800365c       0x88 CMakeFiles/VET6.elf.dir/Drivers/STM32F4xx_HAL_Driver/Src/stm32f4xx_hal_tim_ex.c.obj
                0x0800365c                HAL_TIMEx_MasterConfigSynchronization
 .text.HAL_TIMEx_ConfigBreakDeadTime
                0x080036e4       0x52 CMakeFiles/VET6.elf.dir/Drivers/STM32F4xx_HAL_Driver/Src/stm32f4xx_hal_tim_ex.c.obj
                0x080036e4                HAL_TIMEx_ConfigBreakDeadTime
 .text.HAL_TIMEx_CommutCallback
                0x08003736        0x2 CMakeFiles/VET6.elf.dir/Drivers/STM32F4xx_HAL_Driver/Src/stm32f4xx_hal_tim_ex.c.obj
                0x08003736                HAL_TIMEx_CommutCallback
 .text.HAL_TIMEx_BreakCallback
                0x08003738        0x2 CMakeFiles/VET6.elf.dir/Drivers/STM32F4xx_HAL_Driver/Src/stm32f4xx_hal_tim_ex.c.obj
                0x08003738                HAL_TIMEx_BreakCallback
 *fill*         0x0800373a        0x2 
 .text.UART_SetConfig
                0x0800373c      0x134 CMakeFiles/VET6.elf.dir/Drivers/STM32F4xx_HAL_Driver/Src/stm32f4xx_hal_uart.c.obj
 .text.UART_WaitOnFlagUntilTimeout
                0x08003870       0x7e CMakeFiles/VET6.elf.dir/Drivers/STM32F4xx_HAL_Driver/Src/stm32f4xx_hal_uart.c.obj
 .text.HAL_UART_Init
                0x080038ee       0x5e CMakeFiles/VET6.elf.dir/Drivers/STM32F4xx_HAL_Driver/Src/stm32f4xx_hal_uart.c.obj
                0x080038ee                HAL_UART_Init
 .text.HAL_UART_Transmit
                0x0800394c       0xda CMakeFiles/VET6.elf.dir/Drivers/STM32F4xx_HAL_Driver/Src/stm32f4xx_hal_uart.c.obj
                0x0800394c                HAL_UART_Transmit
 .text.HAL_UART_Receive
                0x08003a26       0xe2 CMakeFiles/VET6.elf.dir/Drivers/STM32F4xx_HAL_Driver/Src/stm32f4xx_hal_uart.c.obj
                0x08003a26                HAL_UART_Receive
 .text.makeFreeRtosPriority
                0x08003b08        0xc CMakeFiles/VET6.elf.dir/Middlewares/Third_Party/FreeRTOS/Source/CMSIS_RTOS/cmsis_os.c.obj
 .text.osKernelStart
                0x08003b14        0xa CMakeFiles/VET6.elf.dir/Middlewares/Third_Party/FreeRTOS/Source/CMSIS_RTOS/cmsis_os.c.obj
                0x08003b14                osKernelStart
 .text.osThreadCreate
                0x08003b1e       0x6c CMakeFiles/VET6.elf.dir/Middlewares/Third_Party/FreeRTOS/Source/CMSIS_RTOS/cmsis_os.c.obj
                0x08003b1e                osThreadCreate
 .text.osDelay  0x08003b8a       0x12 CMakeFiles/VET6.elf.dir/Middlewares/Third_Party/FreeRTOS/Source/CMSIS_RTOS/cmsis_os.c.obj
                0x08003b8a                osDelay
 .text.vListInitialise
                0x08003b9c       0x16 CMakeFiles/VET6.elf.dir/Middlewares/Third_Party/FreeRTOS/Source/list.c.obj
                0x08003b9c                vListInitialise
 .text.vListInitialiseItem
                0x08003bb2        0x6 CMakeFiles/VET6.elf.dir/Middlewares/Third_Party/FreeRTOS/Source/list.c.obj
                0x08003bb2                vListInitialiseItem
 .text.vListInsertEnd
                0x08003bb8       0x18 CMakeFiles/VET6.elf.dir/Middlewares/Third_Party/FreeRTOS/Source/list.c.obj
                0x08003bb8                vListInsertEnd
 .text.vListInsert
                0x08003bd0       0x34 CMakeFiles/VET6.elf.dir/Middlewares/Third_Party/FreeRTOS/Source/list.c.obj
                0x08003bd0                vListInsert
 .text.uxListRemove
                0x08003c04       0x28 CMakeFiles/VET6.elf.dir/Middlewares/Third_Party/FreeRTOS/Source/list.c.obj
                0x08003c04                uxListRemove
 .text.prvTaskExitError
                0x08003c2c       0x40 CMakeFiles/VET6.elf.dir/Middlewares/Third_Party/FreeRTOS/Source/portable/GCC/ARM_CM4F/port.c.obj
 .text.prvPortStartFirstTask
                0x08003c6c       0x28 CMakeFiles/VET6.elf.dir/Middlewares/Third_Party/FreeRTOS/Source/portable/GCC/ARM_CM4F/port.c.obj
 .text.vPortEnableVFP
                0x08003c94       0x14 CMakeFiles/VET6.elf.dir/Middlewares/Third_Party/FreeRTOS/Source/portable/GCC/ARM_CM4F/port.c.obj
 .text.pxPortInitialiseStack
                0x08003ca8       0x2c CMakeFiles/VET6.elf.dir/Middlewares/Third_Party/FreeRTOS/Source/portable/GCC/ARM_CM4F/port.c.obj
                0x08003ca8                pxPortInitialiseStack
 *fill*         0x08003cd4        0xc 
 .text.SVC_Handler
                0x08003ce0       0x24 CMakeFiles/VET6.elf.dir/Middlewares/Third_Party/FreeRTOS/Source/portable/GCC/ARM_CM4F/port.c.obj
                0x08003ce0                SVC_Handler
 .text.vPortEnterCritical
                0x08003d04       0x44 CMakeFiles/VET6.elf.dir/Middlewares/Third_Party/FreeRTOS/Source/portable/GCC/ARM_CM4F/port.c.obj
                0x08003d04                vPortEnterCritical
 .text.vPortExitCritical
                0x08003d48       0x2c CMakeFiles/VET6.elf.dir/Middlewares/Third_Party/FreeRTOS/Source/portable/GCC/ARM_CM4F/port.c.obj
                0x08003d48                vPortExitCritical
 *fill*         0x08003d74        0xc 
 .text.PendSV_Handler
                0x08003d80       0x64 CMakeFiles/VET6.elf.dir/Middlewares/Third_Party/FreeRTOS/Source/portable/GCC/ARM_CM4F/port.c.obj
                0x08003d80                PendSV_Handler
 .text.SysTick_Handler
                0x08003de4       0x2c CMakeFiles/VET6.elf.dir/Middlewares/Third_Party/FreeRTOS/Source/portable/GCC/ARM_CM4F/port.c.obj
                0x08003de4                SysTick_Handler
 .text.vPortSetupTimerInterrupt
                0x08003e10       0x38 CMakeFiles/VET6.elf.dir/Middlewares/Third_Party/FreeRTOS/Source/portable/GCC/ARM_CM4F/port.c.obj
                0x08003e10                vPortSetupTimerInterrupt
 .text.xPortStartScheduler
                0x08003e48      0x110 CMakeFiles/VET6.elf.dir/Middlewares/Third_Party/FreeRTOS/Source/portable/GCC/ARM_CM4F/port.c.obj
                0x08003e48                xPortStartScheduler
 .text.prvHeapInit
                0x08003f58       0x64 CMakeFiles/VET6.elf.dir/Middlewares/Third_Party/FreeRTOS/Source/portable/MemMang/heap_4.c.obj
 .text.prvInsertBlockIntoFreeList
                0x08003fbc       0x58 CMakeFiles/VET6.elf.dir/Middlewares/Third_Party/FreeRTOS/Source/portable/MemMang/heap_4.c.obj
 .text.pvPortMalloc
                0x08004014      0x114 CMakeFiles/VET6.elf.dir/Middlewares/Third_Party/FreeRTOS/Source/portable/MemMang/heap_4.c.obj
                0x08004014                pvPortMalloc
 .text.vPortFree
                0x08004128       0x7c CMakeFiles/VET6.elf.dir/Middlewares/Third_Party/FreeRTOS/Source/portable/MemMang/heap_4.c.obj
                0x08004128                vPortFree
 .text.prvResetNextTaskUnblockTime
                0x080041a4       0x2c CMakeFiles/VET6.elf.dir/Middlewares/Third_Party/FreeRTOS/Source/tasks.c.obj
 .text.prvInitialiseNewTask
                0x080041d0       0x8c CMakeFiles/VET6.elf.dir/Middlewares/Third_Party/FreeRTOS/Source/tasks.c.obj
 .text.prvInitialiseTaskLists
                0x0800425c       0x68 CMakeFiles/VET6.elf.dir/Middlewares/Third_Party/FreeRTOS/Source/tasks.c.obj
 .text.prvAddNewTaskToReadyList
                0x080042c4       0xa8 CMakeFiles/VET6.elf.dir/Middlewares/Third_Party/FreeRTOS/Source/tasks.c.obj
 .text.prvDeleteTCB
                0x0800436c       0x38 CMakeFiles/VET6.elf.dir/Middlewares/Third_Party/FreeRTOS/Source/tasks.c.obj
 .text.prvCheckTasksWaitingTermination
                0x080043a4       0x4c CMakeFiles/VET6.elf.dir/Middlewares/Third_Party/FreeRTOS/Source/tasks.c.obj
 .text.prvIdleTask
                0x080043f0       0x28 CMakeFiles/VET6.elf.dir/Middlewares/Third_Party/FreeRTOS/Source/tasks.c.obj
 .text.prvAddCurrentTaskToDelayedList
                0x08004418       0x98 CMakeFiles/VET6.elf.dir/Middlewares/Third_Party/FreeRTOS/Source/tasks.c.obj
 .text.xTaskCreateStatic
                0x080044b0       0x74 CMakeFiles/VET6.elf.dir/Middlewares/Third_Party/FreeRTOS/Source/tasks.c.obj
                0x080044b0                xTaskCreateStatic
 .text.xTaskCreate
                0x08004524       0x66 CMakeFiles/VET6.elf.dir/Middlewares/Third_Party/FreeRTOS/Source/tasks.c.obj
                0x08004524                xTaskCreate
 *fill*         0x0800458a        0x2 
 .text.vTaskStartScheduler
                0x0800458c       0x6c CMakeFiles/VET6.elf.dir/Middlewares/Third_Party/FreeRTOS/Source/tasks.c.obj
                0x0800458c                vTaskStartScheduler
 .text.vTaskSuspendAll
                0x080045f8       0x10 CMakeFiles/VET6.elf.dir/Middlewares/Third_Party/FreeRTOS/Source/tasks.c.obj
                0x080045f8                vTaskSuspendAll
 .text.xTaskIncrementTick
                0x08004608      0x118 CMakeFiles/VET6.elf.dir/Middlewares/Third_Party/FreeRTOS/Source/tasks.c.obj
                0x08004608                xTaskIncrementTick
 .text.xTaskResumeAll
                0x08004720       0xf4 CMakeFiles/VET6.elf.dir/Middlewares/Third_Party/FreeRTOS/Source/tasks.c.obj
                0x08004720                xTaskResumeAll
 .text.vTaskDelay
                0x08004814       0x4c CMakeFiles/VET6.elf.dir/Middlewares/Third_Party/FreeRTOS/Source/tasks.c.obj
                0x08004814                vTaskDelay
 .text.vTaskSwitchContext
                0x08004860       0x98 CMakeFiles/VET6.elf.dir/Middlewares/Third_Party/FreeRTOS/Source/tasks.c.obj
                0x08004860                vTaskSwitchContext
 .text.__errno  0x080048f8        0xc d:/download/gcc-arm-none-eabi/bin/../lib/gcc/arm-none-eabi/7.3.1/../../../../arm-none-eabi/lib/thumb/v7e-m/fpv4-sp/hard\libg.a(lib_a-errno.o)
                0x080048f8                __errno
 .text.__libc_init_array
                0x08004904       0x48 d:/download/gcc-arm-none-eabi/bin/../lib/gcc/arm-none-eabi/7.3.1/../../../../arm-none-eabi/lib/thumb/v7e-m/fpv4-sp/hard\libg.a(lib_a-init.o)
                0x08004904                __libc_init_array
 .text.memset   0x0800494c       0x94 d:/download/gcc-arm-none-eabi/bin/../lib/gcc/arm-none-eabi/7.3.1/../../../../arm-none-eabi/lib/thumb/v7e-m/fpv4-sp/hard\libg.a(lib_a-memset.o)
                0x0800494c                memset
 .text.printf   0x080049e0       0x28 d:/download/gcc-arm-none-eabi/bin/../lib/gcc/arm-none-eabi/7.3.1/../../../../arm-none-eabi/lib/thumb/v7e-m/fpv4-sp/hard\libg.a(lib_a-printf.o)
                0x080049e0                printf
 .text.setvbuf  0x08004a08      0x180 d:/download/gcc-arm-none-eabi/bin/../lib/gcc/arm-none-eabi/7.3.1/../../../../arm-none-eabi/lib/thumb/v7e-m/fpv4-sp/hard\libg.a(lib_a-setvbuf.o)
                0x08004a08                setvbuf
 .text._vfprintf_r
                0x08004b88     0x1a7c d:/download/gcc-arm-none-eabi/bin/../lib/gcc/arm-none-eabi/7.3.1/../../../../arm-none-eabi/lib/thumb/v7e-m/fpv4-sp/hard\libg.a(lib_a-vfprintf.o)
                0x08004b88                _vfprintf_r
 .text.__sbprintf
                0x08006604       0x84 d:/download/gcc-arm-none-eabi/bin/../lib/gcc/arm-none-eabi/7.3.1/../../../../arm-none-eabi/lib/thumb/v7e-m/fpv4-sp/hard\libg.a(lib_a-vfprintf.o)
 .text.__swsetup_r
                0x08006688       0xcc d:/download/gcc-arm-none-eabi/bin/../lib/gcc/arm-none-eabi/7.3.1/../../../../arm-none-eabi/lib/thumb/v7e-m/fpv4-sp/hard\libg.a(lib_a-wsetup.o)
                0x08006688                __swsetup_r
 .text.startup.register_fini
                0x08006754       0x14 d:/download/gcc-arm-none-eabi/bin/../lib/gcc/arm-none-eabi/7.3.1/../../../../arm-none-eabi/lib/thumb/v7e-m/fpv4-sp/hard\libg.a(lib_a-__call_atexit.o)
 .text.atexit   0x08006768        0xc d:/download/gcc-arm-none-eabi/bin/../lib/gcc/arm-none-eabi/7.3.1/../../../../arm-none-eabi/lib/thumb/v7e-m/fpv4-sp/hard\libg.a(lib_a-atexit.o)
                0x08006768                atexit
 .text.quorem   0x08006774      0x124 d:/download/gcc-arm-none-eabi/bin/../lib/gcc/arm-none-eabi/7.3.1/../../../../arm-none-eabi/lib/thumb/v7e-m/fpv4-sp/hard\libg.a(lib_a-dtoa.o)
 .text._dtoa_r  0x08006898      0xe20 d:/download/gcc-arm-none-eabi/bin/../lib/gcc/arm-none-eabi/7.3.1/../../../../arm-none-eabi/lib/thumb/v7e-m/fpv4-sp/hard\libg.a(lib_a-dtoa.o)
                0x08006898                _dtoa_r
 .text.__sflush_r
                0x080076b8      0x154 d:/download/gcc-arm-none-eabi/bin/../lib/gcc/arm-none-eabi/7.3.1/../../../../arm-none-eabi/lib/thumb/v7e-m/fpv4-sp/hard\libg.a(lib_a-fflush.o)
                0x080076b8                __sflush_r
 .text._fflush_r
                0x0800780c       0x5c d:/download/gcc-arm-none-eabi/bin/../lib/gcc/arm-none-eabi/7.3.1/../../../../arm-none-eabi/lib/thumb/v7e-m/fpv4-sp/hard\libg.a(lib_a-fflush.o)
                0x0800780c                _fflush_r
 .text.std      0x08007868       0x50 d:/download/gcc-arm-none-eabi/bin/../lib/gcc/arm-none-eabi/7.3.1/../../../../arm-none-eabi/lib/thumb/v7e-m/fpv4-sp/hard\libg.a(lib_a-findfp.o)
 .text._cleanup_r
                0x080078b8        0xc d:/download/gcc-arm-none-eabi/bin/../lib/gcc/arm-none-eabi/7.3.1/../../../../arm-none-eabi/lib/thumb/v7e-m/fpv4-sp/hard\libg.a(lib_a-findfp.o)
                0x080078b8                _cleanup_r
 .text.__sinit  0x080078c4       0x58 d:/download/gcc-arm-none-eabi/bin/../lib/gcc/arm-none-eabi/7.3.1/../../../../arm-none-eabi/lib/thumb/v7e-m/fpv4-sp/hard\libg.a(lib_a-findfp.o)
                0x080078c4                __sinit
 .text.__sfp_lock_acquire
                0x0800791c        0xc d:/download/gcc-arm-none-eabi/bin/../lib/gcc/arm-none-eabi/7.3.1/../../../../arm-none-eabi/lib/thumb/v7e-m/fpv4-sp/hard\libg.a(lib_a-findfp.o)
                0x0800791c                __sfp_lock_acquire
 .text.__sfp_lock_release
                0x08007928        0xc d:/download/gcc-arm-none-eabi/bin/../lib/gcc/arm-none-eabi/7.3.1/../../../../arm-none-eabi/lib/thumb/v7e-m/fpv4-sp/hard\libg.a(lib_a-findfp.o)
                0x08007928                __sfp_lock_release
 .text.__libc_fini_array
                0x08007934       0x34 d:/download/gcc-arm-none-eabi/bin/../lib/gcc/arm-none-eabi/7.3.1/../../../../arm-none-eabi/lib/thumb/v7e-m/fpv4-sp/hard\libg.a(lib_a-fini.o)
                0x08007934                __libc_fini_array
 .text._malloc_trim_r
                0x08007968       0xa0 d:/download/gcc-arm-none-eabi/bin/../lib/gcc/arm-none-eabi/7.3.1/../../../../arm-none-eabi/lib/thumb/v7e-m/fpv4-sp/hard\libg.a(lib_a-freer.o)
                0x08007968                _malloc_trim_r
 .text._free_r  0x08007a08      0x1e8 d:/download/gcc-arm-none-eabi/bin/../lib/gcc/arm-none-eabi/7.3.1/../../../../arm-none-eabi/lib/thumb/v7e-m/fpv4-sp/hard\libg.a(lib_a-freer.o)
                0x08007a08                _free_r
 .text._fwalk_reent
                0x08007bf0       0x54 d:/download/gcc-arm-none-eabi/bin/../lib/gcc/arm-none-eabi/7.3.1/../../../../arm-none-eabi/lib/thumb/v7e-m/fpv4-sp/hard\libg.a(lib_a-fwalk.o)
                0x08007bf0                _fwalk_reent
 .text._localeconv_r
                0x08007c44       0x1c d:/download/gcc-arm-none-eabi/bin/../lib/gcc/arm-none-eabi/7.3.1/../../../../arm-none-eabi/lib/thumb/v7e-m/fpv4-sp/hard\libg.a(lib_a-localeconv.o)
                0x08007c44                _localeconv_r
 .text.__retarget_lock_init_recursive
                0x08007c60        0x4 d:/download/gcc-arm-none-eabi/bin/../lib/gcc/arm-none-eabi/7.3.1/../../../../arm-none-eabi/lib/thumb/v7e-m/fpv4-sp/hard\libg.a(lib_a-lock.o)
                0x08007c60                __retarget_lock_init_recursive
 .text.__retarget_lock_close_recursive
                0x08007c64        0x4 d:/download/gcc-arm-none-eabi/bin/../lib/gcc/arm-none-eabi/7.3.1/../../../../arm-none-eabi/lib/thumb/v7e-m/fpv4-sp/hard\libg.a(lib_a-lock.o)
                0x08007c64                __retarget_lock_close_recursive
 .text.__retarget_lock_acquire_recursive
                0x08007c68        0x4 d:/download/gcc-arm-none-eabi/bin/../lib/gcc/arm-none-eabi/7.3.1/../../../../arm-none-eabi/lib/thumb/v7e-m/fpv4-sp/hard\libg.a(lib_a-lock.o)
                0x08007c68                __retarget_lock_acquire_recursive
 .text.__retarget_lock_release_recursive
                0x08007c6c        0x4 d:/download/gcc-arm-none-eabi/bin/../lib/gcc/arm-none-eabi/7.3.1/../../../../arm-none-eabi/lib/thumb/v7e-m/fpv4-sp/hard\libg.a(lib_a-lock.o)
                0x08007c6c                __retarget_lock_release_recursive
 .text.__swhatbuf_r
                0x08007c70       0x5c d:/download/gcc-arm-none-eabi/bin/../lib/gcc/arm-none-eabi/7.3.1/../../../../arm-none-eabi/lib/thumb/v7e-m/fpv4-sp/hard\libg.a(lib_a-makebuf.o)
                0x08007c70                __swhatbuf_r
 .text.__smakebuf_r
                0x08007ccc       0x94 d:/download/gcc-arm-none-eabi/bin/../lib/gcc/arm-none-eabi/7.3.1/../../../../arm-none-eabi/lib/thumb/v7e-m/fpv4-sp/hard\libg.a(lib_a-makebuf.o)
                0x08007ccc                __smakebuf_r
 .text.malloc   0x08007d60       0x10 d:/download/gcc-arm-none-eabi/bin/../lib/gcc/arm-none-eabi/7.3.1/../../../../arm-none-eabi/lib/thumb/v7e-m/fpv4-sp/hard\libg.a(lib_a-malloc.o)
                0x08007d60                malloc
 .text._malloc_r
                0x08007d70      0x548 d:/download/gcc-arm-none-eabi/bin/../lib/gcc/arm-none-eabi/7.3.1/../../../../arm-none-eabi/lib/thumb/v7e-m/fpv4-sp/hard\libg.a(lib_a-mallocr.o)
                0x08007d70                _malloc_r
 .text.__malloc_lock
                0x080082b8        0xc d:/download/gcc-arm-none-eabi/bin/../lib/gcc/arm-none-eabi/7.3.1/../../../../arm-none-eabi/lib/thumb/v7e-m/fpv4-sp/hard\libg.a(lib_a-mlock.o)
                0x080082b8                __malloc_lock
 .text.__malloc_unlock
                0x080082c4        0xc d:/download/gcc-arm-none-eabi/bin/../lib/gcc/arm-none-eabi/7.3.1/../../../../arm-none-eabi/lib/thumb/v7e-m/fpv4-sp/hard\libg.a(lib_a-mlock.o)
                0x080082c4                __malloc_unlock
 .text._Balloc  0x080082d0       0x4c d:/download/gcc-arm-none-eabi/bin/../lib/gcc/arm-none-eabi/7.3.1/../../../../arm-none-eabi/lib/thumb/v7e-m/fpv4-sp/hard\libg.a(lib_a-mprec.o)
                0x080082d0                _Balloc
 .text._Bfree   0x0800831c       0x14 d:/download/gcc-arm-none-eabi/bin/../lib/gcc/arm-none-eabi/7.3.1/../../../../arm-none-eabi/lib/thumb/v7e-m/fpv4-sp/hard\libg.a(lib_a-mprec.o)
                0x0800831c                _Bfree
 .text.__multadd
                0x08008330       0x80 d:/download/gcc-arm-none-eabi/bin/../lib/gcc/arm-none-eabi/7.3.1/../../../../arm-none-eabi/lib/thumb/v7e-m/fpv4-sp/hard\libg.a(lib_a-mprec.o)
                0x08008330                __multadd
 .text.__hi0bits
                0x080083b0       0x40 d:/download/gcc-arm-none-eabi/bin/../lib/gcc/arm-none-eabi/7.3.1/../../../../arm-none-eabi/lib/thumb/v7e-m/fpv4-sp/hard\libg.a(lib_a-mprec.o)
                0x080083b0                __hi0bits
 .text.__lo0bits
                0x080083f0       0x60 d:/download/gcc-arm-none-eabi/bin/../lib/gcc/arm-none-eabi/7.3.1/../../../../arm-none-eabi/lib/thumb/v7e-m/fpv4-sp/hard\libg.a(lib_a-mprec.o)
                0x080083f0                __lo0bits
 .text.__i2b    0x08008450       0x14 d:/download/gcc-arm-none-eabi/bin/../lib/gcc/arm-none-eabi/7.3.1/../../../../arm-none-eabi/lib/thumb/v7e-m/fpv4-sp/hard\libg.a(lib_a-mprec.o)
                0x08008450                __i2b
 .text.__multiply
                0x08008464      0x14c d:/download/gcc-arm-none-eabi/bin/../lib/gcc/arm-none-eabi/7.3.1/../../../../arm-none-eabi/lib/thumb/v7e-m/fpv4-sp/hard\libg.a(lib_a-mprec.o)
                0x08008464                __multiply
 .text.__pow5mult
                0x080085b0       0xa0 d:/download/gcc-arm-none-eabi/bin/../lib/gcc/arm-none-eabi/7.3.1/../../../../arm-none-eabi/lib/thumb/v7e-m/fpv4-sp/hard\libg.a(lib_a-mprec.o)
                0x080085b0                __pow5mult
 .text.__lshift
                0x08008650       0xac d:/download/gcc-arm-none-eabi/bin/../lib/gcc/arm-none-eabi/7.3.1/../../../../arm-none-eabi/lib/thumb/v7e-m/fpv4-sp/hard\libg.a(lib_a-mprec.o)
                0x08008650                __lshift
 .text.__mcmp   0x080086fc       0x38 d:/download/gcc-arm-none-eabi/bin/../lib/gcc/arm-none-eabi/7.3.1/../../../../arm-none-eabi/lib/thumb/v7e-m/fpv4-sp/hard\libg.a(lib_a-mprec.o)
                0x080086fc                __mcmp
 .text.__mdiff  0x08008734       0xec d:/download/gcc-arm-none-eabi/bin/../lib/gcc/arm-none-eabi/7.3.1/../../../../arm-none-eabi/lib/thumb/v7e-m/fpv4-sp/hard\libg.a(lib_a-mprec.o)
                0x08008734                __mdiff
 .text.__d2b    0x08008820       0xc4 d:/download/gcc-arm-none-eabi/bin/../lib/gcc/arm-none-eabi/7.3.1/../../../../arm-none-eabi/lib/thumb/v7e-m/fpv4-sp/hard\libg.a(lib_a-mprec.o)
                0x08008820                __d2b
 .text.frexp    0x080088e4       0x68 d:/download/gcc-arm-none-eabi/bin/../lib/gcc/arm-none-eabi/7.3.1/../../../../arm-none-eabi/lib/thumb/v7e-m/fpv4-sp/hard\libg.a(lib_a-s_frexp.o)
                0x080088e4                frexp
 .text._sbrk_r  0x0800894c       0x24 d:/download/gcc-arm-none-eabi/bin/../lib/gcc/arm-none-eabi/7.3.1/../../../../arm-none-eabi/lib/thumb/v7e-m/fpv4-sp/hard\libg.a(lib_a-sbrkr.o)
                0x0800894c                _sbrk_r
 .text.__sread  0x08008970       0x24 d:/download/gcc-arm-none-eabi/bin/../lib/gcc/arm-none-eabi/7.3.1/../../../../arm-none-eabi/lib/thumb/v7e-m/fpv4-sp/hard\libg.a(lib_a-stdio.o)
                0x08008970                __sread
 .text.__swrite
                0x08008994       0x3c d:/download/gcc-arm-none-eabi/bin/../lib/gcc/arm-none-eabi/7.3.1/../../../../arm-none-eabi/lib/thumb/v7e-m/fpv4-sp/hard\libg.a(lib_a-stdio.o)
                0x08008994                __swrite
 .text.__sseek  0x080089d0       0x20 d:/download/gcc-arm-none-eabi/bin/../lib/gcc/arm-none-eabi/7.3.1/../../../../arm-none-eabi/lib/thumb/v7e-m/fpv4-sp/hard\libg.a(lib_a-stdio.o)
                0x080089d0                __sseek
 .text.__sclose
                0x080089f0        0x8 d:/download/gcc-arm-none-eabi/bin/../lib/gcc/arm-none-eabi/7.3.1/../../../../arm-none-eabi/lib/thumb/v7e-m/fpv4-sp/hard\libg.a(lib_a-stdio.o)
                0x080089f0                __sclose
 .text.strncpy  0x080089f8       0x64 d:/download/gcc-arm-none-eabi/bin/../lib/gcc/arm-none-eabi/7.3.1/../../../../arm-none-eabi/lib/thumb/v7e-m/fpv4-sp/hard\libg.a(lib_a-strncpy.o)
                0x080089f8                strncpy
 .text.__sprint_r.part.0
                0x08008a5c       0x78 d:/download/gcc-arm-none-eabi/bin/../lib/gcc/arm-none-eabi/7.3.1/../../../../arm-none-eabi/lib/thumb/v7e-m/fpv4-sp/hard\libg.a(lib_a-vfiprintf.o)
 .text.__sprint_r
                0x08008ad4       0x14 d:/download/gcc-arm-none-eabi/bin/../lib/gcc/arm-none-eabi/7.3.1/../../../../arm-none-eabi/lib/thumb/v7e-m/fpv4-sp/hard\libg.a(lib_a-vfiprintf.o)
                0x08008ad4                __sprint_r
 .text._write_r
                0x08008ae8       0x2c d:/download/gcc-arm-none-eabi/bin/../lib/gcc/arm-none-eabi/7.3.1/../../../../arm-none-eabi/lib/thumb/v7e-m/fpv4-sp/hard\libg.a(lib_a-writer.o)
                0x08008ae8                _write_r
 .text.__register_exitproc
                0x08008b14       0xc0 d:/download/gcc-arm-none-eabi/bin/../lib/gcc/arm-none-eabi/7.3.1/../../../../arm-none-eabi/lib/thumb/v7e-m/fpv4-sp/hard\libg.a(lib_a-__atexit.o)
                0x08008b14                __register_exitproc
 .text._calloc_r
                0x08008bd4       0x68 d:/download/gcc-arm-none-eabi/bin/../lib/gcc/arm-none-eabi/7.3.1/../../../../arm-none-eabi/lib/thumb/v7e-m/fpv4-sp/hard\libg.a(lib_a-callocr.o)
                0x08008bd4                _calloc_r
 .text._close_r
                0x08008c3c       0x24 d:/download/gcc-arm-none-eabi/bin/../lib/gcc/arm-none-eabi/7.3.1/../../../../arm-none-eabi/lib/thumb/v7e-m/fpv4-sp/hard\libg.a(lib_a-closer.o)
                0x08008c3c                _close_r
 .text._fclose_r
                0x08008c60       0xd0 d:/download/gcc-arm-none-eabi/bin/../lib/gcc/arm-none-eabi/7.3.1/../../../../arm-none-eabi/lib/thumb/v7e-m/fpv4-sp/hard\libg.a(lib_a-fclose.o)
                0x08008c60                _fclose_r
 .text.__fputwc
                0x08008d30       0xa0 d:/download/gcc-arm-none-eabi/bin/../lib/gcc/arm-none-eabi/7.3.1/../../../../arm-none-eabi/lib/thumb/v7e-m/fpv4-sp/hard\libg.a(lib_a-fputwc.o)
                0x08008d30                __fputwc
 .text._fputwc_r
                0x08008dd0       0x64 d:/download/gcc-arm-none-eabi/bin/../lib/gcc/arm-none-eabi/7.3.1/../../../../arm-none-eabi/lib/thumb/v7e-m/fpv4-sp/hard\libg.a(lib_a-fputwc.o)
                0x08008dd0                _fputwc_r
 .text._fstat_r
                0x08008e34       0x28 d:/download/gcc-arm-none-eabi/bin/../lib/gcc/arm-none-eabi/7.3.1/../../../../arm-none-eabi/lib/thumb/v7e-m/fpv4-sp/hard\libg.a(lib_a-fstatr.o)
                0x08008e34                _fstat_r
 .text.__sfvwrite_r
                0x08008e5c      0x2fc d:/download/gcc-arm-none-eabi/bin/../lib/gcc/arm-none-eabi/7.3.1/../../../../arm-none-eabi/lib/thumb/v7e-m/fpv4-sp/hard\libg.a(lib_a-fvwrite.o)
                0x08008e5c                __sfvwrite_r
 .text._isatty_r
                0x08009158       0x24 d:/download/gcc-arm-none-eabi/bin/../lib/gcc/arm-none-eabi/7.3.1/../../../../arm-none-eabi/lib/thumb/v7e-m/fpv4-sp/hard\libg.a(lib_a-isattyr.o)
                0x08009158                _isatty_r
 .text.__locale_mb_cur_max
                0x0800917c       0x1c d:/download/gcc-arm-none-eabi/bin/../lib/gcc/arm-none-eabi/7.3.1/../../../../arm-none-eabi/lib/thumb/v7e-m/fpv4-sp/hard\libg.a(lib_a-locale.o)
                0x0800917c                __locale_mb_cur_max
 .text._lseek_r
                0x08009198       0x2c d:/download/gcc-arm-none-eabi/bin/../lib/gcc/arm-none-eabi/7.3.1/../../../../arm-none-eabi/lib/thumb/v7e-m/fpv4-sp/hard\libg.a(lib_a-lseekr.o)
                0x08009198                _lseek_r
 .text.__ascii_mbtowc
                0x080091c4       0x2c d:/download/gcc-arm-none-eabi/bin/../lib/gcc/arm-none-eabi/7.3.1/../../../../arm-none-eabi/lib/thumb/v7e-m/fpv4-sp/hard\libg.a(lib_a-mbtowc_r.o)
                0x080091c4                __ascii_mbtowc
 .text.memmove  0x080091f0       0xc8 d:/download/gcc-arm-none-eabi/bin/../lib/gcc/arm-none-eabi/7.3.1/../../../../arm-none-eabi/lib/thumb/v7e-m/fpv4-sp/hard\libg.a(lib_a-memmove.o)
                0x080091f0                memmove
 .text._read_r  0x080092b8       0x2c d:/download/gcc-arm-none-eabi/bin/../lib/gcc/arm-none-eabi/7.3.1/../../../../arm-none-eabi/lib/thumb/v7e-m/fpv4-sp/hard\libg.a(lib_a-readr.o)
                0x080092b8                _read_r
 .text._realloc_r
                0x080092e4      0x35c d:/download/gcc-arm-none-eabi/bin/../lib/gcc/arm-none-eabi/7.3.1/../../../../arm-none-eabi/lib/thumb/v7e-m/fpv4-sp/hard\libg.a(lib_a-reallocr.o)
                0x080092e4                _realloc_r
 .text.__swbuf_r
                0x08009640       0xb0 d:/download/gcc-arm-none-eabi/bin/../lib/gcc/arm-none-eabi/7.3.1/../../../../arm-none-eabi/lib/thumb/v7e-m/fpv4-sp/hard\libg.a(lib_a-wbuf.o)
                0x08009640                __swbuf_r
 .text._wcrtomb_r
                0x080096f0       0x50 d:/download/gcc-arm-none-eabi/bin/../lib/gcc/arm-none-eabi/7.3.1/../../../../arm-none-eabi/lib/thumb/v7e-m/fpv4-sp/hard\libg.a(lib_a-wcrtomb.o)
                0x080096f0                _wcrtomb_r
 .text.__ascii_wctomb
                0x08009740       0x1c d:/download/gcc-arm-none-eabi/bin/../lib/gcc/arm-none-eabi/7.3.1/../../../../arm-none-eabi/lib/thumb/v7e-m/fpv4-sp/hard\libg.a(lib_a-wctomb_r.o)
                0x08009740                __ascii_wctomb
 *(.glue_7)
 .glue_7        0x0800975c        0x0 linker stubs
 *(.glue_7t)
 .glue_7t       0x0800975c        0x0 linker stubs
 *(.eh_frame)
 .eh_frame      0x0800975c        0x0 d:/download/gcc-arm-none-eabi/bin/../lib/gcc/arm-none-eabi/7.3.1/thumb/v7e-m/fpv4-sp/hard/crtbegin.o
 *(.init)
 .init          0x0800975c        0x4 d:/download/gcc-arm-none-eabi/bin/../lib/gcc/arm-none-eabi/7.3.1/thumb/v7e-m/fpv4-sp/hard/crti.o
                0x0800975c                _init
 .init          0x08009760        0x8 d:/download/gcc-arm-none-eabi/bin/../lib/gcc/arm-none-eabi/7.3.1/thumb/v7e-m/fpv4-sp/hard/crtn.o
 *(.fini)
 .fini          0x08009768        0x4 d:/download/gcc-arm-none-eabi/bin/../lib/gcc/arm-none-eabi/7.3.1/thumb/v7e-m/fpv4-sp/hard/crti.o
                0x08009768                _fini
 .fini          0x0800976c        0x8 d:/download/gcc-arm-none-eabi/bin/../lib/gcc/arm-none-eabi/7.3.1/thumb/v7e-m/fpv4-sp/hard/crtn.o
                0x08009774                . = ALIGN (0x4)
                0x08009774                _etext = .

.vfp11_veneer   0x08009774        0x0
 .vfp11_veneer  0x08009774        0x0 linker stubs

.v4_bx          0x08009774        0x0
 .v4_bx         0x08009774        0x0 linker stubs

.iplt           0x08009774        0x0
 .iplt          0x08009774        0x0 d:/download/gcc-arm-none-eabi/bin/../lib/gcc/arm-none-eabi/7.3.1/thumb/v7e-m/fpv4-sp/hard/crtbegin.o

.rodata         0x08009778      0x328
                0x08009778                . = ALIGN (0x4)
 *(.rodata)
 .rodata        0x08009778       0x54 CMakeFiles/VET6.elf.dir/Core/Src/freertos.c.obj
 *(.rodata*)
 .rodata.str1.4
                0x080097cc       0x1d CMakeFiles/VET6.elf.dir/Core/Src/freertos.c.obj
 *fill*         0x080097e9        0x3 
 .rodata.StartUsartTask.str1.4
                0x080097ec        0x7 CMakeFiles/VET6.elf.dir/Core/Src/main.c.obj
 *fill*         0x080097f3        0x1 
 .rodata.AHBPrescTable
                0x080097f4       0x10 CMakeFiles/VET6.elf.dir/Core/Src/system_stm32f4xx.c.obj
                0x080097f4                AHBPrescTable
 .rodata.APBPrescTable
                0x08009804        0x8 CMakeFiles/VET6.elf.dir/Core/Src/system_stm32f4xx.c.obj
                0x08009804                APBPrescTable
 .rodata.vTaskStartScheduler.str1.4
                0x0800980c        0x5 CMakeFiles/VET6.elf.dir/Middlewares/Third_Party/FreeRTOS/Source/tasks.c.obj
 *fill*         0x08009811        0x3 
 .rodata._global_impure_ptr
                0x08009814        0x4 d:/download/gcc-arm-none-eabi/bin/../lib/gcc/arm-none-eabi/7.3.1/../../../../arm-none-eabi/lib/thumb/v7e-m/fpv4-sp/hard\libg.a(lib_a-impure.o)
                0x08009814                _global_impure_ptr
 .rodata._vfprintf_r.str1.4
                0x08009818       0x42 d:/download/gcc-arm-none-eabi/bin/../lib/gcc/arm-none-eabi/7.3.1/../../../../arm-none-eabi/lib/thumb/v7e-m/fpv4-sp/hard\libg.a(lib_a-vfprintf.o)
 *fill*         0x0800985a        0x2 
 .rodata.blanks.8605
                0x0800985c       0x10 d:/download/gcc-arm-none-eabi/bin/../lib/gcc/arm-none-eabi/7.3.1/../../../../arm-none-eabi/lib/thumb/v7e-m/fpv4-sp/hard\libg.a(lib_a-vfprintf.o)
 .rodata.zeroes.8606
                0x0800986c       0x10 d:/download/gcc-arm-none-eabi/bin/../lib/gcc/arm-none-eabi/7.3.1/../../../../arm-none-eabi/lib/thumb/v7e-m/fpv4-sp/hard\libg.a(lib_a-vfprintf.o)
 .rodata._dtoa_r.str1.4
                0x0800987c       0x10 d:/download/gcc-arm-none-eabi/bin/../lib/gcc/arm-none-eabi/7.3.1/../../../../arm-none-eabi/lib/thumb/v7e-m/fpv4-sp/hard\libg.a(lib_a-dtoa.o)
                                 0x12 (size before relaxing)
 *fill*         0x0800988c        0x4 
 .rodata.__mprec_bigtens
                0x08009890       0x28 d:/download/gcc-arm-none-eabi/bin/../lib/gcc/arm-none-eabi/7.3.1/../../../../arm-none-eabi/lib/thumb/v7e-m/fpv4-sp/hard\libg.a(lib_a-mprec.o)
                0x08009890                __mprec_bigtens
 .rodata.__mprec_tens
                0x080098b8       0xc8 d:/download/gcc-arm-none-eabi/bin/../lib/gcc/arm-none-eabi/7.3.1/../../../../arm-none-eabi/lib/thumb/v7e-m/fpv4-sp/hard\libg.a(lib_a-mprec.o)
                0x080098b8                __mprec_tens
 .rodata.p05.7367
                0x08009980        0xc d:/download/gcc-arm-none-eabi/bin/../lib/gcc/arm-none-eabi/7.3.1/../../../../arm-none-eabi/lib/thumb/v7e-m/fpv4-sp/hard\libg.a(lib_a-mprec.o)
 .rodata._setlocale_r.str1.4
                0x0800998c        0xa d:/download/gcc-arm-none-eabi/bin/../lib/gcc/arm-none-eabi/7.3.1/../../../../arm-none-eabi/lib/thumb/v7e-m/fpv4-sp/hard\libg.a(lib_a-locale.o)
                                  0xd (size before relaxing)
 *fill*         0x08009996        0x2 
 .rodata.str1.4
                0x08009998        0x4 d:/download/gcc-arm-none-eabi/bin/../lib/gcc/arm-none-eabi/7.3.1/../../../../arm-none-eabi/lib/thumb/v7e-m/fpv4-sp/hard\libg.a(lib_a-locale.o)
                                  0x2 (size before relaxing)
 .rodata._ctype_
                0x0800999c      0x101 d:/download/gcc-arm-none-eabi/bin/../lib/gcc/arm-none-eabi/7.3.1/../../../../arm-none-eabi/lib/thumb/v7e-m/fpv4-sp/hard\libg.a(lib_a-ctype_.o)
                0x0800999c                _ctype_
                0x08009aa0                . = ALIGN (0x4)
 *fill*         0x08009a9d        0x3 

.ARM.extab      0x08009aa0        0x0
                0x08009aa0                . = ALIGN (0x4)
 *(.ARM.extab* .gnu.linkonce.armextab.*)
                0x08009aa0                . = ALIGN (0x4)

.ARM            0x08009aa0        0x8
                0x08009aa0                . = ALIGN (0x4)
                0x08009aa0                __exidx_start = .
 *(.ARM.exidx*)
 .ARM.exidx     0x08009aa0        0x8 d:/download/gcc-arm-none-eabi/bin/../lib/gcc/arm-none-eabi/7.3.1/thumb/v7e-m/fpv4-sp/hard\libgcc.a(_udivmoddi4.o)
                0x08009aa8                __exidx_end = .
                0x08009aa8                . = ALIGN (0x4)

.rel.dyn        0x08009aa8        0x0
 .rel.iplt      0x08009aa8        0x0 d:/download/gcc-arm-none-eabi/bin/../lib/gcc/arm-none-eabi/7.3.1/thumb/v7e-m/fpv4-sp/hard/crtbegin.o

.preinit_array  0x08009aa8        0x0
                0x08009aa8                . = ALIGN (0x4)
                0x08009aa8                PROVIDE (__preinit_array_start = .)
 *(.preinit_array*)
                0x08009aa8                PROVIDE (__preinit_array_end = .)
                0x08009aa8                . = ALIGN (0x4)

.init_array     0x08009aa8        0x8
                0x08009aa8                . = ALIGN (0x4)
                0x08009aa8                PROVIDE (__init_array_start = .)
 *(SORT_BY_NAME(.init_array.*))
 .init_array.00000
                0x08009aa8        0x4 d:/download/gcc-arm-none-eabi/bin/../lib/gcc/arm-none-eabi/7.3.1/../../../../arm-none-eabi/lib/thumb/v7e-m/fpv4-sp/hard\libg.a(lib_a-__call_atexit.o)
 *(.init_array*)
 .init_array    0x08009aac        0x4 d:/download/gcc-arm-none-eabi/bin/../lib/gcc/arm-none-eabi/7.3.1/thumb/v7e-m/fpv4-sp/hard/crtbegin.o
                0x08009ab0                PROVIDE (__init_array_end = .)
                0x08009ab0                . = ALIGN (0x4)

.fini_array     0x08009ab0        0x4
                0x08009ab0                . = ALIGN (0x4)
                0x08009ab0                PROVIDE (__fini_array_start = .)
 *(SORT_BY_NAME(.fini_array.*))
 *(.fini_array*)
 .fini_array    0x08009ab0        0x4 d:/download/gcc-arm-none-eabi/bin/../lib/gcc/arm-none-eabi/7.3.1/thumb/v7e-m/fpv4-sp/hard/crtbegin.o
                0x08009ab4                PROVIDE (__fini_array_end = .)
                0x08009ab4                . = ALIGN (0x4)
                0x08009ab4                _sidata = LOADADDR (.data)

.data           0x20000000      0x9c0 load address 0x08009ab4
                0x20000000                . = ALIGN (0x4)
                0x20000000                _sdata = .
 *(.data)
 *(.data*)
 .data.SystemCoreClock
                0x20000000        0x4 CMakeFiles/VET6.elf.dir/Core/Src/system_stm32f4xx.c.obj
                0x20000000                SystemCoreClock
 .data.uwTickFreq
                0x20000004        0x1 CMakeFiles/VET6.elf.dir/Drivers/STM32F4xx_HAL_Driver/Src/stm32f4xx_hal.c.obj
                0x20000004                uwTickFreq
 *fill*         0x20000005        0x3 
 .data.uwTickPrio
                0x20000008        0x4 CMakeFiles/VET6.elf.dir/Drivers/STM32F4xx_HAL_Driver/Src/stm32f4xx_hal.c.obj
                0x20000008                uwTickPrio
 .data.uxCriticalNesting
                0x2000000c        0x4 CMakeFiles/VET6.elf.dir/Middlewares/Third_Party/FreeRTOS/Source/portable/GCC/ARM_CM4F/port.c.obj
 .data._impure_ptr
                0x20000010        0x4 d:/download/gcc-arm-none-eabi/bin/../lib/gcc/arm-none-eabi/7.3.1/../../../../arm-none-eabi/lib/thumb/v7e-m/fpv4-sp/hard\libg.a(lib_a-impure.o)
                0x20000010                _impure_ptr
 *fill*         0x20000014        0x4 
 .data.impure_data
                0x20000018      0x428 d:/download/gcc-arm-none-eabi/bin/../lib/gcc/arm-none-eabi/7.3.1/../../../../arm-none-eabi/lib/thumb/v7e-m/fpv4-sp/hard\libg.a(lib_a-impure.o)
 .data.__atexit_recursive_mutex
                0x20000440        0x4 d:/download/gcc-arm-none-eabi/bin/../lib/gcc/arm-none-eabi/7.3.1/../../../../arm-none-eabi/lib/thumb/v7e-m/fpv4-sp/hard\libg.a(lib_a-__call_atexit.o)
                0x20000440                __atexit_recursive_mutex
 .data.__malloc_av_
                0x20000444      0x408 d:/download/gcc-arm-none-eabi/bin/../lib/gcc/arm-none-eabi/7.3.1/../../../../arm-none-eabi/lib/thumb/v7e-m/fpv4-sp/hard\libg.a(lib_a-mallocr.o)
                0x20000444                __malloc_av_
 .data.__malloc_sbrk_base
                0x2000084c        0x4 d:/download/gcc-arm-none-eabi/bin/../lib/gcc/arm-none-eabi/7.3.1/../../../../arm-none-eabi/lib/thumb/v7e-m/fpv4-sp/hard\libg.a(lib_a-mallocr.o)
                0x2000084c                __malloc_sbrk_base
 .data.__malloc_trim_threshold
                0x20000850        0x4 d:/download/gcc-arm-none-eabi/bin/../lib/gcc/arm-none-eabi/7.3.1/../../../../arm-none-eabi/lib/thumb/v7e-m/fpv4-sp/hard\libg.a(lib_a-mallocr.o)
                0x20000850                __malloc_trim_threshold
 .data.__global_locale
                0x20000854      0x16c d:/download/gcc-arm-none-eabi/bin/../lib/gcc/arm-none-eabi/7.3.1/../../../../arm-none-eabi/lib/thumb/v7e-m/fpv4-sp/hard\libg.a(lib_a-locale.o)
                0x20000854                __global_locale
 *(.RamFunc)
 *(.RamFunc*)
                0x200009c0                . = ALIGN (0x4)
                0x200009c0                _edata = .
                0x0800a474                _siccmram = LOADADDR (.ccmram)

.igot.plt       0x200009c0        0x0 load address 0x0800a474
 .igot.plt      0x200009c0        0x0 d:/download/gcc-arm-none-eabi/bin/../lib/gcc/arm-none-eabi/7.3.1/thumb/v7e-m/fpv4-sp/hard/crtbegin.o

.ccmram         0x10000000        0x0 load address 0x0800a474
                0x10000000                . = ALIGN (0x4)
                0x10000000                _sccmram = .
 *(.ccmram)
 *(.ccmram*)
                0x10000000                . = ALIGN (0x4)
                0x10000000                _eccmram = .
                0x10000000                . = ALIGN (0x4)

.bss            0x200009c0     0x4284
                0x200009c0                _sbss = .
                0x200009c0                __bss_start__ = _sbss
 *(.bss)
 .bss           0x200009c0       0x1c d:/download/gcc-arm-none-eabi/bin/../lib/gcc/arm-none-eabi/7.3.1/thumb/v7e-m/fpv4-sp/hard/crtbegin.o
 *(.bss*)
 .bss.gHuart    0x200009dc        0x4 CMakeFiles/VET6.elf.dir/Core/App/retarget.c.obj
                0x200009dc                gHuart
 .bss.huart1    0x200009e0       0x44 CMakeFiles/VET6.elf.dir/Core/App/usart.c.obj
                0x200009e0                huart1
 .bss.huart2    0x20000a24       0x44 CMakeFiles/VET6.elf.dir/Core/App/usart.c.obj
                0x20000a24                huart2
 .bss.huart3    0x20000a68       0x44 CMakeFiles/VET6.elf.dir/Core/App/usart.c.obj
                0x20000a68                huart3
 .bss.hadc1     0x20000aac       0x48 CMakeFiles/VET6.elf.dir/Core/Src/adc.c.obj
                0x20000aac                hadc1
 .bss.LedTaskHandle
                0x20000af4        0x4 CMakeFiles/VET6.elf.dir/Core/Src/freertos.c.obj
                0x20000af4                LedTaskHandle
 .bss.MoveTaskHandle
                0x20000af8        0x4 CMakeFiles/VET6.elf.dir/Core/Src/freertos.c.obj
                0x20000af8                MoveTaskHandle
 .bss.UsartTaskHandle
                0x20000afc        0x4 CMakeFiles/VET6.elf.dir/Core/Src/freertos.c.obj
                0x20000afc                UsartTaskHandle
 .bss.xIdleStack
                0x20000b00      0x200 CMakeFiles/VET6.elf.dir/Core/Src/freertos.c.obj
 .bss.xIdleTaskTCBBuffer
                0x20000d00       0x54 CMakeFiles/VET6.elf.dir/Core/Src/freertos.c.obj
 .bss.hi2c1     0x20000d54       0x54 CMakeFiles/VET6.elf.dir/Core/Src/i2c.c.obj
                0x20000d54                hi2c1
 .bss.hspi3     0x20000da8       0x58 CMakeFiles/VET6.elf.dir/Core/Src/spi.c.obj
                0x20000da8                hspi3
 .bss.htim7     0x20000e00       0x48 CMakeFiles/VET6.elf.dir/Core/Src/stm32f4xx_hal_timebase_tim.c.obj
                0x20000e00                htim7
 .bss.__sbrk_heap_end
                0x20000e48        0x4 CMakeFiles/VET6.elf.dir/Core/Src/sysmem.c.obj
 .bss.htim1     0x20000e4c       0x48 CMakeFiles/VET6.elf.dir/Core/Src/tim.c.obj
                0x20000e4c                htim1
 .bss.uwTick    0x20000e94        0x4 CMakeFiles/VET6.elf.dir/Drivers/STM32F4xx_HAL_Driver/Src/stm32f4xx_hal.c.obj
                0x20000e94                uwTick
 .bss.ucMaxSysCallPriority
                0x20000e98        0x1 CMakeFiles/VET6.elf.dir/Middlewares/Third_Party/FreeRTOS/Source/portable/GCC/ARM_CM4F/port.c.obj
 *fill*         0x20000e99        0x3 
 .bss.ulMaxPRIGROUPValue
                0x20000e9c        0x4 CMakeFiles/VET6.elf.dir/Middlewares/Third_Party/FreeRTOS/Source/portable/GCC/ARM_CM4F/port.c.obj
 .bss.pxEnd     0x20000ea0        0x4 CMakeFiles/VET6.elf.dir/Middlewares/Third_Party/FreeRTOS/Source/portable/MemMang/heap_4.c.obj
 .bss.ucHeap    0x20000ea4     0x3c00 CMakeFiles/VET6.elf.dir/Middlewares/Third_Party/FreeRTOS/Source/portable/MemMang/heap_4.c.obj
 .bss.xBlockAllocatedBit
                0x20004aa4        0x4 CMakeFiles/VET6.elf.dir/Middlewares/Third_Party/FreeRTOS/Source/portable/MemMang/heap_4.c.obj
 .bss.xFreeBytesRemaining
                0x20004aa8        0x4 CMakeFiles/VET6.elf.dir/Middlewares/Third_Party/FreeRTOS/Source/portable/MemMang/heap_4.c.obj
 .bss.xMinimumEverFreeBytesRemaining
                0x20004aac        0x4 CMakeFiles/VET6.elf.dir/Middlewares/Third_Party/FreeRTOS/Source/portable/MemMang/heap_4.c.obj
 .bss.xNumberOfSuccessfulAllocations
                0x20004ab0        0x4 CMakeFiles/VET6.elf.dir/Middlewares/Third_Party/FreeRTOS/Source/portable/MemMang/heap_4.c.obj
 .bss.xNumberOfSuccessfulFrees
                0x20004ab4        0x4 CMakeFiles/VET6.elf.dir/Middlewares/Third_Party/FreeRTOS/Source/portable/MemMang/heap_4.c.obj
 .bss.xStart    0x20004ab8        0x8 CMakeFiles/VET6.elf.dir/Middlewares/Third_Party/FreeRTOS/Source/portable/MemMang/heap_4.c.obj
 .bss.pxCurrentTCB
                0x20004ac0        0x4 CMakeFiles/VET6.elf.dir/Middlewares/Third_Party/FreeRTOS/Source/tasks.c.obj
                0x20004ac0                pxCurrentTCB
 .bss.pxDelayedTaskList
                0x20004ac4        0x4 CMakeFiles/VET6.elf.dir/Middlewares/Third_Party/FreeRTOS/Source/tasks.c.obj
 .bss.pxOverflowDelayedTaskList
                0x20004ac8        0x4 CMakeFiles/VET6.elf.dir/Middlewares/Third_Party/FreeRTOS/Source/tasks.c.obj
 .bss.pxReadyTasksLists
                0x20004acc       0x8c CMakeFiles/VET6.elf.dir/Middlewares/Third_Party/FreeRTOS/Source/tasks.c.obj
 .bss.uxCurrentNumberOfTasks
                0x20004b58        0x4 CMakeFiles/VET6.elf.dir/Middlewares/Third_Party/FreeRTOS/Source/tasks.c.obj
 .bss.uxDeletedTasksWaitingCleanUp
                0x20004b5c        0x4 CMakeFiles/VET6.elf.dir/Middlewares/Third_Party/FreeRTOS/Source/tasks.c.obj
 .bss.uxSchedulerSuspended
                0x20004b60        0x4 CMakeFiles/VET6.elf.dir/Middlewares/Third_Party/FreeRTOS/Source/tasks.c.obj
 .bss.uxTaskNumber
                0x20004b64        0x4 CMakeFiles/VET6.elf.dir/Middlewares/Third_Party/FreeRTOS/Source/tasks.c.obj
 .bss.uxTopReadyPriority
                0x20004b68        0x4 CMakeFiles/VET6.elf.dir/Middlewares/Third_Party/FreeRTOS/Source/tasks.c.obj
 .bss.xDelayedTaskList1
                0x20004b6c       0x14 CMakeFiles/VET6.elf.dir/Middlewares/Third_Party/FreeRTOS/Source/tasks.c.obj
 .bss.xDelayedTaskList2
                0x20004b80       0x14 CMakeFiles/VET6.elf.dir/Middlewares/Third_Party/FreeRTOS/Source/tasks.c.obj
 .bss.xNextTaskUnblockTime
                0x20004b94        0x4 CMakeFiles/VET6.elf.dir/Middlewares/Third_Party/FreeRTOS/Source/tasks.c.obj
 .bss.xNumOfOverflows
                0x20004b98        0x4 CMakeFiles/VET6.elf.dir/Middlewares/Third_Party/FreeRTOS/Source/tasks.c.obj
 .bss.xPendedTicks
                0x20004b9c        0x4 CMakeFiles/VET6.elf.dir/Middlewares/Third_Party/FreeRTOS/Source/tasks.c.obj
 .bss.xPendingReadyList
                0x20004ba0       0x14 CMakeFiles/VET6.elf.dir/Middlewares/Third_Party/FreeRTOS/Source/tasks.c.obj
 .bss.xSchedulerRunning
                0x20004bb4        0x4 CMakeFiles/VET6.elf.dir/Middlewares/Third_Party/FreeRTOS/Source/tasks.c.obj
 .bss.xSuspendedTaskList
                0x20004bb8       0x14 CMakeFiles/VET6.elf.dir/Middlewares/Third_Party/FreeRTOS/Source/tasks.c.obj
 .bss.xTasksWaitingTermination
                0x20004bcc       0x14 CMakeFiles/VET6.elf.dir/Middlewares/Third_Party/FreeRTOS/Source/tasks.c.obj
 .bss.xTickCount
                0x20004be0        0x4 CMakeFiles/VET6.elf.dir/Middlewares/Third_Party/FreeRTOS/Source/tasks.c.obj
 .bss.xYieldPending
                0x20004be4        0x4 CMakeFiles/VET6.elf.dir/Middlewares/Third_Party/FreeRTOS/Source/tasks.c.obj
 .bss.__malloc_current_mallinfo
                0x20004be8       0x28 d:/download/gcc-arm-none-eabi/bin/../lib/gcc/arm-none-eabi/7.3.1/../../../../arm-none-eabi/lib/thumb/v7e-m/fpv4-sp/hard\libg.a(lib_a-mallocr.o)
                0x20004be8                __malloc_current_mallinfo
 .bss.__malloc_max_sbrked_mem
                0x20004c10        0x4 d:/download/gcc-arm-none-eabi/bin/../lib/gcc/arm-none-eabi/7.3.1/../../../../arm-none-eabi/lib/thumb/v7e-m/fpv4-sp/hard\libg.a(lib_a-mallocr.o)
                0x20004c10                __malloc_max_sbrked_mem
 .bss.__malloc_max_total_mem
                0x20004c14        0x4 d:/download/gcc-arm-none-eabi/bin/../lib/gcc/arm-none-eabi/7.3.1/../../../../arm-none-eabi/lib/thumb/v7e-m/fpv4-sp/hard\libg.a(lib_a-mallocr.o)
                0x20004c14                __malloc_max_total_mem
 .bss.__malloc_top_pad
                0x20004c18        0x4 d:/download/gcc-arm-none-eabi/bin/../lib/gcc/arm-none-eabi/7.3.1/../../../../arm-none-eabi/lib/thumb/v7e-m/fpv4-sp/hard\libg.a(lib_a-mallocr.o)
                0x20004c18                __malloc_top_pad
 *(COMMON)
 COMMON         0x20004c1c       0x21 d:/download/gcc-arm-none-eabi/bin/../lib/gcc/arm-none-eabi/7.3.1/../../../../arm-none-eabi/lib/thumb/v7e-m/fpv4-sp/hard\libg.a(lib_a-lock.o)
                0x20004c1c                __lock___atexit_recursive_mutex
                0x20004c20                __lock___arc4random_mutex
                0x20004c24                __lock___env_recursive_mutex
                0x20004c28                __lock___sinit_recursive_mutex
                0x20004c2c                __lock___malloc_recursive_mutex
                0x20004c30                __lock___at_quick_exit_mutex
                0x20004c34                __lock___dd_hash_mutex
                0x20004c38                __lock___tz_mutex
                0x20004c3c                __lock___sfp_recursive_mutex
 *fill*         0x20004c3d        0x3 
 COMMON         0x20004c40        0x4 d:/download/gcc-arm-none-eabi/bin/../lib/gcc/arm-none-eabi/7.3.1/../../../../arm-none-eabi/lib/thumb/v7e-m/fpv4-sp/hard\libg.a(lib_a-reent.o)
                0x20004c40                errno
                0x20004c44                . = ALIGN (0x4)
                0x20004c44                _ebss = .
                0x20004c44                __bss_end__ = _ebss

._user_heap_stack
                0x20004c44      0x604
                0x20004c48                . = ALIGN (0x8)
 *fill*         0x20004c44        0x4 
                [!provide]                PROVIDE (end = .)
                0x20004c48                PROVIDE (_end = .)
                0x20004e48                . = (. + _Min_Heap_Size)
 *fill*         0x20004c48      0x200 
                0x20005248                . = (. + _Min_Stack_Size)
 *fill*         0x20004e48      0x400 
                0x20005248                . = ALIGN (0x8)

/DISCARD/
 libc.a(*)
 libm.a(*)
 libgcc.a(*)

.ARM.attributes
                0x00000000       0x30
 *(.ARM.attributes)
 .ARM.attributes
                0x00000000       0x22 d:/download/gcc-arm-none-eabi/bin/../lib/gcc/arm-none-eabi/7.3.1/thumb/v7e-m/fpv4-sp/hard/crti.o
 .ARM.attributes
                0x00000022       0x34 d:/download/gcc-arm-none-eabi/bin/../lib/gcc/arm-none-eabi/7.3.1/thumb/v7e-m/fpv4-sp/hard/crtbegin.o
 .ARM.attributes
                0x00000056       0x39 CMakeFiles/VET6.elf.dir/Core/App/avoiding.c.obj
 .ARM.attributes
                0x0000008f       0x39 CMakeFiles/VET6.elf.dir/Core/App/move.c.obj
 .ARM.attributes
                0x000000c8       0x39 CMakeFiles/VET6.elf.dir/Core/App/retarget.c.obj
 .ARM.attributes
                0x00000101       0x39 CMakeFiles/VET6.elf.dir/Core/App/usart.c.obj
 .ARM.attributes
                0x0000013a       0x39 CMakeFiles/VET6.elf.dir/Core/Src/adc.c.obj
 .ARM.attributes
                0x00000173       0x39 CMakeFiles/VET6.elf.dir/Core/Src/freertos.c.obj
 .ARM.attributes
                0x000001ac       0x39 CMakeFiles/VET6.elf.dir/Core/Src/gpio.c.obj
 .ARM.attributes
                0x000001e5       0x39 CMakeFiles/VET6.elf.dir/Core/Src/i2c.c.obj
 .ARM.attributes
                0x0000021e       0x39 CMakeFiles/VET6.elf.dir/Core/Src/main.c.obj
 .ARM.attributes
                0x00000257       0x39 CMakeFiles/VET6.elf.dir/Core/Src/spi.c.obj
 .ARM.attributes
                0x00000290       0x39 CMakeFiles/VET6.elf.dir/Core/Src/stm32f4xx_hal_msp.c.obj
 .ARM.attributes
                0x000002c9       0x39 CMakeFiles/VET6.elf.dir/Core/Src/stm32f4xx_hal_timebase_tim.c.obj
 .ARM.attributes
                0x00000302       0x39 CMakeFiles/VET6.elf.dir/Core/Src/stm32f4xx_it.c.obj
 .ARM.attributes
                0x0000033b       0x39 CMakeFiles/VET6.elf.dir/Core/Src/sysmem.c.obj
 .ARM.attributes
                0x00000374       0x39 CMakeFiles/VET6.elf.dir/Core/Src/system_stm32f4xx.c.obj
 .ARM.attributes
                0x000003ad       0x39 CMakeFiles/VET6.elf.dir/Core/Src/tim.c.obj
 .ARM.attributes
                0x000003e6       0x21 CMakeFiles/VET6.elf.dir/Core/Startup/startup_stm32f407vetx.s.obj
 .ARM.attributes
                0x00000407       0x39 CMakeFiles/VET6.elf.dir/Drivers/STM32F4xx_HAL_Driver/Src/stm32f4xx_hal.c.obj
 .ARM.attributes
                0x00000440       0x39 CMakeFiles/VET6.elf.dir/Drivers/STM32F4xx_HAL_Driver/Src/stm32f4xx_hal_adc.c.obj
 .ARM.attributes
                0x00000479       0x39 CMakeFiles/VET6.elf.dir/Drivers/STM32F4xx_HAL_Driver/Src/stm32f4xx_hal_cortex.c.obj
 .ARM.attributes
                0x000004b2       0x39 CMakeFiles/VET6.elf.dir/Drivers/STM32F4xx_HAL_Driver/Src/stm32f4xx_hal_gpio.c.obj
 .ARM.attributes
                0x000004eb       0x39 CMakeFiles/VET6.elf.dir/Drivers/STM32F4xx_HAL_Driver/Src/stm32f4xx_hal_i2c.c.obj
 .ARM.attributes
                0x00000524       0x39 CMakeFiles/VET6.elf.dir/Drivers/STM32F4xx_HAL_Driver/Src/stm32f4xx_hal_rcc.c.obj
 .ARM.attributes
                0x0000055d       0x39 CMakeFiles/VET6.elf.dir/Drivers/STM32F4xx_HAL_Driver/Src/stm32f4xx_hal_spi.c.obj
 .ARM.attributes
                0x00000596       0x39 CMakeFiles/VET6.elf.dir/Drivers/STM32F4xx_HAL_Driver/Src/stm32f4xx_hal_tim.c.obj
 .ARM.attributes
                0x000005cf       0x39 CMakeFiles/VET6.elf.dir/Drivers/STM32F4xx_HAL_Driver/Src/stm32f4xx_hal_tim_ex.c.obj
 .ARM.attributes
                0x00000608       0x39 CMakeFiles/VET6.elf.dir/Drivers/STM32F4xx_HAL_Driver/Src/stm32f4xx_hal_uart.c.obj
 .ARM.attributes
                0x00000641       0x39 CMakeFiles/VET6.elf.dir/Middlewares/Third_Party/FreeRTOS/Source/CMSIS_RTOS/cmsis_os.c.obj
 .ARM.attributes
                0x0000067a       0x39 CMakeFiles/VET6.elf.dir/Middlewares/Third_Party/FreeRTOS/Source/list.c.obj
 .ARM.attributes
                0x000006b3       0x39 CMakeFiles/VET6.elf.dir/Middlewares/Third_Party/FreeRTOS/Source/portable/GCC/ARM_CM4F/port.c.obj
 .ARM.attributes
                0x000006ec       0x39 CMakeFiles/VET6.elf.dir/Middlewares/Third_Party/FreeRTOS/Source/portable/MemMang/heap_4.c.obj
 .ARM.attributes
                0x00000725       0x39 CMakeFiles/VET6.elf.dir/Middlewares/Third_Party/FreeRTOS/Source/tasks.c.obj
 .ARM.attributes
                0x0000075e       0x22 d:/download/gcc-arm-none-eabi/bin/../lib/gcc/arm-none-eabi/7.3.1/thumb/v7e-m/fpv4-sp/hard\libgcc.a(_aeabi_uldivmod.o)
 .ARM.attributes
                0x00000780       0x34 d:/download/gcc-arm-none-eabi/bin/../lib/gcc/arm-none-eabi/7.3.1/thumb/v7e-m/fpv4-sp/hard\libgcc.a(_udivmoddi4.o)
 .ARM.attributes
                0x000007b4       0x22 d:/download/gcc-arm-none-eabi/bin/../lib/gcc/arm-none-eabi/7.3.1/thumb/v7e-m/fpv4-sp/hard\libgcc.a(_dvmd_tls.o)
 .ARM.attributes
                0x000007d6       0x34 d:/download/gcc-arm-none-eabi/bin/../lib/gcc/arm-none-eabi/7.3.1/../../../../arm-none-eabi/lib/thumb/v7e-m/fpv4-sp/hard\libg.a(lib_a-errno.o)
 .ARM.attributes
                0x0000080a       0x34 d:/download/gcc-arm-none-eabi/bin/../lib/gcc/arm-none-eabi/7.3.1/../../../../arm-none-eabi/lib/thumb/v7e-m/fpv4-sp/hard\libg.a(lib_a-impure.o)
 .ARM.attributes
                0x0000083e       0x34 d:/download/gcc-arm-none-eabi/bin/../lib/gcc/arm-none-eabi/7.3.1/../../../../arm-none-eabi/lib/thumb/v7e-m/fpv4-sp/hard\libg.a(lib_a-init.o)
 .ARM.attributes
                0x00000872       0x20 d:/download/gcc-arm-none-eabi/bin/../lib/gcc/arm-none-eabi/7.3.1/../../../../arm-none-eabi/lib/thumb/v7e-m/fpv4-sp/hard\libg.a(lib_a-memcpy.o)
 .ARM.attributes
                0x00000892       0x34 d:/download/gcc-arm-none-eabi/bin/../lib/gcc/arm-none-eabi/7.3.1/../../../../arm-none-eabi/lib/thumb/v7e-m/fpv4-sp/hard\libg.a(lib_a-memset.o)
 .ARM.attributes
                0x000008c6       0x34 d:/download/gcc-arm-none-eabi/bin/../lib/gcc/arm-none-eabi/7.3.1/../../../../arm-none-eabi/lib/thumb/v7e-m/fpv4-sp/hard\libg.a(lib_a-printf.o)
 .ARM.attributes
                0x000008fa       0x34 d:/download/gcc-arm-none-eabi/bin/../lib/gcc/arm-none-eabi/7.3.1/../../../../arm-none-eabi/lib/thumb/v7e-m/fpv4-sp/hard\libg.a(lib_a-setvbuf.o)
 .ARM.attributes
                0x0000092e       0x34 d:/download/gcc-arm-none-eabi/bin/../lib/gcc/arm-none-eabi/7.3.1/../../../../arm-none-eabi/lib/thumb/v7e-m/fpv4-sp/hard\libg.a(lib_a-vfprintf.o)
 .ARM.attributes
                0x00000962       0x34 d:/download/gcc-arm-none-eabi/bin/../lib/gcc/arm-none-eabi/7.3.1/../../../../arm-none-eabi/lib/thumb/v7e-m/fpv4-sp/hard\libg.a(lib_a-wsetup.o)
 .ARM.attributes
                0x00000996       0x34 d:/download/gcc-arm-none-eabi/bin/../lib/gcc/arm-none-eabi/7.3.1/../../../../arm-none-eabi/lib/thumb/v7e-m/fpv4-sp/hard\libg.a(lib_a-__call_atexit.o)
 .ARM.attributes
                0x000009ca       0x34 d:/download/gcc-arm-none-eabi/bin/../lib/gcc/arm-none-eabi/7.3.1/../../../../arm-none-eabi/lib/thumb/v7e-m/fpv4-sp/hard\libg.a(lib_a-atexit.o)
 .ARM.attributes
                0x000009fe       0x34 d:/download/gcc-arm-none-eabi/bin/../lib/gcc/arm-none-eabi/7.3.1/../../../../arm-none-eabi/lib/thumb/v7e-m/fpv4-sp/hard\libg.a(lib_a-dtoa.o)
 .ARM.attributes
                0x00000a32       0x34 d:/download/gcc-arm-none-eabi/bin/../lib/gcc/arm-none-eabi/7.3.1/../../../../arm-none-eabi/lib/thumb/v7e-m/fpv4-sp/hard\libg.a(lib_a-fflush.o)
 .ARM.attributes
                0x00000a66       0x34 d:/download/gcc-arm-none-eabi/bin/../lib/gcc/arm-none-eabi/7.3.1/../../../../arm-none-eabi/lib/thumb/v7e-m/fpv4-sp/hard\libg.a(lib_a-findfp.o)
 .ARM.attributes
                0x00000a9a       0x34 d:/download/gcc-arm-none-eabi/bin/../lib/gcc/arm-none-eabi/7.3.1/../../../../arm-none-eabi/lib/thumb/v7e-m/fpv4-sp/hard\libg.a(lib_a-fini.o)
 .ARM.attributes
                0x00000ace       0x34 d:/download/gcc-arm-none-eabi/bin/../lib/gcc/arm-none-eabi/7.3.1/../../../../arm-none-eabi/lib/thumb/v7e-m/fpv4-sp/hard\libg.a(lib_a-freer.o)
 .ARM.attributes
                0x00000b02       0x34 d:/download/gcc-arm-none-eabi/bin/../lib/gcc/arm-none-eabi/7.3.1/../../../../arm-none-eabi/lib/thumb/v7e-m/fpv4-sp/hard\libg.a(lib_a-fwalk.o)
 .ARM.attributes
                0x00000b36       0x34 d:/download/gcc-arm-none-eabi/bin/../lib/gcc/arm-none-eabi/7.3.1/../../../../arm-none-eabi/lib/thumb/v7e-m/fpv4-sp/hard\libg.a(lib_a-localeconv.o)
 .ARM.attributes
                0x00000b6a       0x34 d:/download/gcc-arm-none-eabi/bin/../lib/gcc/arm-none-eabi/7.3.1/../../../../arm-none-eabi/lib/thumb/v7e-m/fpv4-sp/hard\libg.a(lib_a-lock.o)
 .ARM.attributes
                0x00000b9e       0x34 d:/download/gcc-arm-none-eabi/bin/../lib/gcc/arm-none-eabi/7.3.1/../../../../arm-none-eabi/lib/thumb/v7e-m/fpv4-sp/hard\libg.a(lib_a-makebuf.o)
 .ARM.attributes
                0x00000bd2       0x34 d:/download/gcc-arm-none-eabi/bin/../lib/gcc/arm-none-eabi/7.3.1/../../../../arm-none-eabi/lib/thumb/v7e-m/fpv4-sp/hard\libg.a(lib_a-malloc.o)
 .ARM.attributes
                0x00000c06       0x34 d:/download/gcc-arm-none-eabi/bin/../lib/gcc/arm-none-eabi/7.3.1/../../../../arm-none-eabi/lib/thumb/v7e-m/fpv4-sp/hard\libg.a(lib_a-mallocr.o)
 .ARM.attributes
                0x00000c3a       0x20 d:/download/gcc-arm-none-eabi/bin/../lib/gcc/arm-none-eabi/7.3.1/../../../../arm-none-eabi/lib/thumb/v7e-m/fpv4-sp/hard\libg.a(lib_a-memchr.o)
 .ARM.attributes
                0x00000c5a       0x34 d:/download/gcc-arm-none-eabi/bin/../lib/gcc/arm-none-eabi/7.3.1/../../../../arm-none-eabi/lib/thumb/v7e-m/fpv4-sp/hard\libg.a(lib_a-mlock.o)
 .ARM.attributes
                0x00000c8e       0x34 d:/download/gcc-arm-none-eabi/bin/../lib/gcc/arm-none-eabi/7.3.1/../../../../arm-none-eabi/lib/thumb/v7e-m/fpv4-sp/hard\libg.a(lib_a-mprec.o)
 .ARM.attributes
                0x00000cc2       0x34 d:/download/gcc-arm-none-eabi/bin/../lib/gcc/arm-none-eabi/7.3.1/../../../../arm-none-eabi/lib/thumb/v7e-m/fpv4-sp/hard\libg.a(lib_a-s_frexp.o)
 .ARM.attributes
                0x00000cf6       0x34 d:/download/gcc-arm-none-eabi/bin/../lib/gcc/arm-none-eabi/7.3.1/../../../../arm-none-eabi/lib/thumb/v7e-m/fpv4-sp/hard\libg.a(lib_a-sbrkr.o)
 .ARM.attributes
                0x00000d2a       0x34 d:/download/gcc-arm-none-eabi/bin/../lib/gcc/arm-none-eabi/7.3.1/../../../../arm-none-eabi/lib/thumb/v7e-m/fpv4-sp/hard\libg.a(lib_a-stdio.o)
 .ARM.attributes
                0x00000d5e       0x20 d:/download/gcc-arm-none-eabi/bin/../lib/gcc/arm-none-eabi/7.3.1/../../../../arm-none-eabi/lib/thumb/v7e-m/fpv4-sp/hard\libg.a(lib_a-strlen.o)
 .ARM.attributes
                0x00000d7e       0x34 d:/download/gcc-arm-none-eabi/bin/../lib/gcc/arm-none-eabi/7.3.1/../../../../arm-none-eabi/lib/thumb/v7e-m/fpv4-sp/hard\libg.a(lib_a-strncpy.o)
 .ARM.attributes
                0x00000db2       0x34 d:/download/gcc-arm-none-eabi/bin/../lib/gcc/arm-none-eabi/7.3.1/../../../../arm-none-eabi/lib/thumb/v7e-m/fpv4-sp/hard\libg.a(lib_a-vfiprintf.o)
 .ARM.attributes
                0x00000de6       0x34 d:/download/gcc-arm-none-eabi/bin/../lib/gcc/arm-none-eabi/7.3.1/../../../../arm-none-eabi/lib/thumb/v7e-m/fpv4-sp/hard\libg.a(lib_a-writer.o)
 .ARM.attributes
                0x00000e1a       0x34 d:/download/gcc-arm-none-eabi/bin/../lib/gcc/arm-none-eabi/7.3.1/../../../../arm-none-eabi/lib/thumb/v7e-m/fpv4-sp/hard\libg.a(lib_a-__atexit.o)
 .ARM.attributes
                0x00000e4e       0x34 d:/download/gcc-arm-none-eabi/bin/../lib/gcc/arm-none-eabi/7.3.1/../../../../arm-none-eabi/lib/thumb/v7e-m/fpv4-sp/hard\libg.a(lib_a-callocr.o)
 .ARM.attributes
                0x00000e82       0x34 d:/download/gcc-arm-none-eabi/bin/../lib/gcc/arm-none-eabi/7.3.1/../../../../arm-none-eabi/lib/thumb/v7e-m/fpv4-sp/hard\libg.a(lib_a-closer.o)
 .ARM.attributes
                0x00000eb6       0x34 d:/download/gcc-arm-none-eabi/bin/../lib/gcc/arm-none-eabi/7.3.1/../../../../arm-none-eabi/lib/thumb/v7e-m/fpv4-sp/hard\libg.a(lib_a-fclose.o)
 .ARM.attributes
                0x00000eea       0x34 d:/download/gcc-arm-none-eabi/bin/../lib/gcc/arm-none-eabi/7.3.1/../../../../arm-none-eabi/lib/thumb/v7e-m/fpv4-sp/hard\libg.a(lib_a-fputwc.o)
 .ARM.attributes
                0x00000f1e       0x34 d:/download/gcc-arm-none-eabi/bin/../lib/gcc/arm-none-eabi/7.3.1/../../../../arm-none-eabi/lib/thumb/v7e-m/fpv4-sp/hard\libg.a(lib_a-fstatr.o)
 .ARM.attributes
                0x00000f52       0x34 d:/download/gcc-arm-none-eabi/bin/../lib/gcc/arm-none-eabi/7.3.1/../../../../arm-none-eabi/lib/thumb/v7e-m/fpv4-sp/hard\libg.a(lib_a-fvwrite.o)
 .ARM.attributes
                0x00000f86       0x34 d:/download/gcc-arm-none-eabi/bin/../lib/gcc/arm-none-eabi/7.3.1/../../../../arm-none-eabi/lib/thumb/v7e-m/fpv4-sp/hard\libg.a(lib_a-isattyr.o)
 .ARM.attributes
                0x00000fba       0x34 d:/download/gcc-arm-none-eabi/bin/../lib/gcc/arm-none-eabi/7.3.1/../../../../arm-none-eabi/lib/thumb/v7e-m/fpv4-sp/hard\libg.a(lib_a-locale.o)
 .ARM.attributes
                0x00000fee       0x34 d:/download/gcc-arm-none-eabi/bin/../lib/gcc/arm-none-eabi/7.3.1/../../../../arm-none-eabi/lib/thumb/v7e-m/fpv4-sp/hard\libg.a(lib_a-lseekr.o)
 .ARM.attributes
                0x00001022       0x34 d:/download/gcc-arm-none-eabi/bin/../lib/gcc/arm-none-eabi/7.3.1/../../../../arm-none-eabi/lib/thumb/v7e-m/fpv4-sp/hard\libg.a(lib_a-mbtowc_r.o)
 .ARM.attributes
                0x00001056       0x34 d:/download/gcc-arm-none-eabi/bin/../lib/gcc/arm-none-eabi/7.3.1/../../../../arm-none-eabi/lib/thumb/v7e-m/fpv4-sp/hard\libg.a(lib_a-memmove.o)
 .ARM.attributes
                0x0000108a       0x34 d:/download/gcc-arm-none-eabi/bin/../lib/gcc/arm-none-eabi/7.3.1/../../../../arm-none-eabi/lib/thumb/v7e-m/fpv4-sp/hard\libg.a(lib_a-readr.o)
 .ARM.attributes
                0x000010be       0x34 d:/download/gcc-arm-none-eabi/bin/../lib/gcc/arm-none-eabi/7.3.1/../../../../arm-none-eabi/lib/thumb/v7e-m/fpv4-sp/hard\libg.a(lib_a-reallocr.o)
 .ARM.attributes
                0x000010f2       0x34 d:/download/gcc-arm-none-eabi/bin/../lib/gcc/arm-none-eabi/7.3.1/../../../../arm-none-eabi/lib/thumb/v7e-m/fpv4-sp/hard\libg.a(lib_a-reent.o)
 .ARM.attributes
                0x00001126       0x34 d:/download/gcc-arm-none-eabi/bin/../lib/gcc/arm-none-eabi/7.3.1/../../../../arm-none-eabi/lib/thumb/v7e-m/fpv4-sp/hard\libg.a(lib_a-wbuf.o)
 .ARM.attributes