Archive member included to satisfy reference by file (symbol)

d:/programdata/stm32cudepath/arm-none-eabi/bin/../lib/gcc/arm-none-eabi/12.3.1/thumb/v7e-m/nofp\libgcc.a(_arm_mulsf3.o)
                              CMakeFiles/MicroIMU.elf.dir/HAL/JY901s.cpp.obj (__aeabi_fmul)
d:/programdata/stm32cudepath/arm-none-eabi/bin/../lib/gcc/arm-none-eabi/12.3.1/thumb/v7e-m/nofp\libgcc.a(_arm_addsubdf3.o)
                              CMakeFiles/MicroIMU.elf.dir/HAL/JY901s.cpp.obj (__aeabi_f2d)
d:/programdata/stm32cudepath/arm-none-eabi/bin/../lib/gcc/arm-none-eabi/12.3.1/thumb/v7e-m/nofp\libgcc.a(_arm_addsubsf3.o)
                              CMakeFiles/MicroIMU.elf.dir/HAL/JY901s.cpp.obj (__aeabi_i2f)
d:/programdata/stm32cudepath/arm-none-eabi/bin/../lib/gcc/arm-none-eabi/12.3.1/thumb/v7e-m/nofp\libgcc.a(_aeabi_uldivmod.o)
                              CMakeFiles/MicroIMU.elf.dir/Drivers/STM32F4xx_HAL_Driver/Src/stm32f4xx_hal_rcc.c.obj (__aeabi_uldivmod)
d:/programdata/stm32cudepath/arm-none-eabi/bin/../lib/gcc/arm-none-eabi/12.3.1/thumb/v7e-m/nofp\libgcc.a(_udivmoddi4.o)
                              d:/programdata/stm32cudepath/arm-none-eabi/bin/../lib/gcc/arm-none-eabi/12.3.1/thumb/v7e-m/nofp\libgcc.a(_aeabi_uldivmod.o) (__udivmoddi4)
d:/programdata/stm32cudepath/arm-none-eabi/bin/../lib/gcc/arm-none-eabi/12.3.1/thumb/v7e-m/nofp\libgcc.a(unwind-arm.o)
                              CMakeFiles/MicroIMU.elf.dir/HAL/JY901s.cpp.obj (__aeabi_unwind_cpp_pr0)
d:/programdata/stm32cudepath/arm-none-eabi/bin/../lib/gcc/arm-none-eabi/12.3.1/thumb/v7e-m/nofp\libgcc.a(libunwind.o)
                              d:/programdata/stm32cudepath/arm-none-eabi/bin/../lib/gcc/arm-none-eabi/12.3.1/thumb/v7e-m/nofp\libgcc.a(unwind-arm.o) (restore_core_regs)
d:/programdata/stm32cudepath/arm-none-eabi/bin/../lib/gcc/arm-none-eabi/12.3.1/thumb/v7e-m/nofp\libgcc.a(pr-support.o)
                              d:/programdata/stm32cudepath/arm-none-eabi/bin/../lib/gcc/arm-none-eabi/12.3.1/thumb/v7e-m/nofp\libgcc.a(unwind-arm.o) (__gnu_unwind_execute)
d:/programdata/stm32cudepath/arm-none-eabi/bin/../lib/gcc/arm-none-eabi/12.3.1/thumb/v7e-m/nofp\libgcc.a(_dvmd_tls.o)
                              d:/programdata/stm32cudepath/arm-none-eabi/bin/../lib/gcc/arm-none-eabi/12.3.1/thumb/v7e-m/nofp\libgcc.a(_aeabi_uldivmod.o) (__aeabi_ldiv0)
d:/programdata/stm32cudepath/arm-none-eabi/bin/../lib/gcc/arm-none-eabi/12.3.1/thumb/v7e-m/nofp\libg.a(libc_a-abort.o)
                              d:/programdata/stm32cudepath/arm-none-eabi/bin/../lib/gcc/arm-none-eabi/12.3.1/thumb/v7e-m/nofp\libgcc.a(pr-support.o) (abort)
d:/programdata/stm32cudepath/arm-none-eabi/bin/../lib/gcc/arm-none-eabi/12.3.1/thumb/v7e-m/nofp\libg.a(libc_a-exit.o)
                              d:/programdata/stm32cudepath/arm-none-eabi/bin/../lib/gcc/arm-none-eabi/12.3.1/thumb/v7e-m/nofp/crt0.o (exit)
d:/programdata/stm32cudepath/arm-none-eabi/bin/../lib/gcc/arm-none-eabi/12.3.1/thumb/v7e-m/nofp\libg.a(libc_a-findfp.o)
                              d:/programdata/stm32cudepath/arm-none-eabi/bin/../lib/gcc/arm-none-eabi/12.3.1/thumb/v7e-m/nofp\libg.a(libc_a-exit.o) (__stdio_exit_handler)
d:/programdata/stm32cudepath/arm-none-eabi/bin/../lib/gcc/arm-none-eabi/12.3.1/thumb/v7e-m/nofp\libg.a(libc_a-fwalk.o)
                              d:/programdata/stm32cudepath/arm-none-eabi/bin/../lib/gcc/arm-none-eabi/12.3.1/thumb/v7e-m/nofp\libg.a(libc_a-findfp.o) (_fwalk_sglue)
d:/programdata/stm32cudepath/arm-none-eabi/bin/../lib/gcc/arm-none-eabi/12.3.1/thumb/v7e-m/nofp\libg.a(libc_a-printf.o)
                              CMakeFiles/MicroIMU.elf.dir/HAL/JY901s.cpp.obj (printf)
d:/programdata/stm32cudepath/arm-none-eabi/bin/../lib/gcc/arm-none-eabi/12.3.1/thumb/v7e-m/nofp\libg.a(libc_a-puts.o)
                              CMakeFiles/MicroIMU.elf.dir/HAL/JY901s.cpp.obj (puts)
d:/programdata/stm32cudepath/arm-none-eabi/bin/../lib/gcc/arm-none-eabi/12.3.1/thumb/v7e-m/nofp\libg.a(libc_a-setvbuf.o)
                              CMakeFiles/MicroIMU.elf.dir/config/retarget.c.obj (setvbuf)
d:/programdata/stm32cudepath/arm-none-eabi/bin/../lib/gcc/arm-none-eabi/12.3.1/thumb/v7e-m/nofp\libg.a(libc_a-stdio.o)
                              d:/programdata/stm32cudepath/arm-none-eabi/bin/../lib/gcc/arm-none-eabi/12.3.1/thumb/v7e-m/nofp\libg.a(libc_a-findfp.o) (__sread)
d:/programdata/stm32cudepath/arm-none-eabi/bin/../lib/gcc/arm-none-eabi/12.3.1/thumb/v7e-m/nofp\libg.a(libc_a-memset.o)
                              d:/programdata/stm32cudepath/arm-none-eabi/bin/../lib/gcc/arm-none-eabi/12.3.1/thumb/v7e-m/nofp/crt0.o (memset)
d:/programdata/stm32cudepath/arm-none-eabi/bin/../lib/gcc/arm-none-eabi/12.3.1/thumb/v7e-m/nofp\libg.a(libc_a-signal.o)
                              d:/programdata/stm32cudepath/arm-none-eabi/bin/../lib/gcc/arm-none-eabi/12.3.1/thumb/v7e-m/nofp\libg.a(libc_a-abort.o) (raise)
[...]
Memory Configuration

Name             Origin             Length             Attributes
CCMRAM           0x10000000         0x00010000         xrw
RAM              0x20000000         0x00020000         xrw
FLASH            0x08000000         0x00080000         xr
*default*        0x00000000         0xffffffff

Linker script and memory map

LOAD d:/programdata/stm32cudepath/arm-none-eabi/bin/../lib/gcc/arm-none-eabi/12.3.1/thumb/v7e-m/nofp/crti.o
LOAD d:/programdata/stm32cudepath/arm-none-eabi/bin/../lib/gcc/arm-none-eabi/12.3.1/thumb/v7e-m/nofp/crtbegin.o
LOAD d:/programdata/stm32cudepath/arm-none-eabi/bin/../lib/gcc/arm-none-eabi/12.3.1/thumb/v7e-m/nofp/crt0.o
LOAD CMakeFiles/MicroIMU.elf.dir/3rdParty/wit_c_sdk/wit_c_sdk.c.obj
LOAD CMakeFiles/MicroIMU.elf.dir/Core/Src/gpio.c.obj
LOAD CMakeFiles/MicroIMU.elf.dir/Core/Src/i2c.c.obj
LOAD CMakeFiles/MicroIMU.elf.dir/Core/Src/main.c.obj
LOAD CMakeFiles/MicroIMU.elf.dir/Core/Src/stm32f4xx_hal_msp.c.obj
LOAD CMakeFiles/MicroIMU.elf.dir/Core/Src/stm32f4xx_it.c.obj
LOAD CMakeFiles/MicroIMU.elf.dir/Core/Src/syscalls.c.obj
LOAD CMakeFiles/MicroIMU.elf.dir/Core/Src/sysmem.c.obj
LOAD CMakeFiles/MicroIMU.elf.dir/Core/Src/system_stm32f4xx.c.obj
LOAD CMakeFiles/MicroIMU.elf.dir/Core/Src/usart.c.obj
LOAD CMakeFiles/MicroIMU.elf.dir/Core/Startup/startup_stm32f407zetx.s.obj
LOAD CMakeFiles/MicroIMU.elf.dir/Drivers/STM32F4xx_HAL_Driver/Src/stm32f4xx_hal.c.obj
LOAD CMakeFiles/MicroIMU.elf.dir/Drivers/STM32F4xx_HAL_Driver/Src/stm32f4xx_hal_cortex.c.obj
LOAD CMakeFiles/MicroIMU.elf.dir/Drivers/STM32F4xx_HAL_Driver/Src/stm32f4xx_hal_dma.c.obj
LOAD CMakeFiles/MicroIMU.elf.dir/Drivers/STM32F4xx_HAL_Driver/Src/stm32f4xx_hal_dma_ex.c.obj
LOAD CMakeFiles/MicroIMU.elf.dir/Drivers/STM32F4xx_HAL_Driver/Src/stm32f4xx_hal_exti.c.obj
LOAD CMakeFiles/MicroIMU.elf.dir/Drivers/STM32F4xx_HAL_Driver/Src/stm32f4xx_hal_flash.c.obj
LOAD CMakeFiles/MicroIMU.elf.dir/Drivers/STM32F4xx_HAL_Driver/Src/stm32f4xx_hal_flash_ex.c.obj
LOAD CMakeFiles/MicroIMU.elf.dir/Drivers/STM32F4xx_HAL_Driver/Src/stm32f4xx_hal_flash_ramfunc.c.obj
LOAD CMakeFiles/MicroIMU.elf.dir/Drivers/STM32F4xx_HAL_Driver/Src/stm32f4xx_hal_gpio.c.obj
LOAD CMakeFiles/MicroIMU.elf.dir/Drivers/STM32F4xx_HAL_Driver/Src/stm32f4xx_hal_i2c.c.obj
LOAD CMakeFiles/MicroIMU.elf.dir/Drivers/STM32F4xx_HAL_Driver/Src/stm32f4xx_hal_i2c_ex.c.obj
LOAD CMakeFiles/MicroIMU.elf.dir/Drivers/STM32F4xx_HAL_Driver/Src/stm32f4xx_hal_pwr.c.obj
LOAD CMakeFiles/MicroIMU.elf.dir/Drivers/STM32F4xx_HAL_Driver/Src/stm32f4xx_hal_pwr_ex.c.obj
LOAD CMakeFiles/MicroIMU.elf.dir/Drivers/STM32F4xx_HAL_Driver/Src/stm32f4xx_hal_rcc.c.obj
LOAD CMakeFiles/MicroIMU.elf.dir/Drivers/STM32F4xx_HAL_Driver/Src/stm32f4xx_hal_rcc_ex.c.obj
LOAD CMakeFiles/MicroIMU.elf.dir/Drivers/STM32F4xx_HAL_Driver/Src/stm32f4xx_hal_tim.c.obj
LOAD CMakeFiles/MicroIMU.elf.dir/Drivers/STM32F4xx_HAL_Driver/Src/stm32f4xx_hal_tim_ex.c.obj
LOAD CMakeFiles/MicroIMU.elf.dir/Drivers/STM32F4xx_HAL_Driver/Src/stm32f4xx_hal_uart.c.obj
LOAD CMakeFiles/MicroIMU.elf.dir/HAL/HAL.cpp.obj
LOAD CMakeFiles/MicroIMU.elf.dir/HAL/JY901s.cpp.obj
LOAD CMakeFiles/MicroIMU.elf.dir/config/retarget.c.obj
LOAD d:/programdata/stm32cudepath/arm-none-eabi/bin/../lib/gcc/arm-none-eabi/12.3.1/thumb/v7e-m/nofp\libstdc++.a
LOAD d:/programdata/stm32cudepath/arm-none-eabi/bin/../lib/gcc/arm-none-eabi/12.3.1/thumb/v7e-m/nofp\libm.a
START GROUP
LOAD d:/programdata/stm32cudepath/arm-none-eabi/bin/../lib/gcc/arm-none-eabi/12.3.1/thumb/v7e-m/nofp\libgcc.a
LOAD d:/programdata/stm32cudepath/arm-none-eabi/bin/../lib/gcc/arm-none-eabi/12.3.1/thumb/v7e-m/nofp\libg.a
LOAD d:/programdata/stm32cudepath/arm-none-eabi/bin/../lib/gcc/arm-none-eabi/12.3.1/thumb/v7e-m/nofp\libc.a
END GROUP
LOAD d:/programdata/stm32cudepath/arm-none-eabi/bin/../lib/gcc/arm-none-eabi/12.3.1/thumb/v7e-m/nofp/crtend.o
LOAD d:/programdata/stm32cudepath/arm-none-eabi/bin/../lib/gcc/arm-none-eabi/12.3.1/thumb/v7e-m/nofp/crtn.o
                0x20020000                        _estack = (ORIGIN (RAM) + LENGTH (RAM))
                0x00000200                        _Min_Heap_Size = 0x200
                0x00000400                        _Min_Stack_Size = 0x400

.isr_vector     0x08000000      0x188
                0x08000000                        . = ALIGN (0x4)
 *(.isr_vector)
 .isr_vector    0x08000000      0x188 CMakeFiles/MicroIMU.elf.dir/Core/Startup/startup_stm32f407zetx.s.obj
                0x08000000                g_pfnVectors
                0x08000188                        . = ALIGN (0x4)

.text           0x080001c0     0xac3c
                0x080001c0                        . = ALIGN (0x4)
 *(.text)
 .text          0x080001c0      0x168 d:/programdata/stm32cudepath/arm-none-eabi/bin/../lib/gcc/arm-none-eabi/12.3.1/thumb/v7e-m/nofp\libgcc.a(_arm_mulsf3.o)
                0x080001c0                __aeabi_fmul
                0x080001c0                __mulsf3
 .text          0x08000328      0x378 d:/programdata/stm32cudepath/arm-none-eabi/bin/../lib/gcc/arm-none-eabi/12.3.1/thumb/v7e-m/nofp\libgcc.a(_arm_addsubdf3.o)
                0x08000328                __aeabi_drsub
                0x08000330                __aeabi_dsub
                0x08000330                __subdf3
                0x08000334                __aeabi_dadd
                0x08000334                __adddf3
                0x080005ac                __floatunsidf
                0x080005ac                __aeabi_ui2d
                0x080005cc                __floatsidf
                0x080005cc                __aeabi_i2d
                0x080005f0                __aeabi_f2d
                0x080005f0                __extendsfdf2
                0x08000634                __floatundidf
                0x08000634                __aeabi_ul2d
                0x08000644                __floatdidf
                0x08000644                __aeabi_l2d
 .text          0x080006a0      0x21c d:/programdata/stm32cudepath/arm-none-eabi/bin/../lib/gcc/arm-none-eabi/12.3.1/thumb/v7e-m/nofp\libgcc.a(_arm_addsubsf3.o)
                0x080006a0                __aeabi_frsub
                0x080006a8                __subsf3
                0x080006a8                __aeabi_fsub
                0x080006ac                __aeabi_fadd
                0x080006ac                __addsf3
                0x0800080c                __aeabi_ui2f
                0x0800080c                __floatunsisf
                0x08000814                __aeabi_i2f
                0x08000814                __floatsisf
                0x08000830                __aeabi_ul2f
                0x08000830                __floatundisf
                0x08000840                __aeabi_l2f
                0x08000840                __floatdisf
 .text          0x080008bc       0x30 d:/programdata/stm32cudepath/arm-none-eabi/bin/../lib/gcc/arm-none-eabi/12.3.1/thumb/v7e-m/nofp\libgcc.a(_aeabi_uldivmod.o)
                0x080008bc                __aeabi_uldivmod
 .text          0x080008ec      0x1ac d:/programdata/stm32cudepath/arm-none-eabi/bin/../lib/gcc/arm-none-eabi/12.3.1/thumb/v7e-m/nofp\libgcc.a(libunwind.o)
                0x080008ec                __restore_core_regs
                0x080008ec                restore_core_regs
                0x08000904                __gnu_Unwind_Restore_VFP
                0x0800090c                __gnu_Unwind_Save_VFP
                0x08000914                __gnu_Unwind_Restore_VFP_D
                0x0800091c                __gnu_Unwind_Save_VFP_D
                0x08000924                __gnu_Unwind_Restore_VFP_D_16_to_31
                0x0800092c                __gnu_Unwind_Save_VFP_D_16_to_31
                0x08000934                __gnu_Unwind_Restore_WMMXD
                0x08000978                __gnu_Unwind_Save_WMMXD
                0x080009bc                __gnu_Unwind_Restore_WMMXC
                0x080009d0                __gnu_Unwind_Save_WMMXC
                0x080009e4                ___Unwind_RaiseException
                0x080009e4                _Unwind_RaiseException
                0x08000a08                _Unwind_Resume
                0x08000a08                ___Unwind_Resume
                0x08000a2c                _Unwind_Resume_or_Rethrow
                0x08000a2c                ___Unwind_Resume_or_Rethrow
                0x08000a50                _Unwind_ForcedUnwind
                0x08000a50                ___Unwind_ForcedUnwind
                0x08000a74                ___Unwind_Backtrace
                0x08000a74                _Unwind_Backtrace
 .text          0x08000a98        0x4 d:/programdata/stm32cudepath/arm-none-eabi/bin/../lib/gcc/arm-none-eabi/12.3.1/thumb/v7e-m/nofp\libgcc.a(_dvmd_tls.o)
                0x08000a98                __aeabi_idiv0
                0x08000a98                __aeabi_ldiv0
 .text          0x08000a9c      0x134 d:/programdata/stm32cudepath/arm-none-eabi/bin/../lib/gcc/arm-none-eabi/12.3.1/thumb/v7e-m/nofp\libg.a(libc_a-memcpy.o)
                0x08000a9c                memcpy
 *fill*         0x08000bd0       0x30 
 .text          0x08000c00       0xd8 d:/programdata/stm32cudepath/arm-none-eabi/bin/../lib/gcc/arm-none-eabi/12.3.1/thumb/v7e-m/nofp\libg.a(libc_a-strlen.o)
                0x08000c00                strlen
 *fill*         0x08000cd8        0x8 
 .text          0x08000ce0       0xa0 d:/programdata/stm32cudepath/arm-none-eabi/bin/../lib/gcc/arm-none-eabi/12.3.1/thumb/v7e-m/nofp\libg.a(libc_a-memchr.o)
                0x08000ce0                memchr
 .text          0x08000d80      0x424 d:/programdata/stm32cudepath/arm-none-eabi/bin/../lib/gcc/arm-none-eabi/12.3.1/thumb/v7e-m/nofp\libgcc.a(_arm_muldivdf3.o)
                0x08000d80                __aeabi_dmul
                0x08000d80                __muldf3
                0x08000fd4                __divdf3
                0x08000fd4                __aeabi_ddiv
 .text          0x080011a4      0x110 d:/programdata/stm32cudepath/arm-none-eabi/bin/../lib/gcc/arm-none-eabi/12.3.1/thumb/v7e-m/nofp\libgcc.a(_arm_cmpdf2.o)
                0x080011a4                __gtdf2
                0x080011a4                __gedf2
                0x080011ac                __ltdf2
                0x080011ac                __ledf2
                0x080011b4                __nedf2
                0x080011b4                __eqdf2
                0x080011b4                __cmpdf2
                0x08001230                __aeabi_cdrcmple
                0x08001240                __aeabi_cdcmpeq
                0x08001240                __aeabi_cdcmple
                0x08001250                __aeabi_dcmpeq
                0x08001264                __aeabi_dcmplt
                0x08001278                __aeabi_dcmple
                0x0800128c                __aeabi_dcmpge
                0x080012a0                __aeabi_dcmpgt
 .text          0x080012b4       0x2c d:/programdata/stm32cudepath/arm-none-eabi/bin/../lib/gcc/arm-none-eabi/12.3.1/thumb/v7e-m/nofp\libgcc.a(_arm_unorddf2.o)
                0x080012b4                __unorddf2
                0x080012b4                __aeabi_dcmpun
 .text          0x080012e0       0x50 d:/programdata/stm32cudepath/arm-none-eabi/bin/../lib/gcc/arm-none-eabi/12.3.1/thumb/v7e-m/nofp\libgcc.a(_arm_fixdfsi.o)
                0x080012e0                __aeabi_d2iz
                0x080012e0                __fixdfsi
 *(.text*)
 .text.deregister_tm_clones
                0x08001330       0x1c d:/programdata/stm32cudepath/arm-none-eabi/bin/../lib/gcc/arm-none-eabi/12.3.1/thumb/v7e-m/nofp/crtbegin.o
 .text.register_tm_clones
                0x0800134c       0x24 d:/programdata/stm32cudepath/arm-none-eabi/bin/../lib/gcc/arm-none-eabi/12.3.1/thumb/v7e-m/nofp/crtbegin.o
 .text.__do_global_dtors_aux
                0x08001370       0x28 d:/programdata/stm32cudepath/arm-none-eabi/bin/../lib/gcc/arm-none-eabi/12.3.1/thumb/v7e-m/nofp/crtbegin.o
 .text.frame_dummy
                0x08001398       0x24 d:/programdata/stm32cudepath/arm-none-eabi/bin/../lib/gcc/arm-none-eabi/12.3.1/thumb/v7e-m/nofp/crtbegin.o
 .text.__CRC16  0x080013bc       0x38 CMakeFiles/MicroIMU.elf.dir/3rdParty/wit_c_sdk/wit_c_sdk.c.obj
 .text.WitI2cFuncRegister
                0x080013f4       0x24 CMakeFiles/MicroIMU.elf.dir/3rdParty/wit_c_sdk/wit_c_sdk.c.obj
                0x080013f4                WitI2cFuncRegister
 .text.WitRegisterCallBack
                0x08001418       0x14 CMakeFiles/MicroIMU.elf.dir/3rdParty/wit_c_sdk/wit_c_sdk.c.obj
                0x08001418                WitRegisterCallBack
 .text.WitReadReg
                0x0800142c      0x1a4 CMakeFiles/MicroIMU.elf.dir/3rdParty/wit_c_sdk/wit_c_sdk.c.obj
                0x0800142c                WitReadReg
 .text.WitInit  0x080015d0       0x28 CMakeFiles/MicroIMU.elf.dir/3rdParty/wit_c_sdk/wit_c_sdk.c.obj
                0x080015d0                WitInit
 .text.WitDelayMsRegister
                0x080015f8       0x14 CMakeFiles/MicroIMU.elf.dir/3rdParty/wit_c_sdk/wit_c_sdk.c.obj
                0x080015f8                WitDelayMsRegister
 .text.MX_GPIO_Init
                0x0800160c       0x4c CMakeFiles/MicroIMU.elf.dir/Core/Src/gpio.c.obj
                0x0800160c                MX_GPIO_Init
 .text.MX_I2C2_Init
                0x08001658       0x3c CMakeFiles/MicroIMU.elf.dir/Core/Src/i2c.c.obj
                0x08001658                MX_I2C2_Init
 .text.HAL_I2C_MspInit
                0x08001694       0x70 CMakeFiles/MicroIMU.elf.dir/Core/Src/i2c.c.obj
                0x08001694                HAL_I2C_MspInit
 .text.Error_Handler
                0x08001704        0x4 CMakeFiles/MicroIMU.elf.dir/Core/Src/main.c.obj
                0x08001704                Error_Handler
 .text.SystemClock_Config
                0x08001708       0xac CMakeFiles/MicroIMU.elf.dir/Core/Src/main.c.obj
                0x08001708                SystemClock_Config
 .text.main     0x080017b4       0x34 CMakeFiles/MicroIMU.elf.dir/Core/Src/main.c.obj
                0x080017b4                main
 .text.HAL_MspInit
                0x080017e8       0x38 CMakeFiles/MicroIMU.elf.dir/Core/Src/stm32f4xx_hal_msp.c.obj
                0x080017e8                HAL_MspInit
 .text.NMI_Handler
                0x08001820        0x2 CMakeFiles/MicroIMU.elf.dir/Core/Src/stm32f4xx_it.c.obj
                0x08001820                NMI_Handler
 .text.HardFault_Handler
                0x08001822        0x2 CMakeFiles/MicroIMU.elf.dir/Core/Src/stm32f4xx_it.c.obj
                0x08001822                HardFault_Handler
 .text.MemManage_Handler
                0x08001824        0x2 CMakeFiles/MicroIMU.elf.dir/Core/Src/stm32f4xx_it.c.obj
                0x08001824                MemManage_Handler
 .text.BusFault_Handler
                0x08001826        0x2 CMakeFiles/MicroIMU.elf.dir/Core/Src/stm32f4xx_it.c.obj
                0x08001826                BusFault_Handler
 .text.UsageFault_Handler
                0x08001828        0x2 CMakeFiles/MicroIMU.elf.dir/Core/Src/stm32f4xx_it.c.obj
                0x08001828                UsageFault_Handler
 .text.SVC_Handler
                0x0800182a        0x2 CMakeFiles/MicroIMU.elf.dir/Core/Src/stm32f4xx_it.c.obj
                0x0800182a                SVC_Handler
 .text.DebugMon_Handler
                0x0800182c        0x2 CMakeFiles/MicroIMU.elf.dir/Core/Src/stm32f4xx_it.c.obj
                0x0800182c                DebugMon_Handler
 .text.PendSV_Handler
                0x0800182e        0x2 CMakeFiles/MicroIMU.elf.dir/Core/Src/stm32f4xx_it.c.obj
                0x0800182e                PendSV_Handler
 .text.SysTick_Handler
                0x08001830        0x8 CMakeFiles/MicroIMU.elf.dir/Core/Src/stm32f4xx_it.c.obj
                0x08001830                SysTick_Handler
 .text._getpid  0x08001838        0x4 CMakeFiles/MicroIMU.elf.dir/Core/Src/syscalls.c.obj
                0x08001838                _getpid
 .text._kill    0x0800183c       0x10 CMakeFiles/MicroIMU.elf.dir/Core/Src/syscalls.c.obj
                0x0800183c                _kill
 .text._exit    0x0800184c        0xc CMakeFiles/MicroIMU.elf.dir/Core/Src/syscalls.c.obj
                0x0800184c                _exit
 .text._sbrk    0x08001858       0x48 CMakeFiles/MicroIMU.elf.dir/Core/Src/sysmem.c.obj
                0x08001858                _sbrk
 .text.SystemInit
                0x080018a0        0x2 CMakeFiles/MicroIMU.elf.dir/Core/Src/system_stm32f4xx.c.obj
                0x080018a0                SystemInit
 *fill*         0x080018a2        0x2 
 .text.MX_USART1_UART_Init
                0x080018a4       0x34 CMakeFiles/MicroIMU.elf.dir/Core/Src/usart.c.obj
                0x080018a4                MX_USART1_UART_Init
 .text.MX_USART2_UART_Init
                0x080018d8       0x34 CMakeFiles/MicroIMU.elf.dir/Core/Src/usart.c.obj
                0x080018d8                MX_USART2_UART_Init
 .text.HAL_UART_MspInit
                0x0800190c       0xc4 CMakeFiles/MicroIMU.elf.dir/Core/Src/usart.c.obj
                0x0800190c                HAL_UART_MspInit
 .text.Reset_Handler
                0x080019d0       0x50 CMakeFiles/MicroIMU.elf.dir/Core/Startup/startup_stm32f407zetx.s.obj
                0x080019d0                Reset_Handler
 .text.Default_Handler
                0x08001a20        0x2 CMakeFiles/MicroIMU.elf.dir/Core/Startup/startup_stm32f407zetx.s.obj
                0x08001a20                RTC_Alarm_IRQHandler
                0x08001a20                HASH_RNG_IRQHandler
                0x08001a20                EXTI2_IRQHandler
                0x08001a20                TIM8_CC_IRQHandler
                0x08001a20                TIM1_CC_IRQHandler
                0x08001a20                DMA2_Stream5_IRQHandler
                0x08001a20                DMA1_Stream5_IRQHandler
                0x08001a20                PVD_IRQHandler
                0x08001a20                SDIO_IRQHandler
                0x08001a20                TAMP_STAMP_IRQHandler
                0x08001a20                CAN2_RX1_IRQHandler
                0x08001a20                EXTI3_IRQHandler
                0x08001a20                TIM8_TRG_COM_TIM14_IRQHandler
                0x08001a20                TIM1_UP_TIM10_IRQHandler
                0x08001a20                TIM8_UP_TIM13_IRQHandler
                0x08001a20                I2C3_ER_IRQHandler
                0x08001a20                EXTI0_IRQHandler
                0x08001a20                I2C2_EV_IRQHandler
                0x08001a20                DMA1_Stream2_IRQHandler
                0x08001a20                CAN1_RX0_IRQHandler
                0x08001a20                FPU_IRQHandler
                0x08001a20                OTG_HS_WKUP_IRQHandler
                0x08001a20                CAN2_SCE_IRQHandler
                0x08001a20                DMA2_Stream2_IRQHandler
                0x08001a20                SPI1_IRQHandler
                0x08001a20                TIM6_DAC_IRQHandler
                0x08001a20                TIM1_BRK_TIM9_IRQHandler
                0x08001a20                DCMI_IRQHandler
                0x08001a20                CAN2_RX0_IRQHandler
                0x08001a20                DMA2_Stream3_IRQHandler
                0x08001a20                USART6_IRQHandler
                0x08001a20                USART3_IRQHandler
                0x08001a20                CAN1_RX1_IRQHandler
                0x08001a20                UART5_IRQHandler
                0x08001a20                DMA2_Stream0_IRQHandler
                0x08001a20                TIM4_IRQHandler
                0x08001a20                I2C1_EV_IRQHandler
                0x08001a20                DMA1_Stream6_IRQHandler
                0x08001a20                DMA1_Stream1_IRQHandler
                0x08001a20                UART4_IRQHandler
                0x08001a20                TIM3_IRQHandler
                0x08001a20                RCC_IRQHandler
                0x08001a20                TIM8_BRK_TIM12_IRQHandler
                0x08001a20                Default_Handler
                0x08001a20                EXTI15_10_IRQHandler
                0x08001a20                ADC_IRQHandler
                0x08001a20                DMA1_Stream7_IRQHandler
                0x08001a20                TIM7_IRQHandler
                0x08001a20                CAN2_TX_IRQHandler
                0x08001a20                TIM5_IRQHandler
                0x08001a20                DMA2_Stream7_IRQHandler
                0x08001a20                I2C3_EV_IRQHandler
                0x08001a20                EXTI9_5_IRQHandler
                0x08001a20                RTC_WKUP_IRQHandler
                0x08001a20                ETH_WKUP_IRQHandler
                0x08001a20                SPI2_IRQHandler
                0x08001a20                OTG_HS_EP1_IN_IRQHandler
                0x08001a20                DMA1_Stream0_IRQHandler
                0x08001a20                CAN1_TX_IRQHandler
                0x08001a20                EXTI4_IRQHandler
                0x08001a20                FSMC_IRQHandler
                0x08001a20                ETH_IRQHandler
                0x08001a20                OTG_HS_EP1_OUT_IRQHandler
                0x08001a20                WWDG_IRQHandler
                0x08001a20                TIM2_IRQHandler
                0x08001a20                OTG_FS_WKUP_IRQHandler
                0x08001a20                TIM1_TRG_COM_TIM11_IRQHandler
                0x08001a20                OTG_HS_IRQHandler
                0x08001a20                EXTI1_IRQHandler
                0x08001a20                USART2_IRQHandler
                0x08001a20                I2C2_ER_IRQHandler
                0x08001a20                DMA2_Stream1_IRQHandler
                0x08001a20                CAN1_SCE_IRQHandler
                0x08001a20                FLASH_IRQHandler
                0x08001a20                DMA2_Stream4_IRQHandler
                0x08001a20                USART1_IRQHandler
                0x08001a20                OTG_FS_IRQHandler
                0x08001a20                SPI3_IRQHandler
                0x08001a20                DMA1_Stream4_IRQHandler
                0x08001a20                I2C1_ER_IRQHandler
                0x08001a20                DMA2_Stream6_IRQHandler
                0x08001a20                DMA1_Stream3_IRQHandler
 *fill*         0x08001a22        0x2 
 .text.HAL_InitTick
                0x08001a24       0x4c CMakeFiles/MicroIMU.elf.dir/Drivers/STM32F4xx_HAL_Driver/Src/stm32f4xx_hal.c.obj
                0x08001a24                HAL_InitTick
 .text.HAL_Init
                0x08001a70       0x34 CMakeFiles/MicroIMU.elf.dir/Drivers/STM32F4xx_HAL_Driver/Src/stm32f4xx_hal.c.obj
                0x08001a70                HAL_Init
 .text.HAL_IncTick
                0x08001aa4       0x18 CMakeFiles/MicroIMU.elf.dir/Drivers/STM32F4xx_HAL_Driver/Src/stm32f4xx_hal.c.obj
                0x08001aa4                HAL_IncTick
 .text.HAL_GetTick
                0x08001abc        0xc CMakeFiles/MicroIMU.elf.dir/Drivers/STM32F4xx_HAL_Driver/Src/stm32f4xx_hal.c.obj
                0x08001abc                HAL_GetTick
 .text.HAL_Delay
                0x08001ac8       0x28 CMakeFiles/MicroIMU.elf.dir/Drivers/STM32F4xx_HAL_Driver/Src/stm32f4xx_hal.c.obj
                0x08001ac8                HAL_Delay
 .text.__NVIC_SetPriority
                0x08001af0       0x28 CMakeFiles/MicroIMU.elf.dir/Drivers/STM32F4xx_HAL_Driver/Src/stm32f4xx_hal_cortex.c.obj
 .text.NVIC_EncodePriority
                0x08001b18       0x3e CMakeFiles/MicroIMU.elf.dir/Drivers/STM32F4xx_HAL_Driver/Src/stm32f4xx_hal_cortex.c.obj
 *fill*         0x08001b56        0x2 
 .text.HAL_NVIC_SetPriorityGrouping
                0x08001b58       0x24 CMakeFiles/MicroIMU.elf.dir/Drivers/STM32F4xx_HAL_Driver/Src/stm32f4xx_hal_cortex.c.obj
                0x08001b58                HAL_NVIC_SetPriorityGrouping
 .text.HAL_NVIC_SetPriority
                0x08001b7c       0x20 CMakeFiles/MicroIMU.elf.dir/Drivers/STM32F4xx_HAL_Driver/Src/stm32f4xx_hal_cortex.c.obj
                0x08001b7c                HAL_NVIC_SetPriority
 .text.HAL_SYSTICK_Config
                0x08001b9c       0x28 CMakeFiles/MicroIMU.elf.dir/Drivers/STM32F4xx_HAL_Driver/Src/stm32f4xx_hal_cortex.c.obj
                0x08001b9c                HAL_SYSTICK_Config
 .text.HAL_GPIO_Init
                0x08001bc4      0x1f4 CMakeFiles/MicroIMU.elf.dir/Drivers/STM32F4xx_HAL_Driver/Src/stm32f4xx_hal_gpio.c.obj
                0x08001bc4                HAL_GPIO_Init
 .text.HAL_GPIO_WritePin
                0x08001db8        0xc CMakeFiles/MicroIMU.elf.dir/Drivers/STM32F4xx_HAL_Driver/Src/stm32f4xx_hal_gpio.c.obj
                0x08001db8                HAL_GPIO_WritePin
 .text.I2C_IsAcknowledgeFailed
                0x08001dc4       0x32 CMakeFiles/MicroIMU.elf.dir/Drivers/STM32F4xx_HAL_Driver/Src/stm32f4xx_hal_i2c.c.obj
 .text.I2C_WaitOnFlagUntilTimeout
                0x08001df6       0x7c CMakeFiles/MicroIMU.elf.dir/Drivers/STM32F4xx_HAL_Driver/Src/stm32f4xx_hal_i2c.c.obj
 .text.I2C_WaitOnMasterAddressFlagUntilTimeout
                0x08001e72       0xaa CMakeFiles/MicroIMU.elf.dir/Drivers/STM32F4xx_HAL_Driver/Src/stm32f4xx_hal_i2c.c.obj
 .text.I2C_WaitOnTXEFlagUntilTimeout
                0x08001f1c       0x54 CMakeFiles/MicroIMU.elf.dir/Drivers/STM32F4xx_HAL_Driver/Src/stm32f4xx_hal_i2c.c.obj
 .text.I2C_RequestMemoryWrite
                0x08001f70       0xd8 CMakeFiles/MicroIMU.elf.dir/Drivers/STM32F4xx_HAL_Driver/Src/stm32f4xx_hal_i2c.c.obj
 .text.I2C_RequestMemoryRead
                0x08002048      0x154 CMakeFiles/MicroIMU.elf.dir/Drivers/STM32F4xx_HAL_Driver/Src/stm32f4xx_hal_i2c.c.obj
 .text.I2C_WaitOnBTFFlagUntilTimeout
                0x0800219c       0x54 CMakeFiles/MicroIMU.elf.dir/Drivers/STM32F4xx_HAL_Driver/Src/stm32f4xx_hal_i2c.c.obj
 .text.I2C_WaitOnRXNEFlagUntilTimeout
                0x080021f0       0x6a CMakeFiles/MicroIMU.elf.dir/Drivers/STM32F4xx_HAL_Driver/Src/stm32f4xx_hal_i2c.c.obj
 *fill*         0x0800225a        0x2 
 .text.HAL_I2C_Init
                0x0800225c      0x1bc CMakeFiles/MicroIMU.elf.dir/Drivers/STM32F4xx_HAL_Driver/Src/stm32f4xx_hal_i2c.c.obj
                0x0800225c                HAL_I2C_Init
 .text.HAL_I2C_Mem_Write
                0x08002418      0x164 CMakeFiles/MicroIMU.elf.dir/Drivers/STM32F4xx_HAL_Driver/Src/stm32f4xx_hal_i2c.c.obj
                0x08002418                HAL_I2C_Mem_Write
 .text.HAL_I2C_Mem_Read
                0x0800257c      0x2e4 CMakeFiles/MicroIMU.elf.dir/Drivers/STM32F4xx_HAL_Driver/Src/stm32f4xx_hal_i2c.c.obj
                0x0800257c                HAL_I2C_Mem_Read
 .text.HAL_RCC_OscConfig
                0x08002860      0x3f8 CMakeFiles/MicroIMU.elf.dir/Drivers/STM32F4xx_HAL_Driver/Src/stm32f4xx_hal_rcc.c.obj
                0x08002860                HAL_RCC_OscConfig
 .text.HAL_RCC_GetSysClockFreq
                0x08002c58       0xdc CMakeFiles/MicroIMU.elf.dir/Drivers/STM32F4xx_HAL_Driver/Src/stm32f4xx_hal_rcc.c.obj
                0x08002c58                HAL_RCC_GetSysClockFreq
 .text.HAL_RCC_ClockConfig
                0x08002d34      0x160 CMakeFiles/MicroIMU.elf.dir/Drivers/STM32F4xx_HAL_Driver/Src/stm32f4xx_hal_rcc.c.obj
                0x08002d34                HAL_RCC_ClockConfig
 .text.HAL_RCC_GetHCLKFreq
                0x08002e94        0xc CMakeFiles/MicroIMU.elf.dir/Drivers/STM32F4xx_HAL_Driver/Src/stm32f4xx_hal_rcc.c.obj
                0x08002e94                HAL_RCC_GetHCLKFreq
 .text.HAL_RCC_GetPCLK1Freq
                0x08002ea0       0x20 CMakeFiles/MicroIMU.elf.dir/Drivers/STM32F4xx_HAL_Driver/Src/stm32f4xx_hal_rcc.c.obj
                0x08002ea0                HAL_RCC_GetPCLK1Freq
 .text.HAL_RCC_GetPCLK2Freq
                0x08002ec0       0x20 CMakeFiles/MicroIMU.elf.dir/Drivers/STM32F4xx_HAL_Driver/Src/stm32f4xx_hal_rcc.c.obj
                0x08002ec0                HAL_RCC_GetPCLK2Freq
 .text.UART_SetConfig
                0x08002ee0      0x110 CMakeFiles/MicroIMU.elf.dir/Drivers/STM32F4xx_HAL_Driver/Src/stm32f4xx_hal_uart.c.obj
 .text.UART_WaitOnFlagUntilTimeout
                0x08002ff0       0x84 CMakeFiles/MicroIMU.elf.dir/Drivers/STM32F4xx_HAL_Driver/Src/stm32f4xx_hal_uart.c.obj
 .text.HAL_UART_Init
                0x08003074       0x5e CMakeFiles/MicroIMU.elf.dir/Drivers/STM32F4xx_HAL_Driver/Src/stm32f4xx_hal_uart.c.obj
                0x08003074                HAL_UART_Init
 .text.HAL_UART_Transmit
                0x080030d2       0xd8 CMakeFiles/MicroIMU.elf.dir/Drivers/STM32F4xx_HAL_Driver/Src/stm32f4xx_hal_uart.c.obj
                0x080030d2                HAL_UART_Transmit
 .text.HAL_UART_Receive
                0x080031aa       0xe4 CMakeFiles/MicroIMU.elf.dir/Drivers/STM32F4xx_HAL_Driver/Src/stm32f4xx_hal_uart.c.obj
                0x080031aa                HAL_UART_Receive
 .text.User_HalInit
                0x0800328e        0x8 CMakeFiles/MicroIMU.elf.dir/HAL/HAL.cpp.obj
                0x0800328e                User_HalInit
 *fill*         0x08003296        0x2 
 .text._ZL16SensorDataUpdatamm
                0x08003298       0x90 CMakeFiles/MicroIMU.elf.dir/HAL/JY901s.cpp.obj
 .text._ZL7Delaymst
                0x08003328        0x8 CMakeFiles/MicroIMU.elf.dir/HAL/JY901s.cpp.obj
 .text._ZL9IIC_Startv
                0x08003330       0x40 CMakeFiles/MicroIMU.elf.dir/HAL/JY901s.cpp.obj
 .text._ZL8IIC_Stopv
                0x08003370       0x40 CMakeFiles/MicroIMU.elf.dir/HAL/JY901s.cpp.obj
 .text._ZL13I2C_ReadByteshhPhm
                0x080033b0       0x4c CMakeFiles/MicroIMU.elf.dir/HAL/JY901s.cpp.obj
 .text._ZL14I2C_WriteByteshhPhm
                0x080033fc       0x50 CMakeFiles/MicroIMU.elf.dir/HAL/JY901s.cpp.obj
 .text._ZL14AutoScanSensorv
                0x0800344c       0x5c CMakeFiles/MicroIMU.elf.dir/HAL/JY901s.cpp.obj
 .text.JY901S_Init
                0x080034a8       0x40 CMakeFiles/MicroIMU.elf.dir/HAL/JY901s.cpp.obj
                0x080034a8                JY901S_Init
 .text.GetImuRawdata
                0x080034e8       0xec CMakeFiles/MicroIMU.elf.dir/HAL/JY901s.cpp.obj
                0x080034e8                GetImuRawdata
 .text.GetImuQuater
                0x080035d4       0x90 CMakeFiles/MicroIMU.elf.dir/HAL/JY901s.cpp.obj
                0x080035d4                GetImuQuater
 .text.GetImuMag
                0x08003664       0x74 CMakeFiles/MicroIMU.elf.dir/HAL/JY901s.cpp.obj
                0x08003664                GetImuMag
 .text.GetImuEuler
                0x080036d8       0x88 CMakeFiles/MicroIMU.elf.dir/HAL/JY901s.cpp.obj
                0x080036d8                GetImuEuler
 .text.Imu_Test
                0x08003760       0x38 CMakeFiles/MicroIMU.elf.dir/HAL/JY901s.cpp.obj
                0x08003760                Imu_Test
 .text.RetargetInit
                0x08003798       0x20 CMakeFiles/MicroIMU.elf.dir/config/retarget.c.obj
                0x08003798                RetargetInit
 .text._isatty  0x080037b8       0x16 CMakeFiles/MicroIMU.elf.dir/config/retarget.c.obj
                0x080037b8                _isatty
 *fill*         0x080037ce        0x2 
 .text._write   0x080037d0       0x34 CMakeFiles/MicroIMU.elf.dir/config/retarget.c.obj
                0x080037d0                _write
 .text._close   0x08003804       0x18 CMakeFiles/MicroIMU.elf.dir/config/retarget.c.obj
                0x08003804                _close
 .text._lseek   0x0800381c       0x10 CMakeFiles/MicroIMU.elf.dir/config/retarget.c.obj
                0x0800381c                _lseek
 .text._read    0x0800382c       0x30 CMakeFiles/MicroIMU.elf.dir/config/retarget.c.obj
                0x0800382c                _read
 .text._fstat   0x0800385c       0x1a CMakeFiles/MicroIMU.elf.dir/config/retarget.c.obj
                0x0800385c                _fstat
 *fill*         0x08003876        0x2 
 .text.__udivmoddi4
                0x08003878      0x2bc d:/programdata/stm32cudepath/arm-none-eabi/bin/../lib/gcc/arm-none-eabi/12.3.1/thumb/v7e-m/nofp\libgcc.a(_udivmoddi4.o)
                0x08003878                __udivmoddi4
 .text.selfrel_offset31
                0x08003b34       0x14 d:/programdata/stm32cudepath/arm-none-eabi/bin/../lib/gcc/arm-none-eabi/12.3.1/thumb/v7e-m/nofp\libgcc.a(unwind-arm.o)
 .text.search_EIT_table
                0x08003b48       0x64 d:/programdata/stm32cudepath/arm-none-eabi/bin/../lib/gcc/arm-none-eabi/12.3.1/thumb/v7e-m/nofp\libgcc.a(unwind-arm.o)
 .text.__gnu_unwind_get_pr_addr
                0x08003bac       0x28 d:/programdata/stm32cudepath/arm-none-eabi/bin/../lib/gcc/arm-none-eabi/12.3.1/thumb/v7e-m/nofp\libgcc.a(unwind-arm.o)
 .text.get_eit_entry
                0x08003bd4       0x94 d:/programdata/stm32cudepath/arm-none-eabi/bin/../lib/gcc/arm-none-eabi/12.3.1/thumb/v7e-m/nofp\libgcc.a(unwind-arm.o)
 .text.restore_non_core_regs
                0x08003c68       0x58 d:/programdata/stm32cudepath/arm-none-eabi/bin/../lib/gcc/arm-none-eabi/12.3.1/thumb/v7e-m/nofp\libgcc.a(unwind-arm.o)
 .text._Unwind_decode_typeinfo_ptr.constprop.0
                0x08003cc0        0xc d:/programdata/stm32cudepath/arm-none-eabi/bin/../lib/gcc/arm-none-eabi/12.3.1/thumb/v7e-m/nofp\libgcc.a(unwind-arm.o)
 .text._Unwind_DebugHook
                0x08003ccc        0x4 d:/programdata/stm32cudepath/arm-none-eabi/bin/../lib/gcc/arm-none-eabi/12.3.1/thumb/v7e-m/nofp\libgcc.a(unwind-arm.o)
 .text.unwind_phase2
                0x08003cd0       0x38 d:/programdata/stm32cudepath/arm-none-eabi/bin/../lib/gcc/arm-none-eabi/12.3.1/thumb/v7e-m/nofp\libgcc.a(unwind-arm.o)
 .text.unwind_phase2_forced
                0x08003d08       0xd4 d:/programdata/stm32cudepath/arm-none-eabi/bin/../lib/gcc/arm-none-eabi/12.3.1/thumb/v7e-m/nofp\libgcc.a(unwind-arm.o)
 .text.__gnu_Unwind_RaiseException
                0x08003ddc       0x68 d:/programdata/stm32cudepath/arm-none-eabi/bin/../lib/gcc/arm-none-eabi/12.3.1/thumb/v7e-m/nofp\libgcc.a(unwind-arm.o)
                0x08003ddc                __gnu_Unwind_RaiseException
 .text.__gnu_Unwind_ForcedUnwind
                0x08003e44       0x10 d:/programdata/stm32cudepath/arm-none-eabi/bin/../lib/gcc/arm-none-eabi/12.3.1/thumb/v7e-m/nofp\libgcc.a(unwind-arm.o)
                0x08003e44                __gnu_Unwind_ForcedUnwind
 .text.__gnu_Unwind_Resume
                0x08003e54       0x40 d:/programdata/stm32cudepath/arm-none-eabi/bin/../lib/gcc/arm-none-eabi/12.3.1/thumb/v7e-m/nofp\libgcc.a(unwind-arm.o)
                0x08003e54                __gnu_Unwind_Resume
 .text.__gnu_Unwind_Resume_or_Rethrow
                0x08003e94       0x14 d:/programdata/stm32cudepath/arm-none-eabi/bin/../lib/gcc/arm-none-eabi/12.3.1/thumb/v7e-m/nofp\libgcc.a(unwind-arm.o)
                0x08003e94                __gnu_Unwind_Resume_or_Rethrow
 .text._Unwind_VRS_Get
                0x08003ea8       0x30 d:/programdata/stm32cudepath/arm-none-eabi/bin/../lib/gcc/arm-none-eabi/12.3.1/thumb/v7e-m/nofp\libgcc.a(unwind-arm.o)
                0x08003ea8                _Unwind_VRS_Get
 .text._Unwind_GetGR
                0x08003ed8       0x1c d:/programdata/stm32cudepath/arm-none-eabi/bin/../lib/gcc/arm-none-eabi/12.3.1/thumb/v7e-m/nofp\libgcc.a(unwind-arm.o)
 .text._Unwind_VRS_Set
                0x08003ef4       0x30 d:/programdata/stm32cudepath/arm-none-eabi/bin/../lib/gcc/arm-none-eabi/12.3.1/thumb/v7e-m/nofp\libgcc.a(unwind-arm.o)
                0x08003ef4                _Unwind_VRS_Set
 .text._Unwind_SetGR
                0x08003f24       0x18 d:/programdata/stm32cudepath/arm-none-eabi/bin/../lib/gcc/arm-none-eabi/12.3.1/thumb/v7e-m/nofp\libgcc.a(unwind-arm.o)
 .text.__gnu_Unwind_Backtrace
                0x08003f3c       0x84 d:/programdata/stm32cudepath/arm-none-eabi/bin/../lib/gcc/arm-none-eabi/12.3.1/thumb/v7e-m/nofp\libgcc.a(unwind-arm.o)
                0x08003f3c                __gnu_Unwind_Backtrace
 .text.__gnu_unwind_pr_common
                0x08003fc0      0x298 d:/programdata/stm32cudepath/arm-none-eabi/bin/../lib/gcc/arm-none-eabi/12.3.1/thumb/v7e-m/nofp\libgcc.a(unwind-arm.o)
 .text.__aeabi_unwind_cpp_pr0
                0x08004258        0x8 d:/programdata/stm32cudepath/arm-none-eabi/bin/../lib/gcc/arm-none-eabi/12.3.1/thumb/v7e-m/nofp\libgcc.a(unwind-arm.o)
                0x08004258                __aeabi_unwind_cpp_pr0
 .text.__aeabi_unwind_cpp_pr1
                0x08004260        0x8 d:/programdata/stm32cudepath/arm-none-eabi/bin/../lib/gcc/arm-none-eabi/12.3.1/thumb/v7e-m/nofp\libgcc.a(unwind-arm.o)
                0x08004260                __aeabi_unwind_cpp_pr1
 .text.__aeabi_unwind_cpp_pr2
                0x08004268        0x8 d:/programdata/stm32cudepath/arm-none-eabi/bin/../lib/gcc/arm-none-eabi/12.3.1/thumb/v7e-m/nofp\libgcc.a(unwind-arm.o)
                0x08004268                __aeabi_unwind_cpp_pr2
 .text._Unwind_VRS_Pop
                0x08004270      0x2a8 d:/programdata/stm32cudepath/arm-none-eabi/bin/../lib/gcc/arm-none-eabi/12.3.1/thumb/v7e-m/nofp\libgcc.a(unwind-arm.o)
                0x08004270                _Unwind_VRS_Pop
 .text.next_unwind_byte
                0x08004518       0x38 d:/programdata/stm32cudepath/arm-none-eabi/bin/../lib/gcc/arm-none-eabi/12.3.1/thumb/v7e-m/nofp\libgcc.a(pr-support.o)
 .text.__gnu_unwind_execute
                0x08004550      0x2d4 d:/programdata/stm32cudepath/arm-none-eabi/bin/../lib/gcc/arm-none-eabi/12.3.1/thumb/v7e-m/nofp\libgcc.a(pr-support.o)
                0x08004550                __gnu_unwind_execute
 .text.abort    0x08004824       0x10 d:/programdata/stm32cudepath/arm-none-eabi/bin/../lib/gcc/arm-none-eabi/12.3.1/thumb/v7e-m/nofp\libg.a(libc_a-abort.o)
                0x08004824                abort
 .text.stdio_exit_handler
                0x08004834       0x18 d:/programdata/stm32cudepath/arm-none-eabi/bin/../lib/gcc/arm-none-eabi/12.3.1/thumb/v7e-m/nofp\libg.a(libc_a-findfp.o)
 .text.cleanup_stdio
                0x0800484c       0x40 d:/programdata/stm32cudepath/arm-none-eabi/bin/../lib/gcc/arm-none-eabi/12.3.1/thumb/v7e-m/nofp\libg.a(libc_a-findfp.o)
 .text.global_stdio_init.part.0
                0x0800488c       0xf0 d:/programdata/stm32cudepath/arm-none-eabi/bin/../lib/gcc/arm-none-eabi/12.3.1/thumb/v7e-m/nofp\libg.a(libc_a-findfp.o)
 .text.__sinit  0x0800497c       0x3c d:/programdata/stm32cudepath/arm-none-eabi/bin/../lib/gcc/arm-none-eabi/12.3.1/thumb/v7e-m/nofp\libg.a(libc_a-findfp.o)
                0x0800497c                __sinit
 .text.__sfp_lock_acquire
                0x080049b8        0xc d:/programdata/stm32cudepath/arm-none-eabi/bin/../lib/gcc/arm-none-eabi/12.3.1/thumb/v7e-m/nofp\libg.a(libc_a-findfp.o)
                0x080049b8                __sfp_lock_acquire
 .text.__sfp_lock_release
                0x080049c4        0xc d:/programdata/stm32cudepath/arm-none-eabi/bin/../lib/gcc/arm-none-eabi/12.3.1/thumb/v7e-m/nofp\libg.a(libc_a-findfp.o)
                0x080049c4                __sfp_lock_release
 .text._fwalk_sglue
                0x080049d0       0x48 d:/programdata/stm32cudepath/arm-none-eabi/bin/../lib/gcc/arm-none-eabi/12.3.1/thumb/v7e-m/nofp\libg.a(libc_a-fwalk.o)
                0x080049d0                _fwalk_sglue
 .text.printf   0x08004a18       0x28 d:/programdata/stm32cudepath/arm-none-eabi/bin/../lib/gcc/arm-none-eabi/12.3.1/thumb/v7e-m/nofp\libg.a(libc_a-printf.o)
                0x08004a18                printf
 .text._puts_r  0x08004a40       0x98 d:/programdata/stm32cudepath/arm-none-eabi/bin/../lib/gcc/arm-none-eabi/12.3.1/thumb/v7e-m/nofp\libg.a(libc_a-puts.o)
                0x08004a40                _puts_r
 .text.puts     0x08004ad8       0x10 d:/programdata/stm32cudepath/arm-none-eabi/bin/../lib/gcc/arm-none-eabi/12.3.1/thumb/v7e-m/nofp\libg.a(libc_a-puts.o)
                0x08004ad8                puts
 .text.setvbuf  0x08004ae8      0x1a4 d:/programdata/stm32cudepath/arm-none-eabi/bin/../lib/gcc/arm-none-eabi/12.3.1/thumb/v7e-m/nofp\libg.a(libc_a-setvbuf.o)
                0x08004ae8                setvbuf
 .text.__sread  0x08004c8c       0x24 d:/programdata/stm32cudepath/arm-none-eabi/bin/../lib/gcc/arm-none-eabi/12.3.1/thumb/v7e-m/nofp\libg.a(libc_a-stdio.o)
                0x08004c8c                __sread
 .text.__swrite
                0x08004cb0       0x40 d:/programdata/stm32cudepath/arm-none-eabi/bin/../lib/gcc/arm-none-eabi/12.3.1/thumb/v7e-m/nofp\libg.a(libc_a-stdio.o)
                0x08004cb0                __swrite
 .text.__sseek  0x08004cf0       0x24 d:/programdata/stm32cudepath/arm-none-eabi/bin/../lib/gcc/arm-none-eabi/12.3.1/thumb/v7e-m/nofp\libg.a(libc_a-stdio.o)
                0x08004cf0                __sseek
 .text.__sclose
                0x08004d14        0x8 d:/programdata/stm32cudepath/arm-none-eabi/bin/../lib/gcc/arm-none-eabi/12.3.1/thumb/v7e-m/nofp\libg.a(libc_a-stdio.o)
                0x08004d14                __sclose
 .text.memset   0x08004d1c       0xa4 d:/programdata/stm32cudepath/arm-none-eabi/bin/../lib/gcc/arm-none-eabi/12.3.1/thumb/v7e-m/nofp\libg.a(libc_a-memset.o)
                0x08004d1c                memset
 .text.raise    0x08004dc0       0x58 d:/programdata/stm32cudepath/arm-none-eabi/bin/../lib/gcc/arm-none-eabi/12.3.1/thumb/v7e-m/nofp\libg.a(libc_a-signal.o)
                0x08004dc0                raise
 .text._close_r
                0x08004e18       0x24 d:/programdata/stm32cudepath/arm-none-eabi/bin/../lib/gcc/arm-none-eabi/12.3.1/thumb/v7e-m/nofp\libg.a(libc_a-closer.o)
                0x08004e18                _close_r
 .text._lseek_r
                0x08004e3c       0x2c d:/programdata/stm32cudepath/arm-none-eabi/bin/../lib/gcc/arm-none-eabi/12.3.1/thumb/v7e-m/nofp\libg.a(libc_a-lseekr.o)
                0x08004e3c                _lseek_r
 .text._read_r  0x08004e68       0x2c d:/programdata/stm32cudepath/arm-none-eabi/bin/../lib/gcc/arm-none-eabi/12.3.1/thumb/v7e-m/nofp\libg.a(libc_a-readr.o)
                0x08004e68                _read_r
 .text._kill_r  0x08004e94       0x2c d:/programdata/stm32cudepath/arm-none-eabi/bin/../lib/gcc/arm-none-eabi/12.3.1/thumb/v7e-m/nofp\libg.a(libc_a-signalr.o)
                0x08004e94                _kill_r
 .text._getpid_r
                0x08004ec0        0x4 d:/programdata/stm32cudepath/arm-none-eabi/bin/../lib/gcc/arm-none-eabi/12.3.1/thumb/v7e-m/nofp\libg.a(libc_a-signalr.o)
                0x08004ec0                _getpid_r
 .text._write_r
                0x08004ec4       0x2c d:/programdata/stm32cudepath/arm-none-eabi/bin/../lib/gcc/arm-none-eabi/12.3.1/thumb/v7e-m/nofp\libg.a(libc_a-writer.o)
                0x08004ec4                _write_r
 .text.__errno  0x08004ef0        0xc d:/programdata/stm32cudepath/arm-none-eabi/bin/../lib/gcc/arm-none-eabi/12.3.1/thumb/v7e-m/nofp\libg.a(libc_a-errno.o)
                0x08004ef0                __errno
 .text.__libc_init_array
                0x08004efc       0x50 d:/programdata/stm32cudepath/arm-none-eabi/bin/../lib/gcc/arm-none-eabi/12.3.1/thumb/v7e-m/nofp\libg.a(libc_a-init.o)
                0x08004efc                __libc_init_array
 .text.__retarget_lock_init_recursive
                0x08004f4c        0x4 d:/programdata/stm32cudepath/arm-none-eabi/bin/../lib/gcc/arm-none-eabi/12.3.1/thumb/v7e-m/nofp\libg.a(libc_a-lock.o)
                0x08004f4c                __retarget_lock_init_recursive
 .text.__retarget_lock_close_recursive
                0x08004f50        0x4 d:/programdata/stm32cudepath/arm-none-eabi/bin/../lib/gcc/arm-none-eabi/12.3.1/thumb/v7e-m/nofp\libg.a(libc_a-lock.o)
                0x08004f50                __retarget_lock_close_recursive
 .text.__retarget_lock_acquire_recursive
                0x08004f54        0x4 d:/programdata/stm32cudepath/arm-none-eabi/bin/../lib/gcc/arm-none-eabi/12.3.1/thumb/v7e-m/nofp\libg.a(libc_a-lock.o)
                0x08004f54                __retarget_lock_acquire_recursive
 .text.__retarget_lock_release_recursive
                0x08004f58        0x4 d:/programdata/stm32cudepath/arm-none-eabi/bin/../lib/gcc/arm-none-eabi/12.3.1/thumb/v7e-m/nofp\libg.a(libc_a-lock.o)
                0x08004f58                __retarget_lock_release_recursive
 .text.startup.register_fini
                0x08004f5c       0x14 d:/programdata/stm32cudepath/arm-none-eabi/bin/../lib/gcc/arm-none-eabi/12.3.1/thumb/v7e-m/nofp\libg.a(libc_a-__call_atexit.o)
 .text.atexit   0x08004f70        0xc d:/programdata/stm32cudepath/arm-none-eabi/bin/../lib/gcc/arm-none-eabi/12.3.1/thumb/v7e-m/nofp\libg.a(libc_a-atexit.o)
                0x08004f70                atexit
 .text._malloc_trim_r
                0x08004f7c       0xb8 d:/programdata/stm32cudepath/arm-none-eabi/bin/../lib/gcc/arm-none-eabi/12.3.1/thumb/v7e-m/nofp\libg.a(libc_a-freer.o)
                0x08004f7c                _malloc_trim_r
 .text._free_r  0x08005034      0x1fc d:/programdata/stm32cudepath/arm-none-eabi/bin/../lib/gcc/arm-none-eabi/12.3.1/thumb/v7e-m/nofp\libg.a(libc_a-freer.o)
                0x08005034                _free_r
 .text.malloc   0x08005230       0x10 d:/programdata/stm32cudepath/arm-none-eabi/bin/../lib/gcc/arm-none-eabi/12.3.1/thumb/v7e-m/nofp\libg.a(libc_a-malloc.o)
                0x08005230                malloc
 .text._malloc_r
                0x08005240      0x574 d:/programdata/stm32cudepath/arm-none-eabi/bin/../lib/gcc/arm-none-eabi/12.3.1/thumb/v7e-m/nofp\libg.a(libc_a-mallocr.o)
                0x08005240                _malloc_r
 .text.__malloc_lock
                0x080057b4        0xc d:/programdata/stm32cudepath/arm-none-eabi/bin/../lib/gcc/arm-none-eabi/12.3.1/thumb/v7e-m/nofp\libg.a(libc_a-mlock.o)
                0x080057b4                __malloc_lock
 .text.__malloc_unlock
                0x080057c0        0xc d:/programdata/stm32cudepath/arm-none-eabi/bin/../lib/gcc/arm-none-eabi/12.3.1/thumb/v7e-m/nofp\libg.a(libc_a-mlock.o)
                0x080057c0                __malloc_unlock
 .text._vfprintf_r
                0x080057cc     0x1c48 d:/programdata/stm32cudepath/arm-none-eabi/bin/../lib/gcc/arm-none-eabi/12.3.1/thumb/v7e-m/nofp\libg.a(libc_a-vfprintf.o)
                0x080057cc                _vfprintf_r
 .text.__sbprintf
                0x08007414       0x80 d:/programdata/stm32cudepath/arm-none-eabi/bin/../lib/gcc/arm-none-eabi/12.3.1/thumb/v7e-m/nofp\libg.a(libc_a-vfprintf.o)
 .text.__sprint_r.part.0
                0x08007494       0x78 d:/programdata/stm32cudepath/arm-none-eabi/bin/../lib/gcc/arm-none-eabi/12.3.1/thumb/v7e-m/nofp\libg.a(libc_a-vfiprintf.o)
 .text.__sprint_r
                0x0800750c       0x14 d:/programdata/stm32cudepath/arm-none-eabi/bin/../lib/gcc/arm-none-eabi/12.3.1/thumb/v7e-m/nofp\libg.a(libc_a-vfiprintf.o)
                0x0800750c                __sprint_r
 .text._vfiprintf_r
                0x08007520      0xfac d:/programdata/stm32cudepath/arm-none-eabi/bin/../lib/gcc/arm-none-eabi/12.3.1/thumb/v7e-m/nofp\libg.a(libc_a-vfiprintf.o)
                0x08007520                _vfiprintf_r
 .text.__sbprintf
                0x080084cc       0x80 d:/programdata/stm32cudepath/arm-none-eabi/bin/../lib/gcc/arm-none-eabi/12.3.1/thumb/v7e-m/nofp\libg.a(libc_a-vfiprintf.o)
 .text._fclose_r
                0x0800854c       0xc0 d:/programdata/stm32cudepath/arm-none-eabi/bin/../lib/gcc/arm-none-eabi/12.3.1/thumb/v7e-m/nofp\libg.a(libc_a-fclose.o)
                0x0800854c                _fclose_r
 .text.__sflush_r
                0x0800860c      0x128 d:/programdata/stm32cudepath/arm-none-eabi/bin/../lib/gcc/arm-none-eabi/12.3.1/thumb/v7e-m/nofp\libg.a(libc_a-fflush.o)
                0x0800860c                __sflush_r
 .text._fflush_r
                0x08008734       0x54 d:/programdata/stm32cudepath/arm-none-eabi/bin/../lib/gcc/arm-none-eabi/12.3.1/thumb/v7e-m/nofp\libg.a(libc_a-fflush.o)
                0x08008734                _fflush_r
 .text.__sfvwrite_r
                0x08008788      0x2f8 d:/programdata/stm32cudepath/arm-none-eabi/bin/../lib/gcc/arm-none-eabi/12.3.1/thumb/v7e-m/nofp\libg.a(libc_a-fvwrite.o)
                0x08008788                __sfvwrite_r
 .text.__smakebuf_r
                0x08008a80       0xdc d:/programdata/stm32cudepath/arm-none-eabi/bin/../lib/gcc/arm-none-eabi/12.3.1/thumb/v7e-m/nofp\libg.a(libc_a-makebuf.o)
                0x08008a80                __smakebuf_r
 .text.__swhatbuf_r
                0x08008b5c       0x60 d:/programdata/stm32cudepath/arm-none-eabi/bin/../lib/gcc/arm-none-eabi/12.3.1/thumb/v7e-m/nofp\libg.a(libc_a-makebuf.o)
                0x08008b5c                __swhatbuf_r
 .text.__swsetup_r
                0x08008bbc       0xc0 d:/programdata/stm32cudepath/arm-none-eabi/bin/../lib/gcc/arm-none-eabi/12.3.1/thumb/v7e-m/nofp\libg.a(libc_a-wsetup.o)
                0x08008bbc                __swsetup_r
 .text.__fputwc
                0x08008c7c       0x7c d:/programdata/stm32cudepath/arm-none-eabi/bin/../lib/gcc/arm-none-eabi/12.3.1/thumb/v7e-m/nofp\libg.a(libc_a-fputwc.o)
                0x08008c7c                __fputwc
 .text._fputwc_r
                0x08008cf8       0x60 d:/programdata/stm32cudepath/arm-none-eabi/bin/../lib/gcc/arm-none-eabi/12.3.1/thumb/v7e-m/nofp\libg.a(libc_a-fputwc.o)
                0x08008cf8                _fputwc_r
 .text.memmove  0x08008d58      0x100 d:/programdata/stm32cudepath/arm-none-eabi/bin/../lib/gcc/arm-none-eabi/12.3.1/thumb/v7e-m/nofp\libg.a(libc_a-memmove.o)
                0x08008d58                memmove
 .text.strncpy  0x08008e58       0x68 d:/programdata/stm32cudepath/arm-none-eabi/bin/../lib/gcc/arm-none-eabi/12.3.1/thumb/v7e-m/nofp\libg.a(libc_a-strncpy.o)
                0x08008e58                strncpy
 .text.__locale_mb_cur_max
                0x08008ec0        0xc d:/programdata/stm32cudepath/arm-none-eabi/bin/../lib/gcc/arm-none-eabi/12.3.1/thumb/v7e-m/nofp\libg.a(libc_a-locale.o)
                0x08008ec0                __locale_mb_cur_max
 .text._localeconv_r
                0x08008ecc        0x8 d:/programdata/stm32cudepath/arm-none-eabi/bin/../lib/gcc/arm-none-eabi/12.3.1/thumb/v7e-m/nofp\libg.a(libc_a-localeconv.o)
                0x08008ecc                _localeconv_r
 .text._fstat_r
                0x08008ed4       0x2c d:/programdata/stm32cudepath/arm-none-eabi/bin/../lib/gcc/arm-none-eabi/12.3.1/thumb/v7e-m/nofp\libg.a(libc_a-fstatr.o)
                0x08008ed4                _fstat_r
 .text._isatty_r
                0x08008f00       0x24 d:/programdata/stm32cudepath/arm-none-eabi/bin/../lib/gcc/arm-none-eabi/12.3.1/thumb/v7e-m/nofp\libg.a(libc_a-isattyr.o)
                0x08008f00                _isatty_r
 .text._sbrk_r  0x08008f24       0x24 d:/programdata/stm32cudepath/arm-none-eabi/bin/../lib/gcc/arm-none-eabi/12.3.1/thumb/v7e-m/nofp\libg.a(libc_a-sbrkr.o)
                0x08008f24                _sbrk_r
 .text.__libc_fini_array
                0x08008f48       0x28 d:/programdata/stm32cudepath/arm-none-eabi/bin/../lib/gcc/arm-none-eabi/12.3.1/thumb/v7e-m/nofp\libg.a(libc_a-fini.o)
                0x08008f48                __libc_fini_array
 .text.sysconf  0x08008f70       0x1c d:/programdata/stm32cudepath/arm-none-eabi/bin/../lib/gcc/arm-none-eabi/12.3.1/thumb/v7e-m/nofp\libg.a(libc_a-sysconf.o)
                0x08008f70                sysconf
 .text.frexp    0x08008f8c       0x70 d:/programdata/stm32cudepath/arm-none-eabi/bin/../lib/gcc/arm-none-eabi/12.3.1/thumb/v7e-m/nofp\libg.a(libm_a-s_frexp.o)
                0x08008f8c                frexp
 .text.__register_exitproc
                0x08008ffc       0x80 d:/programdata/stm32cudepath/arm-none-eabi/bin/../lib/gcc/arm-none-eabi/12.3.1/thumb/v7e-m/nofp\libg.a(libc_a-__atexit.o)
                0x08008ffc                __register_exitproc
 .text.quorem   0x0800907c      0x12c d:/programdata/stm32cudepath/arm-none-eabi/bin/../lib/gcc/arm-none-eabi/12.3.1/thumb/v7e-m/nofp\libg.a(libc_a-dtoa.o)
 .text._dtoa_r  0x080091a8      0xe48 d:/programdata/stm32cudepath/arm-none-eabi/bin/../lib/gcc/arm-none-eabi/12.3.1/thumb/v7e-m/nofp\libg.a(libc_a-dtoa.o)
                0x080091a8                _dtoa_r
 .text.__ascii_mbtowc
                0x08009ff0       0x2c d:/programdata/stm32cudepath/arm-none-eabi/bin/../lib/gcc/arm-none-eabi/12.3.1/thumb/v7e-m/nofp\libg.a(libc_a-mbtowc_r.o)
                0x08009ff0                __ascii_mbtowc
 .text._Balloc  0x0800a01c       0x4c d:/programdata/stm32cudepath/arm-none-eabi/bin/../lib/gcc/arm-none-eabi/12.3.1/thumb/v7e-m/nofp\libg.a(libc_a-mprec.o)
                0x0800a01c                _Balloc
 .text._Bfree   0x0800a068       0x14 d:/programdata/stm32cudepath/arm-none-eabi/bin/../lib/gcc/arm-none-eabi/12.3.1/thumb/v7e-m/nofp\libg.a(libc_a-mprec.o)
                0x0800a068                _Bfree
 .text.__multadd
                0x0800a07c       0xa0 d:/programdata/stm32cudepath/arm-none-eabi/bin/../lib/gcc/arm-none-eabi/12.3.1/thumb/v7e-m/nofp\libg.a(libc_a-mprec.o)
                0x0800a07c                __multadd
 .text.__hi0bits
                0x0800a11c       0x44 d:/programdata/stm32cudepath/arm-none-eabi/bin/../lib/gcc/arm-none-eabi/12.3.1/thumb/v7e-m/nofp\libg.a(libc_a-mprec.o)
                0x0800a11c                __hi0bits
 .text.__lo0bits
                0x0800a160       0x60 d:/programdata/stm32cudepath/arm-none-eabi/bin/../lib/gcc/arm-none-eabi/12.3.1/thumb/v7e-m/nofp\libg.a(libc_a-mprec.o)
                0x0800a160                __lo0bits
 .text.__i2b    0x0800a1c0       0x5c d:/programdata/stm32cudepath/arm-none-eabi/bin/../lib/gcc/arm-none-eabi/12.3.1/thumb/v7e-m/nofp\libg.a(libc_a-mprec.o)
                0x0800a1c0                __i2b
 .text.__multiply
                0x0800a21c      0x16c d:/programdata/stm32cudepath/arm-none-eabi/bin/../lib/gcc/arm-none-eabi/12.3.1/thumb/v7e-m/nofp\libg.a(libc_a-mprec.o)
                0x0800a21c                __multiply
 .text.__pow5mult
                0x0800a388       0xb4 d:/programdata/stm32cudepath/arm-none-eabi/bin/../lib/gcc/arm-none-eabi/12.3.1/thumb/v7e-m/nofp\libg.a(libc_a-mprec.o)
                0x0800a388                __pow5mult
 .text.__lshift
                0x0800a43c       0xf0 d:/programdata/stm32cudepath/arm-none-eabi/bin/../lib/gcc/arm-none-eabi/12.3.1/thumb/v7e-m/nofp\libg.a(libc_a-mprec.o)
                0x0800a43c                __lshift
 .text.__mcmp   0x0800a52c       0x40 d:/programdata/stm32cudepath/arm-none-eabi/bin/../lib/gcc/arm-none-eabi/12.3.1/thumb/v7e-m/nofp\libg.a(libc_a-mprec.o)
                0x0800a52c                __mcmp
 .text.__mdiff  0x0800a56c      0x164 d:/programdata/stm32cudepath/arm-none-eabi/bin/../lib/gcc/arm-none-eabi/12.3.1/thumb/v7e-m/nofp\libg.a(libc_a-mprec.o)
                0x0800a56c                __mdiff
 .text.__d2b    0x0800a6d0       0xbc d:/programdata/stm32cudepath/arm-none-eabi/bin/../lib/gcc/arm-none-eabi/12.3.1/thumb/v7e-m/nofp\libg.a(libc_a-mprec.o)
                0x0800a6d0                __d2b
 .text._realloc_r
                0x0800a78c      0x344 d:/programdata/stm32cudepath/arm-none-eabi/bin/../lib/gcc/arm-none-eabi/12.3.1/thumb/v7e-m/nofp\libg.a(libc_a-reallocr.o)
                0x0800a78c                _realloc_r
 .text.__ascii_wctomb
                0x0800aad0       0x1c d:/programdata/stm32cudepath/arm-none-eabi/bin/../lib/gcc/arm-none-eabi/12.3.1/thumb/v7e-m/nofp\libg.a(libc_a-wctomb_r.o)
                0x0800aad0                __ascii_wctomb
 .text._wcrtomb_r
                0x0800aaec       0x4c d:/programdata/stm32cudepath/arm-none-eabi/bin/../lib/gcc/arm-none-eabi/12.3.1/thumb/v7e-m/nofp\libg.a(libc_a-wcrtomb.o)
                0x0800aaec                _wcrtomb_r
 .text._wcsrtombs_r
                0x0800ab38       0x1c d:/programdata/stm32cudepath/arm-none-eabi/bin/../lib/gcc/arm-none-eabi/12.3.1/thumb/v7e-m/nofp\libg.a(libc_a-wcsrtombs.o)
                0x0800ab38                _wcsrtombs_r
 .text.__swbuf_r
                0x0800ab54       0xac d:/programdata/stm32cudepath/arm-none-eabi/bin/../lib/gcc/arm-none-eabi/12.3.1/thumb/v7e-m/nofp\libg.a(libc_a-wbuf.o)
                0x0800ab54                __swbuf_r
 .text.__assert_func
                0x0800ac00       0x40 d:/programdata/stm32cudepath/arm-none-eabi/bin/../lib/gcc/arm-none-eabi/12.3.1/thumb/v7e-m/nofp\libg.a(libc_a-assert.o)
                0x0800ac00                __assert_func
 .text._calloc_r
                0x0800ac40       0x6c d:/programdata/stm32cudepath/arm-none-eabi/bin/../lib/gcc/arm-none-eabi/12.3.1/thumb/v7e-m/nofp\libg.a(libc_a-callocr.o)
                0x0800ac40                _calloc_r
 .text._wcsnrtombs_l
                0x0800acac       0xec d:/programdata/stm32cudepath/arm-none-eabi/bin/../lib/gcc/arm-none-eabi/12.3.1/thumb/v7e-m/nofp\libg.a(libc_a-wcsnrtombs.o)
                0x0800acac                _wcsnrtombs_l
 .text._wcsnrtombs_r
                0x0800ad98       0x24 d:/programdata/stm32cudepath/arm-none-eabi/bin/../lib/gcc/arm-none-eabi/12.3.1/thumb/v7e-m/nofp\libg.a(libc_a-wcsnrtombs.o)
                0x0800ad98                _wcsnrtombs_r
 .text.fiprintf
                0x0800adbc       0x28 d:/programdata/stm32cudepath/arm-none-eabi/bin/../lib/gcc/arm-none-eabi/12.3.1/thumb/v7e-m/nofp\libg.a(libc_a-fiprintf.o)
                0x0800adbc                fiprintf
 *(.glue_7)
 .glue_7        0x0800ade4        0x0 linker stubs
 *(.glue_7t)
 .glue_7t       0x0800ade4        0x0 linker stubs
 *(.eh_frame)
 .eh_frame      0x0800ade4        0x0 d:/programdata/stm32cudepath/arm-none-eabi/bin/../lib/gcc/arm-none-eabi/12.3.1/thumb/v7e-m/nofp/crtbegin.o
 *(.init)
 .init          0x0800ade4        0x4 d:/programdata/stm32cudepath/arm-none-eabi/bin/../lib/gcc/arm-none-eabi/12.3.1/thumb/v7e-m/nofp/crti.o
                0x0800ade4                _init
 .init          0x0800ade8        0x8 d:/programdata/stm32cudepath/arm-none-eabi/bin/../lib/gcc/arm-none-eabi/12.3.1/thumb/v7e-m/nofp/crtn.o
 *(.fini)
 .fini          0x0800adf0        0x4 d:/programdata/stm32cudepath/arm-none-eabi/bin/../lib/gcc/arm-none-eabi/12.3.1/thumb/v7e-m/nofp/crti.o
                0x0800adf0                _fini
 .fini          0x0800adf4        0x8 d:/programdata/stm32cudepath/arm-none-eabi/bin/../lib/gcc/arm-none-eabi/12.3.1/thumb/v7e-m/nofp/crtn.o
                0x0800adfc                        . = ALIGN (0x4)
                0x0800adfc                        _etext = .

.vfp11_veneer   0x0800adfc        0x0
 .vfp11_veneer  0x0800adfc        0x0 linker stubs

.v4_bx          0x0800adfc        0x0
 .v4_bx         0x0800adfc        0x0 linker stubs

.iplt           0x0800adfc        0x0
 .iplt          0x0800adfc        0x0 d:/programdata/stm32cudepath/arm-none-eabi/bin/../lib/gcc/arm-none-eabi/12.3.1/thumb/v7e-m/nofp/crtbegin.o

.rodata         0x0800ae00      0x71c
                0x0800ae00                        . = ALIGN (0x4)
 *(.rodata)
 *(.rodata*)
 .rodata.__auchCRCLo
                0x0800ae00      0x100 CMakeFiles/MicroIMU.elf.dir/3rdParty/wit_c_sdk/wit_c_sdk.c.obj
 .rodata.__auchCRCHi
                0x0800af00      0x100 CMakeFiles/MicroIMU.elf.dir/3rdParty/wit_c_sdk/wit_c_sdk.c.obj
 .rodata.APBPrescTable
                0x0800b000        0x8 CMakeFiles/MicroIMU.elf.dir/Core/Src/system_stm32f4xx.c.obj
                0x0800b000                APBPrescTable
 .rodata.AHBPrescTable
                0x0800b008       0x10 CMakeFiles/MicroIMU.elf.dir/Core/Src/system_stm32f4xx.c.obj
                0x0800b008                AHBPrescTable
 .rodata._ZL14AutoScanSensorv.str1.4
                0x0800b018       0x52 CMakeFiles/MicroIMU.elf.dir/HAL/JY901s.cpp.obj
 *fill*         0x0800b06a        0x2 
 .rodata.JY901S_Init.str1.4
                0x0800b06c       0x42 CMakeFiles/MicroIMU.elf.dir/HAL/JY901s.cpp.obj
 *fill*         0x0800b0ae        0x2 
 .rodata.GetImuRawdata.str1.4
                0x0800b0b0       0x2e CMakeFiles/MicroIMU.elf.dir/HAL/JY901s.cpp.obj
 *fill*         0x0800b0de        0x2 
 .rodata.GetImuQuater.str1.4
                0x0800b0e0       0x1d CMakeFiles/MicroIMU.elf.dir/HAL/JY901s.cpp.obj
 *fill*         0x0800b0fd        0x3 
 .rodata.GetImuMag.str1.4
                0x0800b100       0x16 CMakeFiles/MicroIMU.elf.dir/HAL/JY901s.cpp.obj
 *fill*         0x0800b116        0x2 
 .rodata.GetImuEuler.str1.4
                0x0800b118       0x18 CMakeFiles/MicroIMU.elf.dir/HAL/JY901s.cpp.obj
 .rodata._puts_r.str1.4
                0x0800b130       0x18 d:/programdata/stm32cudepath/arm-none-eabi/bin/../lib/gcc/arm-none-eabi/12.3.1/thumb/v7e-m/nofp\libg.a(libc_a-puts.o)
                                  0x2 (size before relaxing)
 .rodata._vfprintf_r.str1.4
                0x0800b130       0x42 d:/programdata/stm32cudepath/arm-none-eabi/bin/../lib/gcc/arm-none-eabi/12.3.1/thumb/v7e-m/nofp\libg.a(libc_a-vfprintf.o)
 *fill*         0x0800b172        0x2 
 .rodata.zeroes.0
                0x0800b174       0x10 d:/programdata/stm32cudepath/arm-none-eabi/bin/../lib/gcc/arm-none-eabi/12.3.1/thumb/v7e-m/nofp\libg.a(libc_a-vfprintf.o)
 .rodata.blanks.1
                0x0800b184       0x10 d:/programdata/stm32cudepath/arm-none-eabi/bin/../lib/gcc/arm-none-eabi/12.3.1/thumb/v7e-m/nofp\libg.a(libc_a-vfprintf.o)
 .rodata._vfiprintf_r.str1.4
                0x0800b194       0x2f d:/programdata/stm32cudepath/arm-none-eabi/bin/../lib/gcc/arm-none-eabi/12.3.1/thumb/v7e-m/nofp\libg.a(libc_a-vfiprintf.o)
 .rodata.zeroes.0
                0x0800b194       0x10 d:/programdata/stm32cudepath/arm-none-eabi/bin/../lib/gcc/arm-none-eabi/12.3.1/thumb/v7e-m/nofp\libg.a(libc_a-vfiprintf.o)
 .rodata.blanks.1
                0x0800b1a4       0x10 d:/programdata/stm32cudepath/arm-none-eabi/bin/../lib/gcc/arm-none-eabi/12.3.1/thumb/v7e-m/nofp\libg.a(libc_a-vfiprintf.o)
 .rodata.str1.4
                0x0800b1b4       0x48 d:/programdata/stm32cudepath/arm-none-eabi/bin/../lib/gcc/arm-none-eabi/12.3.1/thumb/v7e-m/nofp\libg.a(libc_a-locale.o)
                                 0x4c (size before relaxing)
 .rodata._dtoa_r.str1.4
                0x0800b1fc       0x7d d:/programdata/stm32cudepath/arm-none-eabi/bin/../lib/gcc/arm-none-eabi/12.3.1/thumb/v7e-m/nofp\libg.a(libc_a-dtoa.o)
                                 0x81 (size before relaxing)
 *fill*         0x0800b279        0x3 
 .rodata.__multadd.str1.4
                0x0800b27c       0x5a d:/programdata/stm32cudepath/arm-none-eabi/bin/../lib/gcc/arm-none-eabi/12.3.1/thumb/v7e-m/nofp\libg.a(libc_a-mprec.o)
                                 0x6e (size before relaxing)
 *fill*         0x0800b2d6        0x2 
 .rodata.p05.0  0x0800b2d8        0xc d:/programdata/stm32cudepath/arm-none-eabi/bin/../lib/gcc/arm-none-eabi/12.3.1/thumb/v7e-m/nofp\libg.a(libc_a-mprec.o)
 *fill*         0x0800b2e4        0x4 
 .rodata.__mprec_bigtens
                0x0800b2e8       0x28 d:/programdata/stm32cudepath/arm-none-eabi/bin/../lib/gcc/arm-none-eabi/12.3.1/thumb/v7e-m/nofp\libg.a(libc_a-mprec.o)
                0x0800b2e8                __mprec_bigtens
 .rodata.__mprec_tens
                0x0800b310       0xc8 d:/programdata/stm32cudepath/arm-none-eabi/bin/../lib/gcc/arm-none-eabi/12.3.1/thumb/v7e-m/nofp\libg.a(libc_a-mprec.o)
                0x0800b310                __mprec_tens
 .rodata._ctype_
                0x0800b3d8      0x101 d:/programdata/stm32cudepath/arm-none-eabi/bin/../lib/gcc/arm-none-eabi/12.3.1/thumb/v7e-m/nofp\libg.a(libc_a-ctype_.o)
                0x0800b3d8                _ctype_
 *fill*         0x0800b4d9        0x3 
 .rodata.__assert_func.str1.4
                0x0800b4dc       0x3f d:/programdata/stm32cudepath/arm-none-eabi/bin/../lib/gcc/arm-none-eabi/12.3.1/thumb/v7e-m/nofp\libg.a(libc_a-assert.o)
                                 0x43 (size before relaxing)
                0x0800b51c                        . = ALIGN (0x4)
 *fill*         0x0800b51b        0x1 

.ARM.extab      0x0800b51c       0x24
                0x0800b51c                        . = ALIGN (0x4)
 *(.ARM.extab* .gnu.linkonce.armextab.*)
 .ARM.extab.text.User_HalInit
                0x0800b51c        0xc CMakeFiles/MicroIMU.elf.dir/HAL/HAL.cpp.obj
 .ARM.extab.text._ZL7Delaymst
                0x0800b528        0xc CMakeFiles/MicroIMU.elf.dir/HAL/JY901s.cpp.obj
 .ARM.extab.text.JY901S_Init
                0x0800b534        0xc CMakeFiles/MicroIMU.elf.dir/HAL/JY901s.cpp.obj
                0x0800b540                        . = ALIGN (0x4)

.ARM            0x0800b540       0xe8
                0x0800b540                        . = ALIGN (0x4)
                0x0800b540                        __exidx_start = .
 *(.ARM.exidx*)
 .ARM.exidx     0x0800b540        0x8 d:/programdata/stm32cudepath/arm-none-eabi/bin/../lib/gcc/arm-none-eabi/12.3.1/thumb/v7e-m/nofp\libg.a(libc_a-memcpy.o)
 .ARM.exidx     0x0800b548        0x0 d:/programdata/stm32cudepath/arm-none-eabi/bin/../lib/gcc/arm-none-eabi/12.3.1/thumb/v7e-m/nofp\libg.a(libc_a-strlen.o)
                                  0x8 (size before relaxing)
 .ARM.exidx     0x0800b548        0x0 d:/programdata/stm32cudepath/arm-none-eabi/bin/../lib/gcc/arm-none-eabi/12.3.1/thumb/v7e-m/nofp\libg.a(libc_a-memchr.o)
                                  0x8 (size before relaxing)
 .ARM.exidx.text.User_HalInit
                0x0800b548        0x8 CMakeFiles/MicroIMU.elf.dir/HAL/HAL.cpp.obj
 .ARM.exidx.text._ZL16SensorDataUpdatamm
                0x0800b550        0x8 CMakeFiles/MicroIMU.elf.dir/HAL/JY901s.cpp.obj
 .ARM.exidx.text._ZL7Delaymst
                0x0800b558        0x8 CMakeFiles/MicroIMU.elf.dir/HAL/JY901s.cpp.obj
 .ARM.exidx.text._ZL9IIC_Startv
                0x0800b560        0x8 CMakeFiles/MicroIMU.elf.dir/HAL/JY901s.cpp.obj
 .ARM.exidx.text._ZL8IIC_Stopv
                0x0800b568        0x0 CMakeFiles/MicroIMU.elf.dir/HAL/JY901s.cpp.obj
                                  0x8 (size before relaxing)
 .ARM.exidx.text._ZL13I2C_ReadByteshhPhm
                0x0800b568        0x8 CMakeFiles/MicroIMU.elf.dir/HAL/JY901s.cpp.obj
 .ARM.exidx.text._ZL14I2C_WriteByteshhPhm
                0x0800b570        0x0 CMakeFiles/MicroIMU.elf.dir/HAL/JY901s.cpp.obj
                                  0x8 (size before relaxing)
 .ARM.exidx.text._ZL14AutoScanSensorv
                0x0800b570        0x8 CMakeFiles/MicroIMU.elf.dir/HAL/JY901s.cpp.obj
 .ARM.exidx.text.JY901S_Init
                0x0800b578        0x8 CMakeFiles/MicroIMU.elf.dir/HAL/JY901s.cpp.obj
 .ARM.exidx.text.GetImuRawdata
                0x0800b580        0x8 CMakeFiles/MicroIMU.elf.dir/HAL/JY901s.cpp.obj
 .ARM.exidx.text.GetImuQuater
                0x0800b588        0x8 CMakeFiles/MicroIMU.elf.dir/HAL/JY901s.cpp.obj
 .ARM.exidx.text.GetImuMag
                0x0800b590        0x8 CMakeFiles/MicroIMU.elf.dir/HAL/JY901s.cpp.obj
 .ARM.exidx.text.GetImuEuler
                0x0800b598        0x0 CMakeFiles/MicroIMU.elf.dir/HAL/JY901s.cpp.obj
                                  0x8 (size before relaxing)
 .ARM.exidx.text.Imu_Test
                0x0800b598       0x10 CMakeFiles/MicroIMU.elf.dir/HAL/JY901s.cpp.obj
                                  0x8 (size before relaxing)
 .ARM.exidx.text.__udivmoddi4
                0x0800b5a8        0x0 d:/programdata/stm32cudepath/arm-none-eabi/bin/../lib/gcc/arm-none-eabi/12.3.1/thumb/v7e-m/nofp\libgcc.a(_udivmoddi4.o)
                                  0x8 (size before relaxing)
 .ARM.exidx.text.selfrel_offset31
                0x0800b5a8        0x0 d:/programdata/stm32cudepath/arm-none-eabi/bin/../lib/gcc/arm-none-eabi/12.3.1/thumb/v7e-m/nofp\libgcc.a(unwind-arm.o)
                                  0x8 (size before relaxing)
 .ARM.exidx.text.search_EIT_table
                0x0800b5a8        0x0 d:/programdata/stm32cudepath/arm-none-eabi/bin/../lib/gcc/arm-none-eabi/12.3.1/thumb/v7e-m/nofp\libgcc.a(unwind-arm.o)
                                  0x8 (size before relaxing)
 .ARM.exidx.text.__gnu_unwind_get_pr_addr
                0x0800b5a8        0x0 d:/programdata/stm32cudepath/arm-none-eabi/bin/../lib/gcc/arm-none-eabi/12.3.1/thumb/v7e-m/nofp\libgcc.a(unwind-arm.o)
                                  0x8 (size before relaxing)
 .ARM.exidx.text.get_eit_entry
                0x0800b5a8        0x8 d:/programdata/stm32cudepath/arm-none-eabi/bin/../lib/gcc/arm-none-eabi/12.3.1/thumb/v7e-m/nofp\libgcc.a(unwind-arm.o)
 .ARM.exidx.text.restore_non_core_regs
                0x0800b5b0        0x8 d:/programdata/stm32cudepath/arm-none-eabi/bin/../lib/gcc/arm-none-eabi/12.3.1/thumb/v7e-m/nofp\libgcc.a(unwind-arm.o)
 .ARM.exidx.text._Unwind_decode_typeinfo_ptr.constprop.0
                0x0800b5b8        0x8 d:/programdata/stm32cudepath/arm-none-eabi/bin/../lib/gcc/arm-none-eabi/12.3.1/thumb/v7e-m/nofp\libgcc.a(unwind-arm.o)
 .ARM.exidx.text._Unwind_DebugHook
                0x0800b5c0        0x0 d:/programdata/stm32cudepath/arm-none-eabi/bin/../lib/gcc/arm-none-eabi/12.3.1/thumb/v7e-m/nofp\libgcc.a(unwind-arm.o)
                                  0x8 (size before relaxing)
 .ARM.exidx.text.unwind_phase2
                0x0800b5c0        0x8 d:/programdata/stm32cudepath/arm-none-eabi/bin/../lib/gcc/arm-none-eabi/12.3.1/thumb/v7e-m/nofp\libgcc.a(unwind-arm.o)
 .ARM.exidx.text.unwind_phase2_forced
                0x0800b5c8        0x8 d:/programdata/stm32cudepath/arm-none-eabi/bin/../lib/gcc/arm-none-eabi/12.3.1/thumb/v7e-m/nofp\libgcc.a(unwind-arm.o)
 .ARM.exidx.text.__gnu_Unwind_RaiseException
                0x0800b5d0        0x8 d:/programdata/stm32cudepath/arm-none-eabi/bin/../lib/gcc/arm-none-eabi/12.3.1/thumb/v7e-m/nofp\libgcc.a(unwind-arm.o)
 .ARM.exidx.text.__gnu_Unwind_ForcedUnwind
                0x0800b5d8        0x8 d:/programdata/stm32cudepath/arm-none-eabi/bin/../lib/gcc/arm-none-eabi/12.3.1/thumb/v7e-m/nofp\libgcc.a(unwind-arm.o)
 .ARM.exidx.text.__gnu_Unwind_Resume
                0x0800b5e0        0x8 d:/programdata/stm32cudepath/arm-none-eabi/bin/../lib/gcc/arm-none-eabi/12.3.1/thumb/v7e-m/nofp\libgcc.a(unwind-arm.o)
 .ARM.exidx.text.__gnu_Unwind_Resume_or_Rethrow
                0x0800b5e8        0x8 d:/programdata/stm32cudepath/arm-none-eabi/bin/../lib/gcc/arm-none-eabi/12.3.1/thumb/v7e-m/nofp\libgcc.a(unwind-arm.o)
 .ARM.exidx.text._Unwind_VRS_Get
                0x0800b5f0        0x0 d:/programdata/stm32cudepath/arm-none-eabi/bin/../lib/gcc/arm-none-eabi/12.3.1/thumb/v7e-m/nofp\libgcc.a(unwind-arm.o)
                                  0x8 (size before relaxing)
 .ARM.exidx.text._Unwind_GetGR
                0x0800b5f0        0x0 d:/programdata/stm32cudepath/arm-none-eabi/bin/../lib/gcc/arm-none-eabi/12.3.1/thumb/v7e-m/nofp\libgcc.a(unwind-arm.o)
                                  0x8 (size before relaxing)
 .ARM.exidx.text._Unwind_VRS_Set
                0x0800b5f0        0x0 d:/programdata/stm32cudepath/arm-none-eabi/bin/../lib/gcc/arm-none-eabi/12.3.1/thumb/v7e-m/nofp\libgcc.a(unwind-arm.o)
                                  0x8 (size before relaxing)
 .ARM.exidx.text._Unwind_SetGR
                0x0800b5f0        0x0 d:/programdata/stm32cudepath/arm-none-eabi/bin/../lib/gcc/arm-none-eabi/12.3.1/thumb/v7e-m/nofp\libgcc.a(unwind-arm.o)
                                  0x8 (size before relaxing)
 .ARM.exidx.text.__gnu_Unwind_Backtrace
                0x0800b5f0        0x8 d:/programdata/stm32cudepath/arm-none-eabi/bin/../lib/gcc/arm-none-eabi/12.3.1/thumb/v7e-m/nofp\libgcc.a(unwind-arm.o)
 .ARM.exidx.text.__gnu_unwind_pr_common
                0x0800b5f8        0x8 d:/programdata/stm32cudepath/arm-none-eabi/bin/../lib/gcc/arm-none-eabi/12.3.1/thumb/v7e-m/nofp\libgcc.a(unwind-arm.o)
 .ARM.exidx.text.__aeabi_unwind_cpp_pr0
                0x0800b600        0x8 d:/programdata/stm32cudepath/arm-none-eabi/bin/../lib/gcc/arm-none-eabi/12.3.1/thumb/v7e-m/nofp\libgcc.a(unwind-arm.o)
 .ARM.exidx.text.__aeabi_unwind_cpp_pr1
                0x0800b608        0x0 d:/programdata/stm32cudepath/arm-none-eabi/bin/../lib/gcc/arm-none-eabi/12.3.1/thumb/v7e-m/nofp\libgcc.a(unwind-arm.o)
                                  0x8 (size before relaxing)
 .ARM.exidx.text.__aeabi_unwind_cpp_pr2
                0x0800b608        0x0 d:/programdata/stm32cudepath/arm-none-eabi/bin/../lib/gcc/arm-none-eabi/12.3.1/thumb/v7e-m/nofp\libgcc.a(unwind-arm.o)
                                  0x8 (size before relaxing)
 .ARM.exidx.text._Unwind_VRS_Pop
                0x0800b608        0x8 d:/programdata/stm32cudepath/arm-none-eabi/bin/../lib/gcc/arm-none-eabi/12.3.1/thumb/v7e-m/nofp\libgcc.a(unwind-arm.o)
 .ARM.exidx.text.next_unwind_byte
                0x0800b610        0x8 d:/programdata/stm32cudepath/arm-none-eabi/bin/../lib/gcc/arm-none-eabi/12.3.1/thumb/v7e-m/nofp\libgcc.a(pr-support.o)
 .ARM.exidx.text.__gnu_unwind_execute
                0x0800b618       0x10 d:/programdata/stm32cudepath/arm-none-eabi/bin/../lib/gcc/arm-none-eabi/12.3.1/thumb/v7e-m/nofp\libgcc.a(pr-support.o)
                                  0x8 (size before relaxing)
                0x0800b628                        __exidx_end = .
                0x0800b628                        . = ALIGN (0x4)

.rel.dyn        0x0800b628        0x0
 .rel.iplt      0x0800b628        0x0 d:/programdata/stm32cudepath/arm-none-eabi/bin/../lib/gcc/arm-none-eabi/12.3.1/thumb/v7e-m/nofp/crtbegin.o

.preinit_array  0x0800b628        0x0
                0x0800b628                        . = ALIGN (0x4)
                0x0800b628                        PROVIDE (__preinit_array_start = .)
 *(.preinit_array*)
                0x0800b628                        PROVIDE (__preinit_array_end = .)
                0x0800b628                        . = ALIGN (0x4)

.init_array     0x0800b628        0x8
                0x0800b628                        . = ALIGN (0x4)
                0x0800b628                        PROVIDE (__init_array_start = .)
 *(SORT_BY_NAME(.init_array.*))
 .init_array.00000
                0x0800b628        0x4 d:/programdata/stm32cudepath/arm-none-eabi/bin/../lib/gcc/arm-none-eabi/12.3.1/thumb/v7e-m/nofp\libg.a(libc_a-__call_atexit.o)
 *(.init_array*)
 .init_array    0x0800b62c        0x4 d:/programdata/stm32cudepath/arm-none-eabi/bin/../lib/gcc/arm-none-eabi/12.3.1/thumb/v7e-m/nofp/crtbegin.o
                0x0800b630                        PROVIDE (__init_array_end = .)
                0x0800b630                        . = ALIGN (0x4)

.fini_array     0x0800b630        0x4
                0x0800b630                        . = ALIGN (0x4)
                0x0800b630                        PROVIDE (__fini_array_start = .)
 *(SORT_BY_NAME(.fini_array.*))
 *(.fini_array*)
 .fini_array    0x0800b630        0x4 d:/programdata/stm32cudepath/arm-none-eabi/bin/../lib/gcc/arm-none-eabi/12.3.1/thumb/v7e-m/nofp/crtbegin.o
                0x0800b634                        PROVIDE (__fini_array_end = .)
                0x0800b634                        . = ALIGN (0x4)
                0x0800b634                        _sidata = LOADADDR (.data)

.data           0x20000000      0x6c4 load address 0x0800b634
                0x20000000                        . = ALIGN (0x4)
                0x20000000                        _sdata = .
 *(.data)
 *(.data*)
 .data.s_ucAddr
                0x20000000        0x1 CMakeFiles/MicroIMU.elf.dir/3rdParty/wit_c_sdk/wit_c_sdk.c.obj
 *fill*         0x20000001        0x3 
 .data.SystemCoreClock
                0x20000004        0x4 CMakeFiles/MicroIMU.elf.dir/Core/Src/system_stm32f4xx.c.obj
                0x20000004                SystemCoreClock
 .data.uwTickFreq
                0x20000008        0x1 CMakeFiles/MicroIMU.elf.dir/Drivers/STM32F4xx_HAL_Driver/Src/stm32f4xx_hal.c.obj
                0x20000008                uwTickFreq
 *fill*         0x20000009        0x3 
 .data.uwTickPrio
                0x2000000c        0x4 CMakeFiles/MicroIMU.elf.dir/Drivers/STM32F4xx_HAL_Driver/Src/stm32f4xx_hal.c.obj
                0x2000000c                uwTickPrio
 .data.__sglue  0x20000010        0xc d:/programdata/stm32cudepath/arm-none-eabi/bin/../lib/gcc/arm-none-eabi/12.3.1/thumb/v7e-m/nofp\libg.a(libc_a-findfp.o)
                0x20000010                __sglue
 .data._impure_ptr
                0x2000001c        0x4 d:/programdata/stm32cudepath/arm-none-eabi/bin/../lib/gcc/arm-none-eabi/12.3.1/thumb/v7e-m/nofp\libg.a(libc_a-impure.o)
                0x2000001c                _impure_ptr
 .data._impure_data
                0x20000020      0x120 d:/programdata/stm32cudepath/arm-none-eabi/bin/../lib/gcc/arm-none-eabi/12.3.1/thumb/v7e-m/nofp\libg.a(libc_a-impure.o)
                0x20000020                _impure_data
 .data.__atexit_recursive_mutex
                0x20000140        0x4 d:/programdata/stm32cudepath/arm-none-eabi/bin/../lib/gcc/arm-none-eabi/12.3.1/thumb/v7e-m/nofp\libg.a(libc_a-__call_atexit.o)
                0x20000140                __atexit_recursive_mutex
 .data.__malloc_sbrk_base
                0x20000144        0x4 d:/programdata/stm32cudepath/arm-none-eabi/bin/../lib/gcc/arm-none-eabi/12.3.1/thumb/v7e-m/nofp\libg.a(libc_a-mallocr.o)
                0x20000144                __malloc_sbrk_base
 .data.__malloc_trim_threshold
                0x20000148        0x4 d:/programdata/stm32cudepath/arm-none-eabi/bin/../lib/gcc/arm-none-eabi/12.3.1/thumb/v7e-m/nofp\libg.a(libc_a-mallocr.o)
                0x20000148                __malloc_trim_threshold
 *fill*         0x2000014c        0x4 
 .data.__malloc_av_
                0x20000150      0x408 d:/programdata/stm32cudepath/arm-none-eabi/bin/../lib/gcc/arm-none-eabi/12.3.1/thumb/v7e-m/nofp\libg.a(libc_a-mallocr.o)
                0x20000150                __malloc_av_
 .data.__global_locale
                0x20000558      0x16c d:/programdata/stm32cudepath/arm-none-eabi/bin/../lib/gcc/arm-none-eabi/12.3.1/thumb/v7e-m/nofp\libg.a(libc_a-locale.o)
                0x20000558                __global_locale
 *(.RamFunc)
 *(.RamFunc*)
                0x200006c4                        . = ALIGN (0x4)
                0x200006c4                        _edata = .
                0x0800bcf8                        _siccmram = LOADADDR (.ccmram)

.tm_clone_table
                0x200006c4        0x0 load address 0x0800bcf8
 .tm_clone_table
                0x200006c4        0x0 d:/programdata/stm32cudepath/arm-none-eabi/bin/../lib/gcc/arm-none-eabi/12.3.1/thumb/v7e-m/nofp/crtbegin.o
 .tm_clone_table
                0x200006c4        0x0 d:/programdata/stm32cudepath/arm-none-eabi/bin/../lib/gcc/arm-none-eabi/12.3.1/thumb/v7e-m/nofp/crtend.o

.igot.plt       0x200006c4        0x0 load address 0x0800bcf8
 .igot.plt      0x200006c4        0x0 d:/programdata/stm32cudepath/arm-none-eabi/bin/../lib/gcc/arm-none-eabi/12.3.1/thumb/v7e-m/nofp/crtbegin.o

.ccmram         0x10000000        0x0 load address 0x0800bcf8
                0x10000000                        . = ALIGN (0x4)
                0x10000000                        _sccmram = .
 *(.ccmram)
 *(.ccmram*)
                0x10000000                        . = ALIGN (0x4)
                0x10000000                        _eccmram = .
                0x10000000                        . = ALIGN (0x4)

.bss            0x200006c4      0x6a4
                0x200006c4                        _sbss = .
                0x200006c4                        __bss_start__ = _sbss
 *(.bss)
 *(.bss*)
 .bss.completed.1
                0x200006c4        0x1 d:/programdata/stm32cudepath/arm-none-eabi/bin/../lib/gcc/arm-none-eabi/12.3.1/thumb/v7e-m/nofp/crtbegin.o
 *fill*         0x200006c5        0x3 
 .bss.object.0  0x200006c8       0x18 d:/programdata/stm32cudepath/arm-none-eabi/bin/../lib/gcc/arm-none-eabi/12.3.1/thumb/v7e-m/nofp/crtbegin.o
 .bss.sReg      0x200006e0      0x120 CMakeFiles/MicroIMU.elf.dir/3rdParty/wit_c_sdk/wit_c_sdk.c.obj
                0x200006e0                sReg
 .bss.s_uiReadRegIndex
                0x20000800        0x4 CMakeFiles/MicroIMU.elf.dir/3rdParty/wit_c_sdk/wit_c_sdk.c.obj
 .bss.s_uiProtoclo
                0x20000804        0x4 CMakeFiles/MicroIMU.elf.dir/3rdParty/wit_c_sdk/wit_c_sdk.c.obj
 .bss.s_uiWitDataCnt
                0x20000808        0x4 CMakeFiles/MicroIMU.elf.dir/3rdParty/wit_c_sdk/wit_c_sdk.c.obj
 .bss.s_ucWitDataBuff
                0x2000080c      0x100 CMakeFiles/MicroIMU.elf.dir/3rdParty/wit_c_sdk/wit_c_sdk.c.obj
 .bss.p_WitDelaymsFunc
                0x2000090c        0x4 CMakeFiles/MicroIMU.elf.dir/3rdParty/wit_c_sdk/wit_c_sdk.c.obj
 .bss.p_WitRegUpdateCbFunc
                0x20000910        0x4 CMakeFiles/MicroIMU.elf.dir/3rdParty/wit_c_sdk/wit_c_sdk.c.obj
 .bss.p_WitCanWriteFunc
                0x20000914        0x4 CMakeFiles/MicroIMU.elf.dir/3rdParty/wit_c_sdk/wit_c_sdk.c.obj
 .bss.p_WitI2cReadFunc
                0x20000918        0x4 CMakeFiles/MicroIMU.elf.dir/3rdParty/wit_c_sdk/wit_c_sdk.c.obj
 .bss.p_WitI2cWriteFunc
                0x2000091c        0x4 CMakeFiles/MicroIMU.elf.dir/3rdParty/wit_c_sdk/wit_c_sdk.c.obj
 .bss.p_WitSerialWriteFunc
                0x20000920        0x4 CMakeFiles/MicroIMU.elf.dir/3rdParty/wit_c_sdk/wit_c_sdk.c.obj
 .bss.hi2c2     0x20000924       0x54 CMakeFiles/MicroIMU.elf.dir/Core/Src/i2c.c.obj
                0x20000924                hi2c2
 .bss.__sbrk_heap_end
                0x20000978        0x4 CMakeFiles/MicroIMU.elf.dir/Core/Src/sysmem.c.obj
 .bss.huart2    0x2000097c       0x44 CMakeFiles/MicroIMU.elf.dir/Core/Src/usart.c.obj
                0x2000097c                huart2
 .bss.huart1    0x200009c0       0x44 CMakeFiles/MicroIMU.elf.dir/Core/Src/usart.c.obj
                0x200009c0                huart1
 .bss.uwTick    0x20000a04        0x4 CMakeFiles/MicroIMU.elf.dir/Drivers/STM32F4xx_HAL_Driver/Src/stm32f4xx_hal.c.obj
                0x20000a04                uwTick
 .bss._ZZL14I2C_WriteByteshhPhmE6status
                0x20000a08        0x1 CMakeFiles/MicroIMU.elf.dir/HAL/JY901s.cpp.obj
 .bss._ZZL13I2C_ReadByteshhPhmE6status
                0x20000a09        0x1 CMakeFiles/MicroIMU.elf.dir/HAL/JY901s.cpp.obj
 *fill*         0x20000a0a        0x2 
 .bss._ZZ8Imu_TestE5quter
                0x20000a0c       0x10 CMakeFiles/MicroIMU.elf.dir/HAL/JY901s.cpp.obj
 .bss._ZZ8Imu_TestE9mag_euler
                0x20000a1c       0x18 CMakeFiles/MicroIMU.elf.dir/HAL/JY901s.cpp.obj
 .bss._ZZ8Imu_TestE8acc_gyro
                0x20000a34       0x18 CMakeFiles/MicroIMU.elf.dir/HAL/JY901s.cpp.obj
 .bss._ZL10USER_DEBUG
                0x20000a4c        0x1 CMakeFiles/MicroIMU.elf.dir/HAL/JY901s.cpp.obj
 .bss._ZL13s_cDataUpdate
                0x20000a4d        0x1 CMakeFiles/MicroIMU.elf.dir/HAL/JY901s.cpp.obj
 *fill*         0x20000a4e        0x2 
 .bss.gHuart    0x20000a50        0x4 CMakeFiles/MicroIMU.elf.dir/config/retarget.c.obj
                0x20000a50                gHuart
 .bss.__sf      0x20000a54      0x138 d:/programdata/stm32cudepath/arm-none-eabi/bin/../lib/gcc/arm-none-eabi/12.3.1/thumb/v7e-m/nofp\libg.a(libc_a-findfp.o)
                0x20000a54                __sf
 .bss.__stdio_exit_handler
                0x20000b8c        0x4 d:/programdata/stm32cudepath/arm-none-eabi/bin/../lib/gcc/arm-none-eabi/12.3.1/thumb/v7e-m/nofp\libg.a(libc_a-findfp.o)
                0x20000b8c                __stdio_exit_handler
 .bss.errno     0x20000b90        0x4 d:/programdata/stm32cudepath/arm-none-eabi/bin/../lib/gcc/arm-none-eabi/12.3.1/thumb/v7e-m/nofp\libg.a(libc_a-reent.o)
                0x20000b90                errno
 .bss.__lock___malloc_recursive_mutex
                0x20000b94        0x1 d:/programdata/stm32cudepath/arm-none-eabi/bin/../lib/gcc/arm-none-eabi/12.3.1/thumb/v7e-m/nofp\libg.a(libc_a-lock.o)
                0x20000b94                __lock___malloc_recursive_mutex
 *fill*         0x20000b95        0x3 
 .bss.__lock___atexit_recursive_mutex
                0x20000b98        0x1 d:/programdata/stm32cudepath/arm-none-eabi/bin/../lib/gcc/arm-none-eabi/12.3.1/thumb/v7e-m/nofp\libg.a(libc_a-lock.o)
                0x20000b98                __lock___atexit_recursive_mutex
 *fill*         0x20000b99        0x3 
 .bss.__lock___sfp_recursive_mutex
                0x20000b9c        0x1 d:/programdata/stm32cudepath/arm-none-eabi/bin/../lib/gcc/arm-none-eabi/12.3.1/thumb/v7e-m/nofp\libg.a(libc_a-lock.o)
                0x20000b9c                __lock___sfp_recursive_mutex
 *fill*         0x20000b9d        0x3 
 .bss.__atexit  0x20000ba0        0x4 d:/programdata/stm32cudepath/arm-none-eabi/bin/../lib/gcc/arm-none-eabi/12.3.1/thumb/v7e-m/nofp\libg.a(libc_a-__call_atexit.o)
                0x20000ba0                __atexit
 .bss.__malloc_current_mallinfo
                0x20000ba4       0x28 d:/programdata/stm32cudepath/arm-none-eabi/bin/../lib/gcc/arm-none-eabi/12.3.1/thumb/v7e-m/nofp\libg.a(libc_a-mallocr.o)
                0x20000ba4                __malloc_current_mallinfo
 .bss.__malloc_max_total_mem
                0x20000bcc        0x4 d:/programdata/stm32cudepath/arm-none-eabi/bin/../lib/gcc/arm-none-eabi/12.3.1/thumb/v7e-m/nofp\libg.a(libc_a-mallocr.o)
                0x20000bcc                __malloc_max_total_mem
 .bss.__malloc_max_sbrked_mem
                0x20000bd0        0x4 d:/programdata/stm32cudepath/arm-none-eabi/bin/../lib/gcc/arm-none-eabi/12.3.1/thumb/v7e-m/nofp\libg.a(libc_a-mallocr.o)
                0x20000bd0                __malloc_max_sbrked_mem
 .bss.__malloc_top_pad
                0x20000bd4        0x4 d:/programdata/stm32cudepath/arm-none-eabi/bin/../lib/gcc/arm-none-eabi/12.3.1/thumb/v7e-m/nofp\libg.a(libc_a-mallocr.o)
                0x20000bd4                __malloc_top_pad
 .bss.__atexit0
                0x20000bd8      0x190 d:/programdata/stm32cudepath/arm-none-eabi/bin/../lib/gcc/arm-none-eabi/12.3.1/thumb/v7e-m/nofp\libg.a(libc_a-__atexit.o)
                0x20000bd8                __atexit0
 *(COMMON)
                0x20000d68                        . = ALIGN (0x4)
                0x20000d68                        _ebss = .
                0x20000d68                        __bss_end__ = _ebss

._user_heap_stack
                0x20000d68      0x600
                0x20000d68                        . = ALIGN (0x8)
                [!provide]                        PROVIDE (end = .)
                0x20000d68                        PROVIDE (_end = .)
                0x20000f68                        . = (. + _Min_Heap_Size)
 *fill*         0x20000d68      0x200 
                0x20001368                        . = (. + _Min_Stack_Size)
 *fill*         0x20000f68      0x400 
                0x20001368                        . = ALIGN (0x8)

/DISCARD/
 libc.a(*)
 libm.a(*)
 libgcc.a(*)

.ARM.attributes
                0x00000000       0x2a
 *(.ARM.attributes)
 .ARM.attributes
                0x00000000       0x1e d:/programdata/stm32cudepath/arm-none-eabi/bin/../lib/gcc/arm-none-eabi/12.3.1/thumb/v7e-m/nofp/crti.o
 .ARM.attributes
                0x0000001e       0x2e d:/programdata/stm32cudepath/arm-none-eabi/bin/../lib/gcc/arm-none-eabi/12.3.1/thumb/v7e-m/nofp/crtbegin.o
 .ARM.attributes
                0x0000004c       0x2e CMakeFiles/MicroIMU.elf.dir/3rdParty/wit_c_sdk/wit_c_sdk.c.obj
 .ARM.attributes
                0x0000007a       0x2e CMakeFiles/MicroIMU.elf.dir/Core/Src/gpio.c.obj
 .ARM.attributes
                0x000000a8       0x2e CMakeFiles/MicroIMU.elf.dir/Core/Src/i2c.c.obj
 .ARM.attributes
                0x000000d6       0x2e CMakeFiles/MicroIMU.elf.dir/Core/Src/main.c.obj
 .ARM.attributes
                0x00000104       0x2e CMakeFiles/MicroIMU.elf.dir/Core/Src/stm32f4xx_hal_msp.c.obj
 .ARM.attributes
                0x00000132       0x2e CMakeFiles/MicroIMU.elf.dir/Core/Src/stm32f4xx_it.c.obj
 .ARM.attributes
                0x00000160       0x2e CMakeFiles/MicroIMU.elf.dir/Core/Src/syscalls.c.obj
 .ARM.attributes
                0x0000018e       0x2e CMakeFiles/MicroIMU.elf.dir/Core/Src/sysmem.c.obj
 .ARM.attributes
                0x000001bc       0x2e CMakeFiles/MicroIMU.elf.dir/Core/Src/system_stm32f4xx.c.obj
 .ARM.attributes
                0x000001ea       0x2e CMakeFiles/MicroIMU.elf.dir/Core/Src/usart.c.obj
 .ARM.attributes
                0x00000218       0x21 CMakeFiles/MicroIMU.elf.dir/Core/Startup/startup_stm32f407zetx.s.obj
 .ARM.attributes
                0x00000239       0x2e CMakeFiles/MicroIMU.elf.dir/Drivers/STM32F4xx_HAL_Driver/Src/stm32f4xx_hal.c.obj
 .ARM.attributes
                0x00000267       0x2e CMakeFiles/MicroIMU.elf.dir/Drivers/STM32F4xx_HAL_Driver/Src/stm32f4xx_hal_cortex.c.obj
 .ARM.attributes
                0x00000295       0x2e CMakeFiles/MicroIMU.elf.dir/Drivers/STM32F4xx_HAL_Driver/Src/stm32f4xx_hal_gpio.c.obj
 .ARM.attributes
                0x000002c3       0x2e CMakeFiles/MicroIMU.elf.dir/Drivers/STM32F4xx_HAL_Driver/Src/stm32f4xx_hal_i2c.c.obj
 .ARM.attributes
                0x000002f1       0x2e CMakeFiles/MicroIMU.elf.dir/Drivers/STM32F4xx_HAL_Driver/Src/stm32f4xx_hal_rcc.c.obj
 .ARM.attributes
                0x0000031f       0x2e CMakeFiles/MicroIMU.elf.dir/Drivers/STM32F4xx_HAL_Driver/Src/stm32f4xx_hal_uart.c.obj
 .ARM.attributes
                0x0000034d       0x2e CMakeFiles/MicroIMU.elf.dir/HAL/HAL.cpp.obj
 .ARM.attributes
                0x0000037b       0x2e CMakeFiles/MicroIMU.elf.dir/HAL/JY901s.cpp.obj
 .ARM.attributes
                0x000003a9       0x2e CMakeFiles/MicroIMU.elf.dir/config/retarget.c.obj
 .ARM.attributes
                0x000003d7       0x1e d:/programdata/stm32cudepath/arm-none-eabi/bin/../lib/gcc/arm-none-eabi/12.3.1/thumb/v7e-m/nofp\libgcc.a(_arm_mulsf3.o)
 .ARM.attributes
                0x000003f5       0x1e d:/programdata/stm32cudepath/arm-none-eabi/bin/../lib/gcc/arm-none-eabi/12.3.1/thumb/v7e-m/nofp\libgcc.a(_arm_addsubdf3.o)
 .ARM.attributes
                0x00000413       0x1e d:/programdata/stm32cudepath/arm-none-eabi/bin/../lib/gcc/arm-none-eabi/12.3.1/thumb/v7e-m/nofp\libgcc.a(_arm_addsubsf3.o)
 .ARM.attributes
                0x00000431       0x1e d:/programdata/stm32cudepath/arm-none-eabi/bin/../lib/gcc/arm-none-eabi/12.3.1/thumb/v7e-m/nofp\libgcc.a(_aeabi_uldivmod.o)
 .ARM.attributes
                0x0000044f       0x2e d:/programdata/stm32cudepath/arm-none-eabi/bin/../lib/gcc/arm-none-eabi/12.3.1/thumb/v7e-m/nofp\libgcc.a(_udivmoddi4.o)
 .ARM.attributes
                0x0000047d       0x2e d:/programdata/stm32cudepath/arm-none-eabi/bin/../lib/gcc/arm-none-eabi/12.3.1/thumb/v7e-m/nofp\libgcc.a(unwind-arm.o)
 .ARM.attributes
                0x000004ab       0x1e d:/programdata/stm32cudepath/arm-none-eabi/bin/../lib/gcc/arm-none-eabi/12.3.1/thumb/v7e-m/nofp\libgcc.a(libunwind.o)
 .ARM.attributes
                0x000004c9       0x2e d:/programdata/stm32cudepath/arm-none-eabi/bin/../lib/gcc/arm-none-eabi/12.3.1/thumb/v7e-m/nofp\libgcc.a(pr-support.o)
 .ARM.attributes
                0x000004f7       0x1e d:/programdata/stm32cudepath/arm-none-eabi/bin/../lib/gcc/arm-none-eabi/12.3.1/thumb/v7e-m/nofp\libgcc.a(_dvmd_tls.o)
 .ARM.attributes
                0x00000515       0x2e d:/programdata/stm32cudepath/arm-none-eabi/bin/../lib/gcc/arm-none-eabi/12.3.1/thumb/v7e-m/nofp\libg.a(libc_a-abort.o)
 .ARM.attributes
                0x00000543       0x2e d:/programdata/stm32cudepath/arm-none-eabi/bin/../lib/gcc/arm-none-eabi/12.3.1/thumb/v7e-m/nofp\libg.a(libc_a-findfp.o)
 .ARM.attributes
                0x00000571       0x2e d:/programdata/stm32cudepath/arm-none-eabi/bin/../lib/gcc/arm-none-eabi/12.3.1/thumb/v7e-m/nofp\libg.a(libc_a-fwalk.o)
 .ARM.attributes
                0x0000059f       0x2e d:/programdata/stm32cudepath/arm-none-eabi/bin/../lib/gcc/arm-none-eabi/12.3.1/thumb/v7e-m/nofp\libg.a(libc_a-printf.o)
 .ARM.attributes
                0x000005cd       0x2e d:/programdata/stm32cudepath/arm-none-eabi/bin/../lib/gcc/arm-none-eabi/12.3.1/thumb/v7e-m/nofp\libg.a(libc_a-puts.o)
 .ARM.attributes
                0x000005fb       0x2e d:/programdata/stm32cudepath/arm-none-eabi/bin/../lib/gcc/arm-none-eabi/12.3.1/thumb/v7e-m/nofp\libg.a(libc_a-setvbuf.o)
 .ARM.attributes
                0x00000629       0x2e d:/programdata/stm32cudepath/arm-none-eabi/bin/../lib/gcc/arm-none-eabi/12.3.1/thumb/v7e-m/nofp\libg.a(libc_a-stdio.o)
 .ARM.attributes
                0x00000657       0x2e d:/programdata/stm32cudepath/arm-none-eabi/bin/../lib/gcc/arm-none-eabi/12.3.1/thumb/v7e-m/nofp\libg.a(libc_a-memset.o)
 .ARM.attributes
                0x00000685       0x2e d:/programdata/stm32cudepath/arm-none-eabi/bin/../lib/gcc/arm-none-eabi/12.3.1/thumb/v7e-m/nofp\libg.a(libc_a-signal.o)
 .ARM.attributes
                0x000006b3       0x2e d:/programdata/stm32cudepath/arm-none-eabi/bin/../lib/gcc/arm-none-eabi/12.3.1/thumb/v7e-m/nofp\libg.a(libc_a-closer.o)
 .ARM.attributes
                0x000006e1       0x2e d:/programdata/stm32cudepath/arm-none-eabi/bin/../lib/gcc/arm-none-eabi/12.3.1/thumb/v7e-m/nofp\libg.a(libc_a-reent.o)
 .ARM.attributes
                0x0000070f       0x2e d:/programdata/stm32cudepath/arm-none-eabi/bin/../lib/gcc/arm-none-eabi/12.3.1/thumb/v7e-m/nofp\libg.a(libc_a-impure.o)
 .ARM.attributes
                0x0000073d       0x2e d:/programdata/stm32cudepath/arm-none-eabi/bin/../lib/gcc/arm-none-eabi/12.3.1/thumb/v7e-m/nofp\libg.a(libc_a-lseekr.o)
 .ARM.attributes
                0x0000076b       0x2e d:/programdata/stm32cudepath/arm-none-eabi/bin/../lib/gcc/arm-none-eabi/12.3.1/thumb/v7e-m/nofp\libg.a(libc_a-readr.o)
 .ARM.attributes
                0x00000799       0x2e d:/programdata/stm32cudepath/arm-none-eabi/bin/../lib/gcc/arm-none-eabi/12.3.1/thumb/v7e-m/nofp\libg.a(libc_a-signalr.o)
 .ARM.attributes
                0x000007c7       0x2e d:/programdata/stm32cudepath/arm-none-eabi/bin/../lib/gcc/arm-none-eabi/12.3.1/thumb/v7e-m/nofp\libg.a(libc_a-writer.o)
 .ARM.attributes
                0x000007f5       0x2e d:/programdata/stm32cudepath/arm-none-eabi/bin/../lib/gcc/arm-none-eabi/12.3.1/thumb/v7e-m/nofp\libg.a(libc_a-errno.o)
 .ARM.attributes
                0x00000823       0x2e d:/programdata/stm32cudepath/arm-none-eabi/bin/../lib/gcc/arm-none-eabi/12.3.1/thumb/v7e-m/nofp\libg.a(libc_a-init.o)
 .ARM.attributes
                0x00000851       0x2e d:/programdata/stm32cudepath/arm-none-eabi/bin/../lib/gcc/arm-none-eabi/12.3.1/thumb/v7e-m/nofp\libg.a(libc_a-lock.o)
 .ARM.attributes
                0x0000087f       0x1c d:/programdata/stm32cudepath/arm-none-eabi/bin/../lib/gcc/arm-none-eabi/12.3.1/thumb/v7e-m/nofp\libg.a(libc_a-memcpy.o)
 .ARM.attributes
                0x0000089b       0x1c d:/programdata/stm32cudepath/arm-none-eabi/bin/../lib/gcc/arm-none-eabi/12.3.1/thumb/v7e-m/nofp\libg.a(libc_a-strlen.o)
 .ARM.attributes
                0x000008b7       0x2e d:/programdata/stm32cudepath/arm-none-eabi/bin/../lib/gcc/arm-none-eabi/12.3.1/thumb/v7e-m/nofp\libg.a(libc_a-__call_atexit.o)
 .ARM.attributes
                0x000008e5       0x2e d:/programdata/stm32cudepath/arm-none-eabi/bin/../lib/gcc/arm-none-eabi/12.3.1/thumb/v7e-m/nofp\libg.a(libc_a-atexit.o)
 .ARM.attributes